Return-Path: <linux-kernel-owner@vger.kernel.org>
Delivered-To: unknown
Received: from linux.intel.com (10.54.29.200:995) by likexu-workstation with
  POP3-SSL; 29 Nov 2018 18:17:29 -0000
X-Original-To: like.xu@linux.intel.com
Delivered-To: like.xu@linux.intel.com
Received: from orsmga008.jf.intel.com (orsmga008.jf.intel.com [10.7.209.65])
	(using TLSv1.2 with cipher ECDHE-RSA-AES256-GCM-SHA384 (256/256 bits))
	(No client certificate requested)
	by linux.intel.com (Postfix) with ESMTPS id D8D79580460;
	Wed, 28 Nov 2018 22:36:08 -0800 (PST)
Received: from fmsmga101.fm.intel.com ([10.1.193.65])
  by orsmga008-1.jf.intel.com with ESMTP/TLS/DHE-RSA-AES256-GCM-SHA384; 28 Nov 2018 22:36:07 -0800
X-SG-BADATTACHMENTNOREPLY: True
IronPort-PHdr: =?us-ascii?q?9a23=3AUWN1GR2DV2Brmtb5smDT+DRfVm0co7zxezQtwd8Z?=
 =?us-ascii?q?segQK/nxwZ3uMQTl6Ol3ixeRBMOHs6IC07KempujcFRI2YyGvnEGfc4EfD4+ou?=
 =?us-ascii?q?JSoTYdBtWYA1bwNv/gYn9yNs1DUFh44yPzahANS47xaFLIv3K98yMZFAnhOgpp?=
 =?us-ascii?q?POT1HZPZg9iq2+yo9JDffwZFiCChbb9uMR67sRjfus4KjIV4N60/0AHJonxGe+?=
 =?us-ascii?q?RXwWNnO1eelAvi68mz4ZBu7T1et+ou+MBcX6r6eb84TaFDAzQ9L281/szrugLd?=
 =?us-ascii?q?QgaJ+3ART38ZkhtMAwjC8RH6QpL8uTb0u+ZhxCWXO9D9QKsqUjq+8ahkVB7oiD?=
 =?us-ascii?q?8GNzEn9mHXltdwh79frB64uhBz35LYbISTOfFjfK3SYMkaSHJPUMhRSSJPH5m8?=
 =?us-ascii?q?b4UAAOUdIOlXrYfyqVgVrRumBwShH+bvxiNSi3LswaE3yfotHAfb1wIgBdIOt3?=
 =?us-ascii?q?HUoc3oOqgITeC1zLfHwivYb/NWxDzz9JLHchI/rvGKQL1wa9DeyU8yHA7ClVWf?=
 =?us-ascii?q?s5DlPzOT1usXvGiU9fFtVeaui24htgFwrSKjxtkqiobXmoIZ0FHE+j58wIovOd?=
 =?us-ascii?q?K4T0t7bMeiHZBNuS+aMI52TdkjQ2FuoCs6yaMJuYS9fCcUzJQr3Rnfa+aIc4SQ?=
 =?us-ascii?q?7RLjVfqRITdlhH1+Yr6wmxGy8U2mx+bhVce0yE5HojRZntTIrHwByhLe5tadRv?=
 =?us-ascii?q?dg/UqtxSyD2gHR5+1cJU04j7fXJpovz7Iqi5YfrFjPEjXolEnqjKKbcFgv9PKy?=
 =?us-ascii?q?5OT9eLrmo4eRN49qhQH6NaQjgtK/AesmPQgURWSb+vqz1Kfl/ULnRLVGlPo2kr?=
 =?us-ascii?q?PWsJzCJMQboLC2AxNN34o99xqyCy2q3MkWkHUZNl5JZRGKg5TzN1zPIv30FfK/?=
 =?us-ascii?q?jE6tkDdvyfDGJLrhApDVI3jHkbfhe6t96kFFxAow099f/ZRUBa8FIP7qXU/wut?=
 =?us-ascii?q?rYAQEjMwGv3ebnB8ty1pkEVWKMHKCZKqXSvkGM5u41JOmMfoAVtC7nK/c5//7u?=
 =?us-ascii?q?kWM5mVgFcKmt3JsXa263Eu5pIkWEenfshtYBEWEXvgsxVuDqiVuCUSJNaHa2Ra?=
 =?us-ascii?q?4z+jY7CIe+B4fZWo+tmKCB3Du8HpBOZmBJEFGMEWvyeIWDQfsMaD+SLdVnkjwL?=
 =?us-ascii?q?TrWhT44h1ReztA710bZnL+zU+jEGupLnztR6++rTlRQq/zxuE8udy32NT31znm?=
 =?us-ascii?q?4QRT82275wrVZ+yleE16h4hftYGMdX5/NIVAc6KJHdw/Z7C9D0RgLOYNOJREy6?=
 =?us-ascii?q?TdWhBDE7VsgxzMMWY0ZhB9WiiQjO0DCxA78VkLyLB4Y48rjG0HjzPMt9z3fG1K?=
 =?us-ascii?q?88j1gpWMdPNGumhrJh+AjXHYLGj0KZl6Oyf6QGwCHN7HuDzXaJvExAUw5/S6PF?=
 =?us-ascii?q?UWobZkvXt9v54EzCQqSqCbQmNAtB1MGDJrFLat3vkVVJWvPjNM7CbGK2nme6HQ?=
 =?us-ascii?q?yIya+UbIr2Z2Ud2z3QB1UenAAN43mKLwg+CT2no2LFEjNuE1XjY0fv8el7rHO2?=
 =?us-ascii?q?VUs0zwCMb0182Lu54B8VhfqAS/wN2rIIojsuqzJxHFylxdLZF8KApxZ9fKVbed?=
 =?us-ascii?q?4y/U1I1XzHuABnPpyvNaZihkUAfARxpE7u0xR3CoNdkckltn8qzQxyKb6G31NF?=
 =?us-ascii?q?bT+XwZfwOrjPIGno4B+vc7LW2k3Z0NuO5qcP6fE4q1L/vAGpFksu6Wln38NS03?=
 =?us-ascii?q?uG4pXKDQwSUZ3qX0Yz9hh6oazaYyYn64PV031sLbe7sjvY1901A+slzw6qf81D?=
 =?us-ascii?q?P6OcCA/yD8oaCtC0J+wuhVeoYQwLPeBI+KEvIsOpauGJ2KioPOZngjKrlmBH4I?=
 =?us-ascii?q?F70kKR+CtwUO/I35AZw/6G2guLTSvzjFCkssrvg4BLeSkSHnajySjjHINQZrBy?=
 =?us-ascii?q?cZwXBmu0Isy3xs9xh5jiW3ND8F6jBlUG2NKmeBaIblz92xFQ2loToXC9hSS4yD?=
 =?us-ascii?q?l0mSkzrqWDxCzO3/jidB0fN25RRWltkU3jIZKpgNAdRkSoaRYmlAGk5Urj26dU?=
 =?us-ascii?q?vqB/IHTNTkdSeCj2KXpvUq+xtrqEfs5O54kksSRRUOSgf1+aTqTxrAcd0yPmB2?=
 =?us-ascii?q?Fe3iw0dym2upXlmBx3kGKcLHdpoHvZY81w3grf5NrHSP5V3zoGQjR4iDbNCli9?=
 =?us-ascii?q?Odmp4cubl5PZvu+iUGKhU4VZcTP3woOYqCu7+WpqDAW9n/+pgN3nEgs60Sjh29?=
 =?us-ascii?q?lxTyrIrxX8Yojt16ukN+JqZU1oBF7668pnFYByiIowhJcM2XcEgpWZ52YIkWD2?=
 =?us-ascii?q?Md9Dw6LxcGINRSIXw97S+AXk2FdsLnWTy4L7V3WdxNBsZ927YmMQxyI84NpGCK?=
 =?us-ascii?q?aS7LxYgyR1pkC0oh7WYfh4hj0d0+ch6GYGg+EVvwog1iadDaoTHUVCPSzsig6H?=
 =?us-ascii?q?79axrKhMYGavcL6w1FdxnNy7DbGCpB1cV2j9eps4ASBw6cB/OkrW0HLv8oHkZM?=
 =?us-ascii?q?XQbdULux2RkhfAjPJaJIg/l/UUnipnJXzyvWc+xOEllxxu0oq3vIyGK2Vr4aK4?=
 =?us-ascii?q?DQRUNjzzZ8MP5D7tibxSkdqR34CqBp9hACkEXIP0TfK0FzIfrejnNwGLEDEmq3?=
 =?us-ascii?q?aUA7zfHRKE6Ed9rnLCCJSrN3CRJHkEwtRuXhidJEpDgA8KWDU2hII2FgevxMb5?=
 =?us-ascii?q?akd2+igR5kLkqhtL0u9nLAPwUmDbpAe1cDs0TIWfIQFS7gFD4UfVLMOf4vhyHy?=
 =?us-ascii?q?Fe4p2usgiNJnaHaARPCGEDQlaECEz7Prmy+dnA9PCVBuikIPvLf7qOsvZSV+uS?=
 =?us-ascii?q?yZKsz4tm/CuMNsOVMXl5FPA73ktDXXZkG8XWgTkPSioXlz7TYM6fvhuz5ip3rs?=
 =?us-ascii?q?Wn+vTxRA3v/ZePC6dVMdh3+xG2hrqDN/eNhCljLzZUzIgMxXjOyLgQx1MSjyBu?=
 =?us-ascii?q?dz+wEbUPryLNTaTQmrNJAB4fcS98KMxI76ck1AlXJcHbks/11qJ/jvMtC1dKS1?=
 =?us-ascii?q?3hmsKqZcwLOW29N0nHBEGENLuYPz3L3tr3bLi4Sb1RiuVUqhKxtSyaE0/lIjSM?=
 =?us-ascii?q?iT3pWwqzPuFLiSGRJAZet52lchZxFWjjS8rrZQemMNBslz053701imnONW4dKj?=
 =?us-ascii?q?V8d0JNrruN7SJXmPl/GmpB7mZ7IumAgSqW8+7YKpMOu/txHit0j/5a4Gg9y7ZN?=
 =?us-ascii?q?8CFERfl1lDHOodJ0v16mkveAyjx8XRpKqzZLgp+LvEp4NaXY8JlARWjL/BYX4W?=
 =?us-ascii?q?qMDBQKosNvCsfztKBI1tjPiKXzJS9C8t3O+8scAsnUKMSfP3sgMRrmAjjUDAQe?=
 =?us-ascii?q?QD6vNGHfgVFdkf6I+n2UqJg6tobjmJ4URrBHU1w1E6BSNkMwMt0YJ4U/fTMtl/?=
 =?us-ascii?q?bPgs8S4mj4rxnYQu1ev5bOTPXUBu/gfmWjgKFAdicPlIjxMYQeO5b7k3ZraFR8?=
 =?us-ascii?q?kJ7DHQKERtlRoitoYQYcpERL7Wg4UGs+xwTkYAbr63gWQ62ahBkz3zB3feQg+S?=
 =?us-ascii?q?zsq20+JFfMqDE5lgFlgtz5gTaYfzfZKKa2QJEQFSz5qw4wOJa9SAFwO17h1Xd4?=
 =?us-ascii?q?PSvJEuoCx4Brcnpm3UqF4cNC?=
X-IronPort-Anti-Spam-Filtered: true
X-IronPort-Anti-Spam-Result: =?us-ascii?q?A0B1AACKiP9bh0O0hNFkGQEBAQEBAQEBA?=
 =?us-ascii?q?QEBAQcBAQEBAQGBZYFbgQ+BAieMcIspgSVoFGiCP4VjhR6JGoFjDgEBGA8DAQG?=
 =?us-ascii?q?BS4J1gzEiOBIBAwEBAQEBAQIBEwEBAQgNCQgpIwyCNiQBgmIBAQEDAQIPCAEMT?=
 =?us-ascii?q?QUGCQEBChIGCRMSAwwFNRQLCAUWB4I0SwGCAQMBAQqbNYlYAQEBgWozhC0BgQO?=
 =?us-ascii?q?EbQ+KVIElHReBf4EQAYJdNYMFGQICGIEMFAsFAQJAgwmCJgKJEQYICoFuhA0RZ?=
 =?us-ascii?q?lGEWwWKUwmEIoF0aIMthnwjgVpNjnOJeoNcgwCEQQNAgkkCBAYFAhMBgV1IgS5?=
 =?us-ascii?q?NIxU7gU2BHwmCGwIBARaDSoM+gVaBPYEEgwZqAQl7AQGKZQElgicBAQ?=
X-IPAS-Result: =?us-ascii?q?A0B1AACKiP9bh0O0hNFkGQEBAQEBAQEBAQEBAQcBAQEBAQG?=
 =?us-ascii?q?BZYFbgQ+BAieMcIspgSVoFGiCP4VjhR6JGoFjDgEBGA8DAQGBS4J1gzEiOBIBA?=
 =?us-ascii?q?wEBAQEBAQIBEwEBAQgNCQgpIwyCNiQBgmIBAQEDAQIPCAEMTQUGCQEBChIGCRM?=
 =?us-ascii?q?SAwwFNRQLCAUWB4I0SwGCAQMBAQqbNYlYAQEBgWozhC0BgQOEbQ+KVIElHReBf?=
 =?us-ascii?q?4EQAYJdNYMFGQICGIEMFAsFAQJAgwmCJgKJEQYICoFuhA0RZlGEWwWKUwmEIoF?=
 =?us-ascii?q?0aIMthnwjgVpNjnOJeoNcgwCEQQNAgkkCBAYFAhMBgV1IgS5NIxU7gU2BHwmCG?=
 =?us-ascii?q?wIBARaDSoM+gVaBPYEEgwZqAQl7AQGKZQElgicBAQ?=
X-IronPort-AV: E=Sophos;i="5.56,293,1539673200"; 
   d="log'?scan'208";a="64501521"
X-Amp-Result: UNKNOWN
X-Amp-Original-Verdict: FILE UNKNOWN
X-Amp-File-Uploaded: False
Received: from vger.kernel.org ([209.132.180.67])
  by mga01b.intel.com with ESMTP; 28 Nov 2018 22:36:03 -0800
Received: (majordomo@vger.kernel.org) by vger.kernel.org via listexpand
        id S1728020AbeK2Rjj (ORCPT <rfc822;like.xu@linux.intel.com>
        + 23 others); Thu, 29 Nov 2018 12:39:39 -0500
Received: from mx0b-001b2d01.pphosted.com ([148.163.158.5]:59866 "EHLO
        mx0a-001b2d01.pphosted.com" rhost-flags-OK-OK-OK-FAIL)
        by vger.kernel.org with ESMTP id S1727521AbeK2Rji (ORCPT
        <rfc822;linux-kernel@vger.kernel.org>);
        Thu, 29 Nov 2018 12:39:38 -0500
Received: from pps.filterd (m0098421.ppops.net [127.0.0.1])
        by mx0a-001b2d01.pphosted.com (8.16.0.22/8.16.0.22) with SMTP id wAT6YUsb084763
        for <linux-kernel@vger.kernel.org>; Thu, 29 Nov 2018 01:35:11 -0500
Received: from e06smtp05.uk.ibm.com (e06smtp05.uk.ibm.com [195.75.94.101])
        by mx0a-001b2d01.pphosted.com with ESMTP id 2p2aht94mb-1
        (version=TLSv1.2 cipher=AES256-GCM-SHA384 bits=256 verify=NOT)
        for <linux-kernel@vger.kernel.org>; Thu, 29 Nov 2018 01:35:09 -0500
Received: from localhost
        by e06smtp05.uk.ibm.com with IBM ESMTP SMTP Gateway: Authorized Use Only! Violators will be prosecuted
        for <linux-kernel@vger.kernel.org> from <sathnaga@linux.vnet.ibm.com>;
        Thu, 29 Nov 2018 06:35:07 -0000
Received: from b06cxnps3074.portsmouth.uk.ibm.com (9.149.109.194)
        by e06smtp05.uk.ibm.com (192.168.101.135) with IBM ESMTP SMTP Gateway: Authorized Use Only! Violators will be prosecuted;
        (version=TLSv1/SSLv3 cipher=AES256-GCM-SHA384 bits=256/256)
        Thu, 29 Nov 2018 06:35:01 -0000
Received: from b06wcsmtp001.portsmouth.uk.ibm.com (b06wcsmtp001.portsmouth.uk.ibm.com [9.149.105.160])
        by b06cxnps3074.portsmouth.uk.ibm.com (8.14.9/8.14.9/NCO v10.0) with ESMTP id wAT6Z0sR31981730
        (version=TLSv1/SSLv3 cipher=DHE-RSA-AES256-GCM-SHA384 bits=256 verify=FAIL);
        Thu, 29 Nov 2018 06:35:01 GMT
Received: from b06wcsmtp001.portsmouth.uk.ibm.com (unknown [127.0.0.1])
        by IMSVA (Postfix) with ESMTP id DAB96A4068;
        Thu, 29 Nov 2018 06:35:00 +0000 (GMT)
Received: from b06wcsmtp001.portsmouth.uk.ibm.com (unknown [127.0.0.1])
        by IMSVA (Postfix) with ESMTP id D921EA405B;
        Thu, 29 Nov 2018 06:34:55 +0000 (GMT)
Received: from sathnaga86.in.ibm.com (unknown [9.193.110.205])
        by b06wcsmtp001.portsmouth.uk.ibm.com (Postfix) with ESMTPS;
        Thu, 29 Nov 2018 06:34:55 +0000 (GMT)
Date: Thu, 29 Nov 2018 12:04:53 +0530
From: Satheesh Rajendran <sathnaga@linux.vnet.ibm.com>
To: Firoz Khan <firoz.khan@linaro.org>
Cc: Arnd Bergmann <arnd@arndb.de>, linuxppc-dev@lists.ozlabs.org,
        Benjamin Herrenschmidt <benh@kernel.crashing.org>,
        Paul Mackerras <paulus@samba.org>,
        Michael Ellerman <mpe@ellerman.id.au>,
        Ram Pai <linuxram@us.ibm.com>,
        Breno Leitao <leitao@debian.org>,
        Boqun Feng <boqun.feng@gmail.com>,
        Greg Kroah-Hartman <gregkh@linuxfoundation.org>,
        Philippe Ombredanne <pombredanne@nexb.com>,
        Thomas Gleixner <tglx@linutronix.de>,
        Kate Stewart <kstewart@linuxfoundation.org>,
        linux-arch@vger.kernel.org, y2038@lists.linaro.org,
        linux-kernel@vger.kernel.org, marcin.juszkiewicz@linaro.org,
        deepa.kernel@gmail.com
Subject: Re: [PATCH 0/3] System call table generation support
Reply-To: Satheesh Rajendran <sathnaga@linux.vnet.ibm.com>
References: <1536913980-4811-1-git-send-email-firoz.khan@linaro.org>
MIME-Version: 1.0
Content-Type: multipart/mixed; boundary="X1bOJ3K7DJ5YkBrT"
Content-Disposition: inline
In-Reply-To: <1536913980-4811-1-git-send-email-firoz.khan@linaro.org>
User-Agent: Mutt/1.10.1 (2018-07-13)
X-TM-AS-GCONF: 00
x-cbid: 18112906-0020-0000-0000-000002EF62FA
X-IBM-AV-DETECTION: SAVI=unused REMOTE=unused XFE=unused
x-cbparentid: 18112906-0021-0000-0000-0000213EC0B7
Message-Id: <20181129063453.GA29271@sathnaga86.in.ibm.com>
X-Proofpoint-Virus-Version: vendor=fsecure engine=2.50.10434:,, definitions=2018-11-29_04:,,
 signatures=0
X-Proofpoint-Spam-Details: rule=outbound_notspam policy=outbound score=0 priorityscore=1501
 malwarescore=0 suspectscore=0 phishscore=0 bulkscore=0 spamscore=0
 clxscore=1015 lowpriorityscore=0 mlxscore=0 impostorscore=0
 mlxlogscore=999 adultscore=0 classifier=spam adjust=0 reason=mlx
 scancount=1 engine=8.0.1-1810050000 definitions=main-1811290056
Sender: linux-kernel-owner@vger.kernel.org
Precedence: bulk
List-ID: <linux-kernel.vger.kernel.org>
X-Mailing-List: linux-kernel@vger.kernel.org


--X1bOJ3K7DJ5YkBrT
Content-Type: text/plain; charset=us-ascii
Content-Disposition: inline

On Fri, Sep 14, 2018 at 02:02:57PM +0530, Firoz Khan wrote:
> The purpose of this patch series is:
> 1. We can easily add/modify/delete system call by changing entry 
> in syscall.tbl file. No need to manually edit many files.
> 
> 2. It is easy to unify the system call implementation across all 
> the architectures. 
> 
> The system call tables are in different format in all architecture 
> and it will be difficult to manually add or modify the system calls
> in the respective files manually. To make it easy by keeping a script 
> and which'll generate the header file and syscall table file so this 
> change will unify them across all architectures.
> 
> syscall.tbl contains the list of available system calls along with 
> system call number and corresponding entry point. Add a new system 
> call in this architecture will be possible by adding new entry in 
> the syscall.tbl file.
> 
> Adding a new table entry consisting of:
>         - System call number.
>         - ABI.
>         - System call name.
>         - Entry point name.
>         - Compat entry name, if required.
> 
> ARM, s390 and x86 architecuture does exist the similar support. I 
> leverage their implementation to come up with a generic solution.
> 
> I have done the same support for work for alpha, m68k, microblaze, 
> ia64, mips, parisc, sh, sparc, and xtensa. But I started sending 
> the patch for one architecuture for review. Below mentioned git
> repository contains more details.
> Git repo:- https://github.com/frzkhn/system_call_table_generator/
> 
> Finally, this is the ground work for solving the Y2038 issue. We 
> need to add/change two dozen of system calls to solve Y2038 issue. 
> So this patch series will help to easily modify from existing 
> system call to Y2038 compatible system calls.
> 
> I started working system call table generation on 4.17-rc1. I used 
> marcin's script - https://github.com/hrw/syscalls-table to generate 
> the syscall.tbl file. And this will be the input to the system call 
> table generation script. But there are couple system call got add 
> in the latest rc release. If run Marcin's script on latest release,
> It will generate a new syscall.tbl. But I still use the old file - 
> syscall.tbl and once all review got over I'll update syscall.tbl 
> alone w.r.to the tip of the kernel. The impact of this thing, few 
> of the system call won't work. 
> 
> Firoz Khan (3):
>   powerpc: Replace NR_syscalls macro from asm/unistd.h
>   powerpc: Add system call table generation support
>   powerpc: uapi header and system call table file generation
> 
>  arch/powerpc/Makefile                       |   3 +
>  arch/powerpc/include/asm/Kbuild             |   3 +
>  arch/powerpc/include/asm/unistd.h           |   3 +-
>  arch/powerpc/include/uapi/asm/Kbuild        |   2 +
>  arch/powerpc/include/uapi/asm/unistd.h      | 391 +---------------------------
>  arch/powerpc/kernel/Makefile                |   3 +-
>  arch/powerpc/kernel/syscall_table_32.S      |   9 +
>  arch/powerpc/kernel/syscall_table_64.S      |  17 ++
>  arch/powerpc/kernel/syscalls/Makefile       |  51 ++++
>  arch/powerpc/kernel/syscalls/syscall_32.tbl | 378 +++++++++++++++++++++++++++
>  arch/powerpc/kernel/syscalls/syscall_64.tbl | 372 ++++++++++++++++++++++++++
>  arch/powerpc/kernel/syscalls/syscallhdr.sh  |  37 +++
>  arch/powerpc/kernel/syscalls/syscalltbl.sh  |  38 +++
>  arch/powerpc/kernel/systbl.S                |  50 ----
>  14 files changed, 916 insertions(+), 441 deletions(-)
>  create mode 100644 arch/powerpc/kernel/syscall_table_32.S
>  create mode 100644 arch/powerpc/kernel/syscall_table_64.S
>  create mode 100644 arch/powerpc/kernel/syscalls/Makefile
>  create mode 100644 arch/powerpc/kernel/syscalls/syscall_32.tbl
>  create mode 100644 arch/powerpc/kernel/syscalls/syscall_64.tbl
>  create mode 100644 arch/powerpc/kernel/syscalls/syscallhdr.sh
>  create mode 100644 arch/powerpc/kernel/syscalls/syscalltbl.sh
>  delete mode 100644 arch/powerpc/kernel/systbl.S

Hi,

This patch series failed to boot in IBM Power8 box with below base commit and built with ppc64le_defconfig,
https://git.kernel.org/pub/scm/linux/kernel/git/powerpc/linux.git/commit/?h=merge&id=183cbf93be88d1a4fb572e27b1e08aa0ad853b2f

Complete boot log attached.


[    1.577383] SGI XFS with ACLs, security attributes, no debug enabled
[    1.581550] Bad kernel stack pointer 6e690000 at c000000000e2ceec
[    1.581558] Oops: Bad kernel stack pointer, sig: 6 [#1]
[    1.581562] LE SMP NR_CPUS=2048 NUMA PowerNV
[    1.581567] Modules linked in:
[    1.581572] CPU: 3 PID: 1937 Comm: modprobe Not tainted 4.20.0-rc4-gd35c78239 #1
[    1.581577] NIP:  c000000000e2ceec LR: c00000000000b9e4 CTR: c000000000e2cee0
[    1.581582] REGS: c0000007ffe77d30 TRAP: 0e40   Not tainted  (4.20.0-rc4-gd35c78239)
[    1.581586] MSR:  9000000000009033 <SF,HV,EE,ME,IR,DR,RI,LE>  CR: 48024488  XER: 00000000
[    1.5815
94] CFAR: c00000000000b9e0 IRQMASK: c0000000014d1bd8
[    1.581594] GPR00: 00000000000011e0 000000006e690000 c000000001498900 ffffffffffffff9c
[    1.581594] GPR04: c00000006ecb0ff8 0000000000080000 0000000000000000 7f7f7f7f7f7f7f7f
[    1.581594] GPR08: 0000000000000000 c000001e5104fe90 0000000000000000 c000000000c30ff8
[    1.581594] GPR12: c000000000e2cee0 c0000007ffffd800 4f4c5f4543415254 00007fffb55927d0
[    1.581594] GPR16: 00007fffb55bfbf0 00007fffc087b160 c000000065b70ff8 00007fffc087b5c8
[    1.581594] GPR20: 000000000000000d 0000000000000000 0000000000000000 000000000000
0000
[    1.581594] GPR24: 000000012b660d79 0000000000000000 00007fffb55c0000 0000000000000000
[    1.581594] GPR28: 00007fffb55c1110 0000000000000001 00007fffb55c1050 00007fffc087a880
[    1.58
1637] NIP [c000000000e2ceec] str_spec.65753+0x147da0/0x1f1c5c
[    1.581643] LR [c00000000000b9e4] system_call+0x5c/0x70
[    1.581646] Call Trace:
[    1.581648] Instruction dump:
[    1.581652]
XXXXXXXX XXXXXXXX XXXXXXXX XXXXXXXX XXXXXXXX XXXXXXXX XXXXXXXX XXXXXXXX
[    1.581657] XXXXXXXX XXXXXXXX XXXXXXXX XXXXXXXX XXXXXXXX XXXXXXXX XXXXXXXX XXXXXXXX
[    1.581664] ---[ end trace 37e56b4
4979b6992 ]---
[    1.582355]

Regards,
-Satheesh.
> 
> -- 
> 1.9.1
> 

--X1bOJ3K7DJ5YkBrT
Content-Type: text/plain; charset=us-ascii
Content-Disposition: attachment; filename="debug.log"
Content-Transfer-Encoding: quoted-printable

[console-expect]#
cd /home/kvmci && git clone --depth 1  git@github.com:sathnaga/linux.git -b=
 _v3,4_4__powerpc_generate_uapi_header_and_system_call_table_files_mbox_mer=
ge linux
Cloning into 'linux'...
remote: Enumerating objects: 66330, done.=1B[K
remote: Counting objects:   0% (1/66330)   =1B[K
remote: Counting objects:   0% (73/66330)   =1B[K
remote: Counting objects:   1% (664/66330)   =1B[K
remote: Counting objects:   2% (1327/66330)   =1B[K
remote: Counting objects:   3% (1990/66330)   =1B[K
remote: Counting objects:   4% (2654/66330)   =1B[K
remote: Counting objects:   5% (3317/66330)   =1B[K
remote: Counting objects:   6% (3980/66330)   =1B[K
remote: Counting objects:   7% (4644/66330)   =1B[K
remote: Counting objects:   8% (5307/66330)   =1B[K
remote: Counting objects:   9% (5970/66330)   =1B[K
remote: Counting objects:  10% (6633/66330)   =1B[K
remote: Counting objects:  11% (7297/66330)   =1B[K
remote: Counting objects:  12% (7960/66330)   =1B[K
remote: Counting objects:  13% (8623/66330)   =1B[K
remote: Counting objects:  14% (9287/66330)   =1B[K
remote: Counting objects:  15% (9950/66330)   =1B[K
remote: Counting objects:  16% (10613/66330)   =1B[K
remote: Counting objects:  17% (11277/66330)   =1B[K
remote: Counting objects:  18% (11940/66330)   =1B[K
remote: Counting objects:  19% (12603/66330)   =1B[K
remote: Counting objects:  20% (13266/66330)   =1B[K
remote: Counting objects:  21% (13930/66330)   =1B[K
remote: Counting objects:  22% (14593/66330)   =1B[K
remote: Counting objects:  23% (15256/66330)   =1B[K
remote: Counting objects:  24% (15920/66330)   =1B[K
remote: Counting objects:  25% (16583/66330)   =1B[K
remote: Counting objects:  26% (17246/66330)   =1B[K
remote: Counting objects:  27% (17910/66330)   =1B[K
remote: Counting objects:  28% (18573/66330)   =1B[K
remote: Counting objects:  29% (19236/66330)   =1B[K
remote: Counting objects:  30% (19899/66330)   =1B[K
remote: Counting objects:  31% (20563/66330)   =1B[K
remote: Counting objects:  32% (21226/66330)   =1B[K
remote: Counting objects:  33% (21889/66330)   =1B[K
remote: Counting objects:  34% (22553/66330)   =1B[K
remote: Counting objects:  35% (23216/66330)   =1B[K
remote: Counting objects:  36% (23879/66330)   =1B[K
remote: Counting objects:  37% (24543/66330)   =1B[K
remote: Counting objects:  38% (25206/66330)   =1B[K
remote: Counting objects:  39% (25869/66330)   =1B[K
remote: Counting objects:  39% (26248/66330)   =1B[K
remote: Counting objects:  40% (26532/66330)   =1B[K
remote: Counting objects:  41% (27196/66330)   =1B[K
remote: Counting objects:  42% (27859/66330)   =1B[K
remote: Counting objects:  43% (28522/66330)   =1B[K
remote: Counting objects:  44% (29186/66330)   =1B[K
remote: Counting objects:  45% (29849/66330)   =1B[K
remote: Counting objects:  46% (30512/66330)   =1B[K
remote: Counting objects:  47% (31176/66330)   =1B[K
remote: Counting objects:  48% (31839/66330)   =1B[K
remote: Counting objects:  49% (32502/66330)   =1B[K
remote: Counting objects:  50% (33165/66330)   =1B[K
remote: Counting objects:  51% (33829/66330)   =1B[K
remote: Counting objects:  52% (34492/66330)   =1B[K
remote: Counting objects:  53% (35155/66330)   =1B[K
remote: Counting objects:  54% (35819/66330)   =1B[K
remote: Counting objects:  55% (36482/66330)   =1B[K
remote: Counting objects:  56% (37145/66330)   =1B[K
remote: Counting objects:  57% (37809/66330)   =1B[K
remote: Counting objects:  58% (38472/66330)   =1B[K
remote: Counting objects:  59% (39135/66330)   =1B[K
remote: Counting objects:  60% (39798/66330)   =1B[K
remote: Counting objects:  61% (40462/66330)   =1B[K
remote: Counting objects:  62% (41125/66330)   =1B[K
remote: Counting objects:  63% (41788/66330)   =1B[K
remote: Counting objects:  64% (42452/66330)   =1B[K
remote: Counting objects:  65% (43115/66330)   =1B[K
remote: Counting objects:  66% (43778/66330)   =1B[K
remote: Counting objects:  67% (44442/66330)   =1B[K
remote: Counting objects:  68% (45105/66330)   =1B[K
remote: Counting objects:  69% (45768/66330)   =1B[K
remote: Counting objects:  70% (46431/66330)   =1B[K
remote: Counting objects:  71% (47095/66330)   =1B[K
remote: Counting objects:  72% (47758/66330)   =1B[K
remote: Counting objects:  73% (48421/66330)   =1B[K
remote: Counting objects:  74% (49085/66330)   =1B[K
remote: Counting objects:  75% (49748/66330)   =1B[K
remote: Counting objects:  76% (50411/66330)   =1B[K
remote: Counting objects:  77% (51075/66330)   =1B[K
remote: Counting objects:  78% (51738/66330)   =1B[K
remote: Counting objects:  79% (52401/66330)   =1B[K
remote: Counting objects:  80% (53064/66330)   =1B[K
remote: Counting objects:  81% (53728/66330)   =1B[K
remote: Counting objects:  82% (54391/66330)   =1B[K
remote: Counting objects:  83% (55054/66330)   =1B[K
remote: Counting objects:  84% (55718/66330)   =1B[K
remote: Counting objects:  85% (56381/66330)   =1B[K
remote: Counting objects:  86% (57044/66330)   =1B[K
remote: Counting objects:  87% (57708/66330)   =1B[K
remote: Counting objects:  88% (58371/66330)   =1B[K
remote: Counting objects:  89% (59034/66330)   =1B[K
remote: Counting objects:  90% (59697/66330)   =1B[K
remote: Counting objects:  91% (60361/66330)   =1B[K
remote: Counting objects:  92% (61024/66330)   =1B[K
remote: Counting objects:  93% (61687/66330)   =1B[K
remote: Counting objects:  94% (62351/66330)   =1B[K
remote: Counting objects:  95% (63014/66330)   =1B[K
remote: Counting objects:  96% (63677/66330)   =1B[K
remote: Counting objects:  97% (64341/66330)   =1B[K
remote: Counting objects:  98% (65004/66330)   =1B[K
remote: Counting objects:  99% (65667/66330)   =1B[K
remote: Counting objects: 100% (66330/66330)   =1B[K
remote: Counting objects: 100% (66330/66330), done.=1B[K
remote: Compressing objects:   0% (1/62171)   =1B[K
remote: Compressing objects:   1% (622/62171)   =1B[K
remote: Compressing objects:   2% (1244/62171)   =1B[K
remote: Compressing objects:   3% (1866/62171)   =1B[K
remote: Compressing objects:   4% (2487/62171)   =1B[K
remote: Compressing objects:   5% (3109/62171)   =1B[K
remote: Compressing objects:   6% (3731/62171)   =1B[K
remote: Compressing objects:   7% (4352/62171)   =1B[K
remote: Compressing objects:   8% (4974/62171)   =1B[K
remote: Compressing objects:   9% (5596/62171)   =1B[K
remote: Compressing objects:   9% (6169/62171)   =1B[K
remote: Compressing objects:  10% (6218/62171)   =1B[K
remote: Compressing objects:  11% (6839/62171)   =1B[K
remote: Compressing objects:  12% (7461/62171)   =1B[K
remote: Compressing objects:  13% (8083/62171)   =1B[K
remote: Compressing objects:  14% (8704/62171)   =1B[K
remote: Compressing objects:  15% (9326/62171)   =1B[K
remote: Compressing objects:  16% (9948/62171)   =1B[K
remote: Compressing objects:  16% (10087/62171)   =1B[K
remote: Compressing objects:  17% (10570/62171)   =1B[K
remote: Compressing objects:  18% (11191/62171)   =1B[K
remote: Compressing objects:  19% (11813/62171)   =1B[K
remote: Compressing objects:  20% (12435/62171)   =1B[K
remote: Compressing objects:  21% (13056/62171)   =1B[K
remote: Compressing objects:  22% (13678/62171)   =1B[K
remote: Compressing objects:  23% (14300/62171)   =1B[K
remote: Compressing objects:  24% (14922/62171)   =1B[K
remote: Compressing objects:  25% (15543/62171)   =1B[K
remote: Compressing objects:  26% (16165/62171)   =1B[K
remote: Compressing objects:  26% (16487/62171)   =1B[K
remote: Compressing objects:  27% (16787/62171)   =1B[K
remote: Compressing objects:  28% (17408/62171)   =1B[K
remote: Compressing objects:  29% (18030/62171)   =1B[K
remote: Compressing objects:  30% (18652/62171)   =1B[K
remote: Compressing objects:  31% (19274/62171)   =1B[K
remote: Compressing objects:  32% (19895/62171)   =1B[K
remote: Compressing objects:  32% (20103/62171)   =1B[K
remote: Compressing objects:  33% (20517/62171)   =1B[K
remote: Compressing objects:  34% (21139/62171)   =1B[K
remote: Compressing objects:  34% (21548/62171)   =1B[K
remote: Compressing objects:  35% (21760/62171)   =1B[K
remote: Compressing objects:  36% (22382/62171)   =1B[K
remote: Compressing objects:  37% (23004/62171)   =1B[K
remote: Compressing objects:  38% (23625/62171)   =1B[K
remote: Compressing objects:  38% (24076/62171)   =1B[K
remote: Compressing objects:  39% (24247/62171)   =1B[K
remote: Compressing objects:  40% (24869/62171)   =1B[K
remote: Compressing objects:  41% (25491/62171)   =1B[K
remote: Compressing objects:  42% (26112/62171)   =1B[K
remote: Compressing objects:  43% (26734/62171)   =1B[K
remote: Compressing objects:  44% (27356/62171)   =1B[K
remote: Compressing objects:  44% (27795/62171)   =1B[K
remote: Compressing objects:  45% (27977/62171)   =1B[K
remote: Compressing objects:  46% (28599/62171)   =1B[K
remote: Compressing objects:  47% (29221/62171)   =1B[K
remote: Compressing objects:  48% (29843/62171)   =1B[K
remote: Compressing objects:  49% (30464/62171)   =1B[K
remote: Compressing objects:  49% (30477/62171)   =1B[K
remote: Compressing objects:  50% (31086/62171)   =1B[K
remote: Compressing objects:  51% (31708/62171)   =1B[K
remote: Compressing objects:  51% (31804/62171)   =1B[K
remote: Compressing objects:  52% (32329/62171)   =1B[K
remote: Compressing objects:  53% (32951/62171)   =1B[K
remote: Compressing objects:  53% (33336/62171)   =1B[K
remote: Compressing objects:  54% (33573/62171)   =1B[K
remote: Compressing objects:  55% (34195/62171)   =1B[K
remote: Compressing objects:  55% (34621/62171)   =1B[K
remote: Compressing objects:  56% (34816/62171)   =1B[K
remote: Compressing objects:  57% (35438/62171)   =1B[K
remote: Compressing objects:  57% (36047/62171)   =1B[K
remote: Compressing objects:  58% (36060/62171)   =1B[K
remote: Compressing objects:  59% (36681/62171)   =1B[K
remote: Compressing objects:  60% (37303/62171)   =1B[K
remote: Compressing objects:  60% (37304/62171)   =1B[K
remote: Compressing objects:  61% (37925/62171)   =1B[K
remote: Compressing objects:  62% (38547/62171)   =1B[K
remote: Compressing objects:  62% (38549/62171)   =1B[K
remote: Compressing objects:  63% (39168/62171)   =1B[K
remote: Compressing objects:  64% (39790/62171)   =1B[K
remote: Compressing objects:  64% (40163/62171)   =1B[K
remote: Compressing objects:  65% (40412/62171)   =1B[K
remote: Compressing objects:  66% (41033/62171)   =1B[K
remote: Compressing objects:  66% (41542/62171)   =1B[K
remote: Compressing objects:  67% (41655/62171)   =1B[K
remote: Compressing objects:  68% (42277/62171)   =1B[K
remote: Compressing objects:  68% (42297/62171)   =1B[K
remote: Compressing objects:  69% (42898/62171)   =1B[K
remote: Compressing objects:  69% (43485/62171)   =1B[K
remote: Compressing objects:  70% (43520/62171)   =1B[K
remote: Compressing objects:  71% (44142/62171)   =1B[K
remote: Compressing objects:  71% (44615/62171)   =1B[K
remote: Compressing objects:  72% (44764/62171)   =1B[K
remote: Compressing objects:  73% (45385/62171)   =1B[K
remote: Compressing objects:  73% (45935/62171)   =1B[K
remote: Compressing objects:  74% (46007/62171)   =1B[K
remote: Compressing objects:  74% (46615/62171)   =1B[K
remote: Compressing objects:  75% (46629/62171)   =1B[K
remote: Compressing objects:  76% (47250/62171)   =1B[K
remote: Compressing objects:  77% (47872/62171)   =1B[K
remote: Compressing objects:  77% (48049/62171)   =1B[K
remote: Compressing objects:  78% (48494/62171)   =1B[K
remote: Compressing objects:  79% (49116/62171)   =1B[K
remote: Compressing objects:  79% (49240/62171)   =1B[K
remote: Compressing objects:  80% (49737/62171)   =1B[K
remote: Compressing objects:  81% (50359/62171)   =1B[K
remote: Compressing objects:  81% (50499/62171)   =1B[K
remote: Compressing objects:  82% (50981/62171)   =1B[K
remote: Compressing objects:  83% (51602/62171)   =1B[K
remote: Compressing objects:  83% (51664/62171)   =1B[K
remote: Compressing objects:  84% (52224/62171)   =1B[K
remote: Compressing objects:  84% (52828/62171)   =1B[K
remote: Compressing objects:  85% (52846/62171)   =1B[K
remote: Compressing objects:  86% (53468/62171)   =1B[K
remote: Compressing objects:  87% (54089/62171)   =1B[K
remote: Compressing objects:  87% (54235/62171)   =1B[K
remote: Compressing objects:  88% (54711/62171)   =1B[K
remote: Compressing objects:  89% (55333/62171)   =1B[K
remote: Compressing objects:  89% (55560/62171)   =1B[K
remote: Compressing objects:  90% (55954/62171)   =1B[K
remote: Compressing objects:  91% (56576/62171)   =1B[K
remote: Compressing objects:  91% (56705/62171)   =1B[K
remote: Compressing objects:  92% (57198/62171)   =1B[K
remote: Compressing objects:  93% (57820/62171)   =1B[K
remote: Compressing objects:  94% (58441/62171)   =1B[K
remote: Compressing objects:  95% (59063/62171)   =1B[K
remote: Compressing objects:  96% (59685/62171)   =1B[K
remote: Compressing objects:  97% (60306/62171)   =1B[K
remote: Compressing objects:  98% (60928/62171)   =1B[K
remote: Compressing objects:  99% (61550/62171)   =1B[K
remote: Compressing objects: 100% (62171/62171)   =1B[K
remote: Compressing objects: 100% (62171/62171), done.=1B[K
Receiving objects:   0% (1/66330)  =20
Receiving objects:   1% (664/66330)  =20
Receiving objects:   2% (1327/66330)  =20
Receiving objects:   3% (1990/66330)  =20
Receiving objects:   4% (2654/66330)  =20
Receiving objects:   5% (3317/66330)  =20
Receiving objects:   6% (3980/66330)  =20
Receiving objects:   7% (4644/66330), 3.78 MiB | 7.54 MiB/s  =20
Receiving objects:   8% (5307/66330), 3.78 MiB | 7.54 MiB/s  =20
Receiving objects:   9% (5970/66330), 3.78 MiB | 7.54 MiB/s  =20
Receiving objects:  10% (6633/66330), 3.78 MiB | 7.54 MiB/s  =20
Receiving objects:  10% (6706/66330), 3.78 MiB | 7.54 MiB/s  =20
Receiving objects:  11% (7297/66330), 9.37 MiB | 9.35 MiB/s  =20
Receiving objects:  12% (7960/66330), 9.37 MiB | 9.35 MiB/s  =20
Receiving objects:  13% (8623/66330), 9.37 MiB | 9.35 MiB/s  =20
Receiving objects:  14% (9287/66330), 9.37 MiB | 9.35 MiB/s  =20
Receiving objects:  15% (9950/66330), 9.37 MiB | 9.35 MiB/s  =20
Receiving objects:  16% (10613/66330), 9.37 MiB | 9.35 MiB/s  =20
Receiving objects:  17% (11277/66330), 14.57 MiB | 9.70 MiB/s  =20
Receiving objects:  18% (11940/66330), 14.57 MiB | 9.70 MiB/s  =20
Receiving objects:  19% (12603/66330), 14.57 MiB | 9.70 MiB/s  =20
Receiving objects:  20% (13266/66330), 14.57 MiB | 9.70 MiB/s  =20
Receiving objects:  21% (13930/66330), 14.57 MiB | 9.70 MiB/s  =20
Receiving objects:  21% (13944/66330), 14.57 MiB | 9.70 MiB/s  =20
Receiving objects:  22% (14593/66330), 19.20 MiB | 9.59 MiB/s  =20
Receiving objects:  23% (15256/66330), 19.20 MiB | 9.59 MiB/s  =20
Receiving objects:  24% (15920/66330), 19.20 MiB | 9.59 MiB/s  =20
Receiving objects:  25% (16583/66330), 19.20 MiB | 9.59 MiB/s  =20
Receiving objects:  26% (17246/66330), 19.20 MiB | 9.59 MiB/s  =20
Receiving objects:  27% (17910/66330), 23.94 MiB | 9.57 MiB/s  =20
Receiving objects:  28% (18573/66330), 23.94 MiB | 9.57 MiB/s  =20
Receiving objects:  29% (19236/66330), 23.94 MiB | 9.57 MiB/s  =20
Receiving objects:  30% (19899/66330), 23.94 MiB | 9.57 MiB/s  =20
Receiving objects:  30% (20399/66330), 23.94 MiB | 9.57 MiB/s  =20
Receiving objects:  31% (20563/66330), 28.86 MiB | 9.62 MiB/s  =20
Receiving objects:  32% (21226/66330), 28.86 MiB | 9.62 MiB/s  =20
Receiving objects:  33% (21889/66330), 28.86 MiB | 9.62 MiB/s  =20
Receiving objects:  34% (22553/66330), 32.76 MiB | 9.36 MiB/s  =20
Receiving objects:  35% (23216/66330), 32.76 MiB | 9.36 MiB/s  =20
Receiving objects:  35% (23862/66330), 32.76 MiB | 9.36 MiB/s  =20
Receiving objects:  36% (23879/66330), 36.13 MiB | 9.03 MiB/s  =20
Receiving objects:  37% (24543/66330), 36.13 MiB | 9.03 MiB/s  =20
Receiving objects:  38% (25206/66330), 39.94 MiB | 8.87 MiB/s  =20
Receiving objects:  39% (25869/66330), 39.94 MiB | 8.87 MiB/s  =20
Receiving objects:  39% (26245/66330), 39.94 MiB | 8.87 MiB/s  =20
Receiving objects:  40% (26532/66330), 43.59 MiB | 8.85 MiB/s  =20
Receiving objects:  41% (27196/66330), 43.59 MiB | 8.85 MiB/s  =20
Receiving objects:  41% (27532/66330), 49.32 MiB | 7.72 MiB/s  =20
Receiving objects:  42% (27859/66330), 53.34 MiB | 7.59 MiB/s  =20
Receiving objects:  43% (28522/66330), 53.34 MiB | 7.59 MiB/s  =20
Receiving objects:  44% (29186/66330), 53.34 MiB | 7.59 MiB/s  =20
Receiving objects:  44% (29273/66330), 53.34 MiB | 7.59 MiB/s  =20
Receiving objects:  45% (29849/66330), 57.98 MiB | 7.57 MiB/s  =20
Receiving objects:  46% (30512/66330), 57.98 MiB | 7.57 MiB/s  =20
Receiving objects:  47% (31176/66330), 62.26 MiB | 7.42 MiB/s  =20
Receiving objects:  48% (31839/66330), 62.26 MiB | 7.42 MiB/s  =20
Receiving objects:  48% (32414/66330), 62.26 MiB | 7.42 MiB/s  =20
Receiving objects:  49% (32502/66330), 66.50 MiB | 7.50 MiB/s  =20
Receiving objects:  50% (33165/66330), 66.50 MiB | 7.50 MiB/s  =20
Receiving objects:  51% (33829/66330), 70.67 MiB | 7.67 MiB/s  =20
Receiving objects:  51% (34388/66330), 74.28 MiB | 7.63 MiB/s  =20
Receiving objects:  52% (34492/66330), 74.28 MiB | 7.63 MiB/s  =20
Receiving objects:  53% (35155/66330), 74.28 MiB | 7.63 MiB/s  =20
Receiving objects:  54% (35819/66330), 78.46 MiB | 7.75 MiB/s  =20
Receiving objects:  55% (36482/66330), 78.46 MiB | 7.75 MiB/s  =20
Receiving objects:  55% (36962/66330), 78.46 MiB | 7.75 MiB/s  =20
Receiving objects:  56% (37145/66330), 82.54 MiB | 7.81 MiB/s  =20
Receiving objects:  57% (37809/66330), 82.54 MiB | 7.81 MiB/s  =20
Receiving objects:  58% (38472/66330), 86.89 MiB | 8.35 MiB/s  =20
Receiving objects:  58% (38699/66330), 86.89 MiB | 8.35 MiB/s  =20
Receiving objects:  59% (39135/66330), 90.06 MiB | 8.16 MiB/s  =20
Receiving objects:  60% (39798/66330), 93.28 MiB | 7.84 MiB/s  =20
Receiving objects:  60% (39926/66330), 93.28 MiB | 7.84 MiB/s  =20
Receiving objects:  61% (40462/66330), 96.56 MiB | 7.62 MiB/s  =20
Receiving objects:  62% (41125/66330), 100.32 MiB | 7.51 MiB/s  =20
Receiving objects:  62% (41303/66330), 100.32 MiB | 7.51 MiB/s  =20
Receiving objects:  63% (41788/66330), 103.75 MiB | 7.34 MiB/s  =20
Receiving objects:  64% (42452/66330), 107.31 MiB | 7.33 MiB/s  =20
Receiving objects:  65% (43115/66330), 107.31 MiB | 7.33 MiB/s  =20
Receiving objects:  65% (43316/66330), 107.31 MiB | 7.33 MiB/s  =20
Receiving objects:  66% (43778/66330), 111.11 MiB | 7.25 MiB/s  =20
Receiving objects:  67% (44442/66330), 111.11 MiB | 7.25 MiB/s  =20
Receiving objects:  67% (44999/66330), 114.94 MiB | 7.19 MiB/s  =20
Receiving objects:  68% (45105/66330), 118.25 MiB | 6.94 MiB/s  =20
Receiving objects:  69% (45768/66330), 121.57 MiB | 6.98 MiB/s  =20
Receiving objects:  70% (46431/66330), 121.57 MiB | 6.98 MiB/s  =20
Receiving objects:  70% (46902/66330), 121.57 MiB | 6.98 MiB/s  =20
Receiving objects:  71% (47095/66330), 125.04 MiB | 7.03 MiB/s  =20
Receiving objects:  72% (47758/66330), 125.04 MiB | 7.03 MiB/s  =20
Receiving objects:  73% (48421/66330), 128.26 MiB | 7.02 MiB/s  =20
Receiving objects:  73% (48662/66330), 128.26 MiB | 7.02 MiB/s  =20
Receiving objects:  74% (49085/66330), 131.68 MiB | 6.95 MiB/s  =20
Receiving objects:  75% (49748/66330), 131.68 MiB | 6.95 MiB/s  =20
Receiving objects:  76% (50411/66330), 136.07 MiB | 7.16 MiB/s  =20
Receiving objects:  76% (50650/66330), 136.07 MiB | 7.16 MiB/s  =20
Receiving objects:  77% (51075/66330), 139.36 MiB | 7.10 MiB/s  =20
Receiving objects:  78% (51738/66330), 142.46 MiB | 6.94 MiB/s  =20
Receiving objects:  79% (52401/66330), 142.46 MiB | 6.94 MiB/s  =20
Receiving objects:  79% (52977/66330), 142.46 MiB | 6.94 MiB/s  =20
Receiving objects:  80% (53064/66330), 142.46 MiB | 6.94 MiB/s  =20
Receiving objects:  81% (53728/66330), 146.50 MiB | 6.99 MiB/s  =20
Receiving objects:  82% (54391/66330), 146.50 MiB | 6.99 MiB/s  =20
Receiving objects:  83% (55054/66330), 146.50 MiB | 6.99 MiB/s  =20
Receiving objects:  84% (55718/66330), 146.50 MiB | 6.99 MiB/s  =20
Receiving objects:  85% (56381/66330), 150.96 MiB | 7.25 MiB/s  =20
Receiving objects:  86% (57044/66330), 150.96 MiB | 7.25 MiB/s  =20
Receiving objects:  86% (57487/66330), 150.96 MiB | 7.25 MiB/s  =20
Receiving objects:  87% (57708/66330), 155.18 MiB | 7.45 MiB/s  =20
Receiving objects:  88% (58371/66330), 155.18 MiB | 7.45 MiB/s  =20
Receiving objects:  89% (59034/66330), 158.97 MiB | 7.52 MiB/s  =20
Receiving objects:  89% (59509/66330), 158.97 MiB | 7.52 MiB/s  =20
Receiving objects:  90% (59697/66330), 162.74 MiB | 7.64 MiB/s  =20
Receiving objects:  91% (60361/66330), 162.74 MiB | 7.64 MiB/s  =20
Receiving objects:  92% (61024/66330), 162.74 MiB | 7.64 MiB/s  =20
Receiving objects:  93% (61687/66330), 166.41 MiB | 7.70 MiB/s  =20
Receiving objects:  93% (61944/66330), 166.41 MiB | 7.70 MiB/s  =20
Receiving objects:  94% (62351/66330), 169.82 MiB | 7.48 MiB/s  =20
Receiving objects:  95% (63014/66330), 169.82 MiB | 7.48 MiB/s  =20
Receiving objects:  96% (63677/66330), 173.47 MiB | 7.57 MiB/s  =20
Receiving objects:  97% (64341/66330), 173.47 MiB | 7.57 MiB/s  =20
Receiving objects:  98% (65004/66330), 173.47 MiB | 7.57 MiB/s  =20
Receiving objects:  99% (65667/66330), 173.47 MiB | 7.57 MiB/s  =20
Receiving objects: 100% (66330/66330), 173.47 MiB | 7.57 MiB/s  =20
Receiving objects: 100% (66330/66330), 177.05 MiB | 7.70 MiB/s, done.
Resolving deltas:   0% (0/5370)  =20
Resolving deltas:   1% (54/5370)  =20
Resolving deltas:   2% (110/5370)  =20
remote: Total 66330 (delta 5370), reused 16695 (delta 3229), pack-reused 0=
=1B[K
Resolving deltas:   3% (162/5370)  =20
Resolving deltas:   4% (216/5370)  =20
Resolving deltas:   5% (269/5370)  =20
Resolving deltas:   6% (324/5370)  =20
Resolving deltas:   7% (376/5370)  =20
Resolving deltas:   8% (434/5370)  =20
Resolving deltas:   9% (485/5370)  =20
Resolving deltas:  10% (537/5370)  =20
Resolving deltas:  11% (593/5370)  =20
Resolving deltas:  12% (646/5370)  =20
Resolving deltas:  13% (699/5370)  =20
Resolving deltas:  14% (752/5370)  =20
Resolving deltas:  15% (808/5370)  =20
Resolving deltas:  16% (861/5370)  =20
Resolving deltas:  17% (916/5370)  =20
Resolving deltas:  18% (970/5370)  =20
Resolving deltas:  19% (1022/5370)  =20
Resolving deltas:  20% (1074/5370)  =20
Resolving deltas:  21% (1129/5370)  =20
Resolving deltas:  22% (1183/5370)  =20
Resolving deltas:  23% (1237/5370)  =20
Resolving deltas:  24% (1289/5370)  =20
Resolving deltas:  25% (1345/5370)  =20
Resolving deltas:  26% (1397/5370)  =20
Resolving deltas:  27% (1450/5370)  =20
Resolving deltas:  28% (1504/5370)  =20
Resolving deltas:  29% (1558/5370)  =20
Resolving deltas:  30% (1611/5370)  =20
Resolving deltas:  31% (1667/5370)  =20
Resolving deltas:  32% (1719/5370)  =20
Resolving deltas:  33% (1773/5370)  =20
Resolving deltas:  34% (1827/5370)  =20
Resolving deltas:  35% (1880/5370)  =20
Resolving deltas:  36% (1935/5370)  =20
Resolving deltas:  37% (1987/5370)  =20
Resolving deltas:  38% (2041/5370)  =20
Resolving deltas:  39% (2095/5370)  =20
Resolving deltas:  40% (2150/5370)  =20
Resolving deltas:  41% (2202/5370)  =20
Resolving deltas:  42% (2256/5370)  =20
Resolving deltas:  43% (2310/5370)  =20
Resolving deltas:  44% (2367/5370)  =20
Resolving deltas:  45% (2420/5370)  =20
Resolving deltas:  46% (2479/5370)  =20
Resolving deltas:  47% (2525/5370)  =20
Resolving deltas:  48% (2581/5370)  =20
Resolving deltas:  49% (2632/5370)  =20
Resolving deltas:  50% (2686/5370)  =20
Resolving deltas:  51% (2739/5370)  =20
Resolving deltas:  52% (2793/5370)  =20
Resolving deltas:  53% (2848/5370)  =20
Resolving deltas:  54% (2900/5370)  =20
Resolving deltas:  55% (2954/5370)  =20
Resolving deltas:  56% (3009/5370)  =20
Resolving deltas:  57% (3066/5370)  =20
Resolving deltas:  58% (3115/5370)  =20
Resolving deltas:  59% (3169/5370)  =20
Resolving deltas:  60% (3229/5370)  =20
Resolving deltas:  61% (3279/5370)  =20
Resolving deltas:  62% (3331/5370)  =20
Resolving deltas:  63% (3384/5370)  =20
Resolving deltas:  64% (3437/5370)  =20
Resolving deltas:  65% (3493/5370)  =20
Resolving deltas:  66% (3547/5370)  =20
Resolving deltas:  67% (3599/5370)  =20
Resolving deltas:  68% (3662/5370)  =20
Resolving deltas:  69% (3706/5370)  =20
Resolving deltas:  70% (3759/5370)  =20
Resolving deltas:  71% (3813/5370)  =20
Resolving deltas:  72% (3867/5370)  =20
Resolving deltas:  73% (3921/5370)  =20
Resolving deltas:  74% (3974/5370)  =20
Resolving deltas:  75% (4028/5370)  =20
Resolving deltas:  76% (4082/5370)  =20
Resolving deltas:  77% (4135/5370)  =20
Resolving deltas:  78% (4189/5370)  =20
Resolving deltas:  79% (4247/5370)  =20
Resolving deltas:  80% (4299/5370)  =20
Resolving deltas:  81% (4350/5370)  =20
Resolving deltas:  82% (4404/5370)  =20
Resolving deltas:  83% (4458/5370)  =20
Resolving deltas:  84% (4511/5370)  =20
Resolving deltas:  85% (4565/5370)  =20
Resolving deltas:  86% (4619/5370)  =20
Resolving deltas:  87% (4672/5370)  =20
Resolving deltas:  88% (4726/5370)  =20
Resolving deltas:  89% (4780/5370)  =20
Resolving deltas:  90% (4833/5370)  =20
Resolving deltas:  91% (4887/5370)  =20
Resolving deltas:  92% (4941/5370)  =20
Resolving deltas:  93% (4995/5370)  =20
Resolving deltas:  94% (5048/5370)  =20
Resolving deltas:  95% (5102/5370)  =20
Resolving deltas:  96% (5163/5370)  =20
Resolving deltas:  97% (5211/5370)  =20
Resolving deltas:  98% (5263/5370)  =20
Resolving deltas:  99% (5317/5370)  =20
Resolving deltas: 100% (5370/5370)  =20
Resolving deltas: 100% (5370/5370), done.
Checking out files:  28% (17710/62473)  =20
Checking out files:  29% (18118/62473)  =20
Checking out files:  30% (18742/62473)  =20
Checking out files:  31% (19367/62473)  =20
Checking out files:  32% (19992/62473)  =20
Checking out files:  33% (20617/62473)  =20
Checking out files:  34% (21241/62473)  =20
Checking out files:  35% (21866/62473)  =20
Checking out files:  36% (22491/62473)  =20
Checking out files:  37% (23116/62473)  =20
Checking out files:  38% (23740/62473)  =20
Checking out files:  39% (24365/62473)  =20
Checking out files:  40% (24990/62473)  =20
Checking out files:  41% (25614/62473)  =20
Checking out files:  42% (26239/62473)  =20
Checking out files:  43% (26864/62473)  =20
Checking out files:  44% (27489/62473)  =20
Checking out files:  44% (27764/62473)  =20
Checking out files:  45% (28113/62473)  =20
Checking out files:  46% (28738/62473)  =20
Checking out files:  47% (29363/62473)  =20
Checking out files:  48% (29988/62473)  =20
Checking out files:  49% (30612/62473)  =20
Checking out files:  50% (31237/62473)  =20
Checking out files:  51% (31862/62473)  =20
Checking out files:  52% (32486/62473)  =20
Checking out files:  53% (33111/62473)  =20
Checking out files:  54% (33736/62473)  =20
Checking out files:  55% (34361/62473)  =20
Checking out files:  56% (34985/62473)  =20
Checking out files:  57% (35610/62473)  =20
Checking out files:  58% (36235/62473)  =20
Checking out files:  59% (36860/62473)  =20
Checking out files:  60% (37484/62473)  =20
Checking out files:  60% (37662/62473)  =20
Checking out files:  61% (38109/62473)  =20
Checking out files:  62% (38734/62473)  =20
Checking out files:  63% (39358/62473)  =20
Checking out files:  64% (39983/62473)  =20
Checking out files:  65% (40608/62473)  =20
Checking out files:  66% (41233/62473)  =20
Checking out files:  67% (41857/62473)  =20
Checking out files:  68% (42482/62473)  =20
Checking out files:  69% (43107/62473)  =20
Checking out files:  70% (43732/62473)  =20
Checking out files:  71% (44356/62473)  =20
Checking out files:  72% (44981/62473)  =20
Checking out files:  73% (45606/62473)  =20
Checking out files:  74% (46231/62473)  =20
Checking out files:  75% (46855/62473)  =20
Checking out files:  75% (47090/62473)  =20
Checking out files:  76% (47480/62473)  =20
Checking out files:  77% (48105/62473)  =20
Checking out files:  78% (48729/62473)  =20
Checking out files:  79% (49354/62473)  =20
Checking out files:  80% (49979/62473)  =20
Checking out files:  81% (50604/62473)  =20
Checking out files:  82% (51228/62473)  =20
Checking out files:  83% (51853/62473)  =20
Checking out files:  84% (52478/62473)  =20
Checking out files:  85% (53103/62473)  =20
Checking out files:  86% (53727/62473)  =20
Checking out files:  87% (54352/62473)  =20
Checking out files:  88% (54977/62473)  =20
Checking out files:  89% (55601/62473)  =20
Checking out files:  90% (56226/62473)  =20
Checking out files:  91% (56851/62473)  =20
Checking out files:  92% (57476/62473)  =20
Checking out files:  93% (58100/62473)  =20
Checking out files:  94% (58725/62473)  =20
Checking out files:  94% (58787/62473)  =20
Checking out files:  95% (59350/62473)  =20
Checking out files:  96% (59975/62473)  =20
Checking out files:  97% (60599/62473)  =20
Checking out files:  98% (61224/62473)  =20
Checking out files:  99% (61849/62473)  =20
Checking out files: 100% (62473/62473)  =20
Checking out files: 100% (62473/62473), done.
[console-expect]#
echo $?
0
[console-expect]#
cd /home/kvmci/linux
[console-expect]#
echo $?
0
[console-expect]#
Downloading linux kernel config
make ppc64le_defconfig
Using ./arch/powerpc/configs/ppc64_defconfig as base
Merging ./arch/powerpc/configs/le.config
#
# merged configuration written to .config (needs make)
#
  HOSTCC  scripts/basic/fixdep
  HOSTCC  scripts/kconfig/conf.o
  YACC    scripts/kconfig/zconf.tab.c
  LEX     scripts/kconfig/zconf.lex.c
  HOSTCC  scripts/kconfig/zconf.tab.o
  HOSTLD  scripts/kconfig/conf
scripts/kconfig/conf  --olddefconfig Kconfig
#
# configuration written to .config
#
[console-expect]#
echo $?
0
[console-expect]#
Compile and install linux kernel
make -j 21 -s && make modules && make modules_install && make install
WARNING: modpost: Found 3 section mismatch(es).
To see full details build your kernel with:
'make CONFIG_DEBUG_SECTION_MISMATCH=3Dy'
ld: warning: orphan section `.gnu.hash
' from `linker stubs' being placed in section `.gnu.hash'
ld: warning: orphan section `.gnu.hash' from `linker stubs' being placed in=
 section `.gnu.hash'
ld: warning: orphan section `.gnu.hash' from `linker stubs' being placed in=
 section `.gnu.hash'
  CALL    scripts/checksyscalls.sh
  CC      scripts/mod/empty.o
  MKELF   scripts/mod/elfconfig.h
  HOSTCC  scripts/mod/modpost.o
  CC      scripts/mod/devicetable-offsets.s
  HOSTCC  scripts/mod/file2alias.o
  HOSTCC  scripts/mod/sumversion.o
  HOSTLD  scripts/mod/modpost
  Building modules, stage 2.
  MODPOST 264 modules
  INSTALL arch/powerpc/crypto/crc32c-vpmsum.ko
  INSTALL arch/powerpc/crypto/md5-ppc.ko
  INSTALL arch/powerpc/crypto/sha1-powerpc.ko
  INSTALL arch/powerpc/kernel/rtas_flash.ko
  INSTALL arch/powerpc/kvm/kvm-hv.ko
  INSTALL arch/powerpc/kvm/kvm.ko
  INSTALL arch/powerpc/oprofile/oprofile.ko
  INSTALL arch/powerpc/platforms/pseries/hvcserver.ko
  INSTALL arch/powerpc/platforms/pseries/scanlog.ko
  INSTALL crypto/anubis.ko
  INSTALL crypto/arc4.ko
  INSTALL crypto/async_tx/async_memcpy.ko
  INSTALL crypto/async_tx/async_pq.ko
  INSTALL crypto/async_tx/async_raid6_recov.ko
  INSTALL crypto/async_tx/async_tx.ko
  INSTALL crypto/async_tx/async_xor.ko
  INSTALL crypto/authenc.ko
  INSTALL crypto/authencesn.ko
  INSTALL crypto/blowfish_common.ko
  INSTALL crypto/blowfish_generic.ko
  INSTALL crypto/cast6_generic.ko
  INSTALL crypto/cast_common.ko
  INSTALL crypto/cbc.ko
  INSTALL crypto/ccm.ko
  INSTALL crypto/cmac.ko
  INSTALL crypto/crct10dif_common.ko
  INSTALL crypto/crct10dif_generic.ko
  INSTALL crypto/crypto_engine.ko
  INSTALL crypto/ctr.ko
  INSTALL crypto/deflate.ko
  INSTALL crypto/des_generic.ko
  INSTALL crypto/drbg.ko
  INSTALL crypto/ecb.ko
  INSTALL crypto/echainiv.ko
  INSTALL crypto/gf128mul.ko
  INSTALL crypto/ghash-generic.ko
  INSTALL crypto/jitterentropy_rng.ko
  INSTALL crypto/khazad.ko
  INSTALL crypto/lzo.ko
  INSTALL crypto/md4.ko
  INSTALL crypto/md5.ko
  INSTALL crypto/michael_mic.ko
  INSTALL crypto/pcbc.ko
  INSTALL crypto/salsa20_generic.ko
  INSTALL crypto/seqiv.ko
  INSTALL crypto/serpent_generic.ko
  INSTALL crypto/sha1_generic.ko
  INSTALL crypto/sha512_generic.ko
  INSTALL crypto/tcrypt.ko
  INSTALL crypto/tea.ko
  INSTALL crypto/tgr192.ko
  INSTALL crypto/twofish_common.ko
  INSTALL crypto/twofish_generic.ko
  INSTALL crypto/wp512.ko
  INSTALL crypto/xor.ko
  INSTALL drivers/block/nbd.ko
  INSTALL drivers/block/virtio_blk.ko
  INSTALL drivers/char/bsr.ko
  INSTALL drivers/char/hw_random/powernv-rng.ko
  INSTALL drivers/char/hw_random/pseries-rng.ko
  INSTALL drivers/char/hw_random/rng-core.ko
  INSTALL drivers/char/powernv-op-panel.ko
  INSTALL drivers/char/virtio_console.ko
  INSTALL drivers/crypto/virtio/virtio_crypto.ko
  INSTALL drivers/crypto/vmx/vmx-crypto.ko
  INSTALL drivers/infiniband/core/ib_cm.ko
  INSTALL drivers/infiniband/core/ib_core.ko
  INSTALL drivers/infiniband/core/ib_umad.ko
  INSTALL drivers/infiniband/core/ib_uverbs.ko
  INSTALL drivers/infiniband/core/iw_cm.ko
  INSTALL drivers/infiniband/core/rdma_cm.ko
  INSTALL drivers/infiniband/core/rdma_ucm.ko
  INSTALL drivers/infiniband/hw/cxgb3/iw_cxgb3.ko
  INSTALL drivers/infiniband/hw/cxgb4/iw_cxgb4.ko
  INSTALL drivers/infiniband/hw/mlx4/mlx4_ib.ko
  INSTALL drivers/infiniband/hw/mthca/ib_mthca.ko
  INSTALL drivers/infiniband/ulp/ipoib/ib_ipoib.ko
  INSTALL drivers/infiniband/ulp/iser/ib_iser.ko
  INSTALL drivers/infiniband/ulp/srp/ib_srp.ko
  INSTALL drivers/input/evdev.ko
  INSTALL drivers/input/input-leds.ko
  INSTALL drivers/input/misc/pcspkr.ko
  INSTALL drivers/leds/led-class.ko
  INSTALL drivers/leds/leds-powernv.ko
  INSTALL drivers/md/dm-bufio.ko
  INSTALL drivers/md/dm-crypt.ko
  INSTALL drivers/md/dm-log.ko
  INSTALL drivers/md/dm-mirror.ko
  INSTALL drivers/md/dm-multipath.ko
  INSTALL drivers/md/dm-queue-length.ko
  INSTALL drivers/md/dm-region-hash.ko
  INSTALL drivers/md/dm-round-robin.ko
  INSTALL drivers/md/dm-service-time.ko
  INSTALL drivers/md/dm-snapshot.ko
  INSTALL drivers/md/dm-zero.ko
  INSTALL drivers/md/faulty.ko
  INSTALL drivers/md/multipath.ko
  INSTALL drivers/md/raid10.ko
  INSTALL drivers/md/raid456.ko
  INSTALL drivers/misc/cxl/cxl.ko
  INSTALL drivers/misc/ocxl/ocxl.ko
  INSTALL drivers/net/bonding/bonding.ko
  INSTALL drivers/net/dummy.ko
  INSTALL drivers/net/ethernet/3com/3c59x.ko
  INSTALL drivers/net/ethernet/alteon/acenic.ko
  INSTALL drivers/net/ethernet/amd/pcnet32.ko
  INSTALL drivers/net/ethernet/broadcom/bnx2.ko
  INSTALL drivers/net/ethernet/broadcom/bnx2x/bnx2x.ko
  INSTALL drivers/net/ethernet/broadcom/cnic.ko
  INSTALL drivers/net/ethernet/chelsio/cxgb/cxgb.ko
  INSTALL drivers/net/ethernet/chelsio/cxgb3/cxgb3.ko
  INSTALL drivers/net/ethernet/chelsio/cxgb4/cxgb4.ko
  INSTALL drivers/net/ethernet/chelsio/libcxgb/libcxgb.ko
  INSTALL drivers/net/ethernet/emulex/benet/be2net.ko
  INSTALL drivers/net/ethernet/ibm/ibmveth.ko
  INSTALL drivers/net/ethernet/intel/i40e/i40e.ko
  INSTALL drivers/net/ethernet/intel/ixgb/ixgb.ko
  INSTALL drivers/net/ethernet/intel/ixgbe/ixgbe.ko
  INSTALL drivers/net/ethernet/mellanox/mlx4/mlx4_core.ko
  INSTALL drivers/net/ethernet/mellanox/mlx4/mlx4_en.ko
  INSTALL drivers/net/ethernet/myricom/myri10ge/myri10ge.ko
  INSTALL drivers/net/ethernet/neterion/s2io.ko
  INSTALL drivers/net/ethernet/qlogic/netxen/netxen_nic.ko
  INSTALL drivers/net/ethernet/qlogic/qlge/qlge.ko
  INSTALL drivers/net/mdio.ko
  INSTALL drivers/net/net_failover.ko
  INSTALL drivers/net/phy/bcm-phy-lib.ko
  INSTALL drivers/net/phy/broadcom.ko
  INSTALL drivers/net/ppp/bsd_comp.ko
  INSTALL drivers/net/ppp/ppp_async.ko
  INSTALL drivers/net/ppp/ppp_deflate.ko
  INSTALL drivers/net/ppp/ppp_generic.ko
  INSTALL drivers/net/ppp/ppp_synctty.ko
  INSTALL drivers/net/ppp/pppoe.ko
  INSTALL drivers/net/ppp/pppox.ko
  INSTALL drivers/net/slip/slhc.ko
  INSTALL drivers/net/tun.ko
  INSTALL drivers/net/virtio_net.ko
  INSTALL drivers/pci/hotplug/rpadlpar_io.ko
  INSTALL drivers/pci/hotplug/rpaphp.ko
  INSTALL drivers/scsi/be2iscsi/be2iscsi.ko
  INSTALL drivers/scsi/bnx2i/bnx2i.ko
  INSTALL drivers/scsi/cxgbi/cxgb3i/cxgb3i.ko
  INSTALL drivers/scsi/cxgbi/cxgb4i/cxgb4i.ko
  INSTALL drivers/scsi/cxgbi/libcxgbi.ko
  INSTALL drivers/scsi/cxlflash/cxlflash.ko
  INSTALL drivers/scsi/device_handler/scsi_dh_alua.ko
  INSTALL drivers/scsi/device_handler/scsi_dh_rdac.ko
  INSTALL drivers/scsi/ibmvscsi/ibmvfc.ko
  INSTALL drivers/scsi/iscsi_boot_sysfs.ko
  INSTALL drivers/scsi/libiscsi.ko
  INSTALL drivers/scsi/libiscsi_tcp.ko
  INSTALL drivers/scsi/lpfc/lpfc.ko
  INSTALL drivers/scsi/mpt3sas/mpt3sas.ko
  INSTALL drivers/scsi/qla2xxx/qla2xxx.ko
  INSTALL drivers/scsi/qla4xxx/qla4xxx.ko
  INSTALL drivers/scsi/raid_class.ko
  INSTALL drivers/scsi/scsi_transport_iscsi.ko
  INSTALL drivers/scsi/scsi_transport_sas.ko
  INSTALL drivers/scsi/scsi_transport_spi.ko
  INSTALL drivers/scsi/st.ko
  INSTALL drivers/scsi/sym53c8xx_2/sym53c8xx.ko
  INSTALL drivers/scsi/virtio_scsi.ko
  INSTALL drivers/tty/hvc/hvcs.ko
  INSTALL drivers/tty/serial/icom.ko
  INSTALL drivers/tty/serial/jsm/jsm.ko
  INSTALL drivers/uio/uio.ko
  INSTALL drivers/usb/misc/appledisplay.ko
  INSTALL drivers/usb/mon/usbmon.ko
  INSTALL drivers/usb/storage/usb-storage.ko
  INSTALL drivers/vhost/vhost.ko
  INSTALL drivers/vhost/vhost_net.ko
  INSTALL drivers/video/fbdev/matrox/i2c-matroxfb.ko
  INSTALL drivers/video/fbdev/matrox/matroxfb_maven.ko
  INSTALL drivers/virtio/virtio.ko
  INSTALL drivers/virtio/virtio_balloon.ko
  INSTALL drivers/virtio/virtio_pci.ko
  INSTALL drivers/virtio/virtio_ring.ko
  INSTALL fs/autofs/autofs4.ko
  INSTALL fs/binfmt_misc.ko
  INSTALL fs/btrfs/btrfs.ko
  INSTALL fs/cifs/cifs.ko
  INSTALL fs/cramfs/cramfs.ko
  INSTALL fs/fat/vfat.ko
  INSTALL fs/fuse/fuse.ko
  INSTALL fs/hfs/hfs.ko
  INSTALL fs/hfsplus/hfsplus.ko
  INSTALL fs/jfs/jfs.ko
  INSTALL fs/nfsd/nfsd.ko
  INSTALL fs/nilfs2/nilfs2.ko
  INSTALL fs/overlayfs/overlay.ko
  INSTALL fs/reiserfs/reiserfs.ko
  INSTALL fs/squashfs/squashfs.ko
  INSTALL fs/udf/udf.ko
  INSTALL lib/crc-ccitt.ko
  INSTALL lib/crc-itu-t.ko
  INSTALL lib/crc-t10dif.ko
  INSTALL lib/lzo/lzo_compress.ko
  INSTALL lib/raid6/raid6_pq.ko
  INSTALL lib/xxhash.ko
  INSTALL lib/zstd/zstd_compress.ko
  INSTALL lib/zstd/zstd_decompress.ko
  INSTALL net/802/p8022.ko
  INSTALL net/802/psnap.ko
  INSTALL net/802/stp.ko
  INSTALL net/bridge/bridge.ko
  INSTALL net/core/failover.ko
  INSTALL net/ipv4/ah4.ko
  INSTALL net/ipv4/esp4.ko
  INSTALL net/ipv4/ipcomp.ko
  INSTALL net/ipv4/netfilter/ip_tables.ko
  INSTALL net/ipv4/netfilter/ipt_MASQUERADE.ko
  INSTALL net/ipv4/netfilter/ipt_REJECT.ko
  INSTALL net/ipv4/netfilter/iptable_filter.ko
  INSTALL net/ipv4/netfilter/iptable_mangle.ko
  INSTALL net/ipv4/netfilter/iptable_nat.ko
  INSTALL net/ipv4/netfilter/nf_defrag_ipv4.ko
  INSTALL net/ipv4/netfilter/nf_log_arp.ko
  INSTALL net/ipv4/netfilter/nf_log_ipv4.ko
  INSTALL net/ipv4/netfilter/nf_nat_ipv4.ko
  INSTALL net/ipv4/netfilter/nf_reject_ipv4.ko
  INSTALL net/ipv4/xfrm4_tunnel.ko
  INSTALL net/key/af_key.ko
  INSTALL net/llc/llc.ko
  INSTALL net/netfilter/nf_conntrack.ko
  INSTALL net/netfilter/nf_conntrack_ftp.ko
  INSTALL net/netfilter/nf_conntrack_irc.ko
  INSTALL net/netfilter/nf_conntrack_netlink.ko
  INSTALL net/netfilter/nf_conntrack_sip.ko
  INSTALL net/netfilter/nf_log_common.ko
  INSTALL net/netfilter/nf_nat.ko
  INSTALL net/netfilter/nf_nat_ftp.ko
  INSTALL net/netfilter/nf_nat_irc.ko
  INSTALL net/netfilter/nf_nat_sip.ko
  INSTALL net/netfilter/nfnetlink.ko
  INSTALL net/netfilter/nfnetlink_log.ko
  INSTALL net/netfilter/x_tables.ko
  INSTALL net/netfilter/xt_LOG.ko
  INSTALL net/netfilter/xt_NFLOG.ko
  INSTALL net/netfilter/xt_TCPMSS.ko
  INSTALL net/netfilter/xt_addrtype.ko
  INSTALL net/netfilter/xt_conntrack.ko
  INSTALL net/netfilter/xt_mark.ko
  INSTALL net/netfilter/xt_nat.ko
  INSTALL net/netfilter/xt_policy.ko
  INSTALL net/netfilter/xt_state.ko
  INSTALL net/netfilter/xt_tcpudp.ko
  INSTALL net/sched/act_bpf.ko
  INSTALL net/sched/cls_bpf.ko
  INSTALL net/sunrpc/xprtrdma/rpcrdma.ko
  INSTALL net/xfrm/xfrm_algo.ko
  INSTALL net/xfrm/xfrm_ipcomp.ko
  INSTALL net/xfrm/xfrm_user.ko
  INSTALL sound/core/oss/snd-mixer-oss.ko
  INSTALL sound/core/oss/snd-pcm-oss.ko
  INSTALL sound/core/seq/oss/snd-seq-oss.ko
  INSTALL sound/core/seq/snd-seq-dummy.ko
  INSTALL sound/core/seq/snd-seq-midi-event.ko
  INSTALL sound/core/seq/snd-seq.ko
  INSTALL sound/core/snd-pcm.ko
  INSTALL sound/core/snd-seq-device.ko
  INSTALL sound/core/snd-timer.ko
  INSTALL sound/core/snd.ko
  INSTALL sound/soundcore.ko
  DEPMOD  4.20.0-rc4-gd35c78239
  LDS     arch/powerpc/boot/zImage.lds
  WRAP    arch/powerpc/boot/zImage.pseries
  WRAP    arch/powerpc/boot/zImage.epapr
sh -x ./arch/powerpc/boot/install.sh "4.20.0-rc4-gd35c78239" vmlinux System=
=2Emap "/boot"
+ set -e
+ '[' -x /root/bin/installkernel ']'
+ '[' -x /sbin/installkernel ']'
+ exec /sbin/installkernel 4.20.0-rc4-gd35c78239 vmlinux System.map /boot
[console-expect]#
echo $?
0
[console-expect]#
grub2-mkconfig  --output=3D/boot/grub2/grub.cfg
[ 3389.018774] sd 0:2:0:0: alua: port group df8d state A preferred supports=
 TOlUSNA
[ 3389.018901] sd 0:2:0:0: alua: port group df8d state A preferred supports=
 TOlUSNA
Generating grub configuration file ...

Found linux image: /boot/vmlinuz-4.20.0-rc4-gd35c78239
Found initrd image: /boot/initramfs-4.20.0-rc4-gd35c78239.img
Found linux image: /boot/vmlinuz-4.20.0-rc4-ga932cbc34
Found initrd image: /boot/initramfs-4.20.0-rc4-ga932cbc34.img
Found linux image: /boot/vmlinuz-0-rescue-c52acf7c8cd840f88608f77cc09506b5
Found initrd image: /boot/initramfs-0-rescue-c52acf7c8cd840f88608f77cc09506=
b5.img
done

[console-expect]#
echo $?
0
[console-expect]#
grubby --set-default /boot/vmlinuz-`cat include/config/kernel.release 2> /d=
ev/null`
[console-expect]#
echo $?
0
[console-expect]#
Rebooting after kernel install...
OpTestSystem START STATE: 6 (target 1)
ipmitool -H X.X.X.X -I lanplus -P passwd chassis power off
OpTestSystem TRANSITIONED TO: 7
System is in standby/Soft-off state
OpTestSystem TRANSITIONED TO: 1
OpTestSystem START STATE: 1 (target 6)
ipmitool -H X.X.X.X -I lanplus -P passwd sel clear
ipmitool -H X.X.X.X -I lanplus -P passwd sel elist
ipmitool -H X.X.X.X -I lanplus -P passwd chassis bootdev none
ipmitool -H X.X.X.X -I lanplus -P passwd chassis power on
OpTestSystem TRANSITIONED TO: 2
Terminating SOL monitoring thread
~. [terminated ipmitool]
ipmitool -H X.X.X.X -I lanplus -P passwd sol deactivate
#IPMI SOL CONNECT
[SOL Session operational.  Use ~? for help]

 *** WaitForIt CURRENT STATE "02" TARGET STATE "06"
 *** WaitForIt working on transition
 *** Current loop iteration "02"             - Reconnect attempts "00" - lo=
op_max "100"
 *** WaitForIt timeout interval "04" seconds - Stale buffer check every "12=
" times

 *** WaitForIt Refresh=3D"0" Buffer Kicker=3D"0" - Kill Cord=3D"150"



zImage starting: loaded at 0x0000000020010000 (sp: 0x00000000203aeed8)

Allocating 0xa655d4 bytes for kernel ...

gunzipping (0x0000000000000000 <- 0x000000002001d000:0x00000000203acaab)...
done 0x8e0300 bytes



Linux/PowerPC load:=20

Finalizing device tree... flat tree at 0x203bb520


 *** WaitForIt CURRENT STATE "02" TARGET STATE "06"
 *** WaitForIt working on transition
 *** Current loop iteration "03"             - Reconnect attempts "00" - lo=
op_max "100"
 *** WaitForIt timeout interval "04" seconds - Stale buffer check every "12=
" times

 *** WaitForIt Refresh=3D"0" Buffer Kicker=3D"0" - Kill Cord=3D"150"

[    0.000000] opal: OPAL V3 detected !
[    0.000000] Using PowerNV machine description
[    0.000000] Page sizes from device-tree:
[    0.000000] base_shift=3D12: shift=3D12, sllp=3D0x0000, avpnm=3D0x000
00000, tlbiel=3D1, penc=3D0
[    0.000000] base_shift=3D12: shift=3D16, sllp=3D0x0000, avpnm=3D0x000000=
00, tlbiel=3D1, penc=3D7
[    0.000000] base_shift=3D12: shift=3D24, sllp=3D0x0000, avpnm=3D0x000000=
00, tlbiel=3D1, penc=3D
56
[    0.000000] base_shift=3D16: shift=3D16, sllp=3D0x0110, avpnm=3D0x000000=
00, tlbiel=3D1, penc=3D1
[    0.000000] base_shift=3D16: shift=3D24, sllp=3D0x0110, avpnm=3D0x000000=
00, tlbiel=3D1, penc=3D8
[    0.000000
] base_shift=3D24: shift=3D24, sllp=3D0x0100, avpnm=3D0x00000001, tlbiel=3D=
0, penc=3D0
[    0.000000] base_shift=3D34: shift=3D34, sllp=3D0x0120, avpnm=3D0x000007=
ff, tlbiel=3D0, penc=3D3
[    0.000000] Using 1TB segments
[    0.000000] Found initrd at 0xc000000028000000:0xc000000028a2f108
[    0.000000] bootconsole [udbg0] enabled
[    0.000000] CPU maps initialized for 8 threads per core
 -> smp_release_cpus()
spinning_secondaries =3D 159
 <- smp_release_cpus()
[    0.000000] Starting Linux ppc64le #1 SMP Thu Feb 22 05:44:34 UTC 2018
[    0.000000] -----------------------------------------------------
[ =20
  0.000000] ppc64_pft_size    =3D 0x0
[    0.000000] phys_mem_size     =3D 0x2000000000
[    0.000000] cpu_features      =3D 0x177c7aed18500249
[    0.000000]   possible        =3D 0x1f7fffef18500649
[  =20
 0.000000]   always          =3D 0x0000000018100040
[    0.000000] cpu_user_features =3D 0xdc0065c2 0xae000000
[    0.000000] mmu_features      =3D 0x7c000001
[    0.000000] firmware_features =3D 0x0000000
430000000
[    0.000000] htab_address      =3D 0xc000001ff0000000
[    0.000000] htab_hash_mask    =3D 0xfffff
[    0.000000] ------------------------------
-----------------------
 <- setup_system()
[    0.000000] Linux version 4.4.116-openpower1 (jenkins@p88) (gcc version =
4.9.3 (Buildroot 2016.05-00007-g81b8d98) ) #1 SMP Thu Feb 22 05:44:34 UTC 2=
018
[    0.000000] rfi-flush: Using ori type flush
[    0.000000] Initializing IODA2 OPAL PHB /pciex@3fffe40000000
[    0.000000] PCI host bridge /pciex@3fffe40000000 (primary) ranges:
[    0.000000] =20
MEM 0x00003fe000000000..0x00003fe07ffeffff -> 0x0000000080000000=20
[    0.000000]  MEM64 0x0000200000000000..0x000020ffffffffff -> 0x000020000=
0000000
[    0.000000]   256 (255) PE's M32: 0x80000000 [
segment=3D0x800000]
[    0.000000]                  M64: 0x10000000000 [segment=3D0x100000000]
[    0.000000]   Allocated bitmap for 2040 MSIs (base IRQ 0x800)
[    0.000000] Initializing IODA2 OPAL PH
B /pciex@3fffe40100000
[    0.000000] PCI hos
t bridge /pciex@3fffe40100000  ranges:
[    0.000000]  MEM 0x00003fe080000000..0x00003fe0fffeffff -> 0x00000000800=
00000=20
[    0.000000]  MEM64 0x0000210000000000..0x000021ffffffffff -> 0x000021000=
00
00000
[    0.000000]   256 (255) PE's M32: 0x80000000 [segment=3D0x800000]
[    0.000000]                  M64: 0x10000000000 [segment=3D0x100000000]
[    0.000000]   Allocated bitmap for 2040 MSIs (ba
se IRQ 0x1000)
[    0.000000] Initializing IODA2 OPAL PHB /pciex@3fffe40400000
[    0.000000] PCI host bridge /pciex@3fffe40400000  ranges:
[    0.000000]  MEM 0x00003fe200000000..0x00003fe27ffefff
f -> 0x0000000080000000=20
[    0.000000]  MEM64 0x0000240000000000..0x000024ffffffffff -> 0x000024000=
0000000
[    0.000000]   256 (255) PE's M32: 0x80000000 [segment=3D0x800000]
[    0.000000]       =20
          M64: 0x10000000000 [segment=3D0x100000000]
[    0.000000]   Allocated bitmap for 2040 MSIs (base IRQ 0x2800)
[    0.000000] Initializing IODA2 OPAL PHB /pc
iex@3fffe40500000
[    0.000000] PCI host bridge /pciex@3fffe40500000  ranges:
[    0.000000]  MEM 0x00003fe280000000..0x00003fe2fffeffff -> 0x00000000800=
00000=20
[    0.000000]  MEM64 0x000025000000
0000..0x000025ffffffffff -> 0x0000250000000000
[    0.000000]   256 (255) PE's M32: 0x80000000 [segment=3D0x800000]
[    0.000000]                  M64: 0x10000000000 [segment=3D0x100000000]
[    0.000
000]   Allocated bitmap for 2040 MSIs (base IRQ 0x3000)
[    0.000000] Initializing IODA2 OPAL PHB /pciex@3fffe42000000
[    0.000000] PCI host bridge /pciex@3fffe42000000  ranges:
[    0.000000] =20
MEM 0x00003ff000000000..0x00003ff07ffeffff -> 0x0000000080000000=20
[    0.000000]  MEM64 0x0000280000000000..0x000028ffffffffff -> 0x000028000=
0000000
[    0.000000]   256 (255) PE's M32: 0x80000000 [
segment=3D0x800000]
[    0.000000]                  M64: 0x10000000000 [segment=3D0x100000000]
[    0.000000]   Allocated bitmap for 2040 MSIs (base IRQ 0x20800)
[
    0.000000] Initializing IODA2 OPAL PHB /pciex@3fffe42400000
[    0.000000] PCI host bridge /pciex@3fffe42400000  ranges:
[    0.000000]  MEM 0x00003ff200000000..0x00003ff27ffeffff -> 0x0000000080
000000=20
[    0.000000]  MEM64 0x00002c0000000000..0x00002cffffffffff -> 0x00002c000=
0000000
[    0.000000]   256 (255) PE's M32: 0x80000000 [segment=3D0x800000]
[    0.000000]                  M64: 0x10000000000 [segment=3D0x100000000]
[    0.000000]   Allocated bitmap for 2040 MSIs (base IRQ 0x22800)
[    0.000000] Initializing IODA2 OPAL PHB /pciex@3fffe42500000
[    0.000000] PCI host bridge /
pciex@3fffe42500000  ranges:
[    0.000000]  MEM 0x00003ff280000000..0x00003ff2fffeffff -> 0x00000000800=
00000=20
[    0.000000]  MEM64 0x00002d0000000000..0x00002dffffffffff -> 0x00002d000=
0000000
[ =20
  0.000000]   256 (255) PE's M32: 0x80000000 [segment=3D0x800000]
[    0.000000]                  M64: 0x10000000000 [segment=3D0x100000000]

[    0.000000]   Allocated bitmap for 2040 MSIs (base IRQ 0x23000)
[    0.000000] OPAL nvram setup, 1048576 bytes
[    0.000000] Zone ranges:
[    0.000000]   DMA      [mem 0x0000000000000000-0x0
000001fffffffff]
[    0.000000]   DMA32    empty
[    0.000000]   Normal   empty
[    0.000000] Movable zone start for each node
[    0.000000] Early memory node ranges
[    0.000000]   node   0:
 [mem 0x0000000000000000-0x0000001fffffffff]
[    0.000000] Initmem setup node 0 [mem 0x0000000000000000-0x0000001ffffff=
fff]
[    0.000000] PERCPU: Embedded 2 pages/cpu @c000001ffc100000 s43672 r0 d
87400 u131072
[    0.000000] Built 1 zonelists in Zone order, mobility grouping on.  Tota=
l pages: 2095360
[ =20
  0.000000] Kernel command line: console=3Dtty0 console=3Dhvc0
[    0.000000] log_buf_len individual max cpu contribution: 4096 bytes
[    0.000000] log_buf_len total cpu_extra contributions: 651264 byt
es
[    0.000000] log_buf_len min size: 1048576 bytes
[    0.000000] log_buf_len: 2097152 bytes
[    0.000000] early log buf free: 1039944(99%)
[    0.000000] PID hash table entries: 4096 (order:=20
-1, 32768 bytes)
[    0.000000] Dentry cache hash table entries: 16777216 (order: 11, 134217=
728 bytes)
[    0.000000] Inode-cache hash table entries: 8388608 (order: 10, 67108864=
 bytes)
[    0.000000] Sorting __ex_table...
[    0.000000] Memory: 133575168K/134217728K available (5888K kernel code, =
768K rwdata, 1964K rodata, 448K init, 1493K bss, 642560K reserved, 0K cma-r=
eserved)
[    0.000000] SLUB: HWalign=3D128, Order=3D0-3, MinObjects=3D0, CPUs=3D160=
, Nodes=3D1
[    0.000000] Hierarchical RCU implementation.
[    0.000000] 	Build-time adjustment of leaf fanout to 64.
[    0.00000
0] 	RCU restricting CPUs from NR_CPUS=3D2048 to nr_cpu_ids=3D160.
[    0.000000] RCU: Adjusting geometry for rcu_fanout_lea
f=3D64, nr_cpu_ids=3D160
[    0.000000] NR_IRQS:512 nr_irqs:512 16
[    0.000000] ICS OPAL backend registered
[    0.000004] clocksource: timebase: mask: 0xffffffffffffffff max_cycles: =
0x761537d007, max_idle_ns: 440795202126 ns
[    0.001582] clocksource: timebase mult[1f40000] shift[24] registered
[ =20
  0.003036] Console: colour dummy device 80x25
[    0.006348] console [tty0] enabled
[    0.007394] console [hvc0] enabled
[    0.007394] console [hvc0] enabled
[    0.008012] bootconsole [udbg0] disabled
[    0.008012] bootconsole [udbg0] disabled
[    0.008723] pid_max: default: 163840 minimum: 1280
[    0.009023] Security Framework initialized
[    0.009198] Mount-cache hash table entri
es: 262144 (order: 5, 2097152 bytes)
[    0.009300] Mountpoint-cache hash table entries: 262144 (order: 5, 20971=
52 bytes)
[    0.013983] EEH: PowerNV platform initialized
[    0.014139] POWER8 perf
ormance monitor hardware support registered
[    0.014362] power8-pmu: PMAO restore workaround active.
[    0.165493] random: nonblocking pool is initialized
[    0.241864] Brought up 160 CPUs
[    0.244578] devtmpfs: initialized
[    0.248488] evm: security.capability
[    0.248659] EEH: devices created
[    0.248784] clocksource: jiffies: mask: 0xffffffff max_cycles: 0xfffffff=
f, max_idle_ns: 19112604462750000 ns
[    0.248982] futex hash table entries: 65536 (order: 7, 8388608 bytes)
[    0.250495] NET: Registered protocol family 16
[    0.261902] PCI: Probing PCI hardware
[    0.261951] PCI: I/O resource not set f
or host bridge /pciex@3fffe40000000 (domain 0)
[    0.261990] PCI host bridge to bus 0000:00
[    0.262033] pci_bus 0000:00: root bus resource [mem 0x3fe000000000-0x3fe=
07ffeffff] (bus address [0x800
00000-0xfffeffff])
[    0.262133] pci_bus 0000:00: root bus resource [mem 0x200000000000-0x20f=
effffffff 64bit pref]
[    0.262221] pci_bus 0000:00: root bus resource [bus 00-ff]
[    0.262530] pci 0000:00:00.0: PCI bridge to [bus 01-ff]
[    0.262620] PCI: I/O resource not set for host bridge /pciex@3fffe401000=
00 (domain 1)
[    0.262714] PCI host bridge to bus 0001:00
[    0.262754] pci_bus
 0001:00: root bus resource [mem 0x3fe080000000-0x3fe0fffeffff] (bus addres=
s [0x80000000-0xfffeffff])
[    0.262854] pci_bus 0001:00: root bus resource [mem 0x210000000000-0x21f=
effffffff 64bit pref]

[    0.262940] pci_bus 0001:00: root bus resource [bus 00-ff]
[    0.263511] pci 0001:00:00.0: PCI b
ridge to [bus 01-0d]
[    0.264512] pci 0001:01:00.0: PCI bridge to [bus 02-0d]
[    0.264809] pci 0001:02:01.0: PCI bridge to [bus 03-07]
[    0.265300] pci 0001:02:08.0: PCI bridge to [bus 08]
[
    0.265491] pci 0001:02:09.0: PCI bridge to [bus 09-0d]
[    0.265660] PCI: I/O resource not set for host bridge /pciex@3fffe404000=
00 (domain 2)
[    0.265820] PCI host bridge to bus 0002:00
[  =20
 0.265892] pci_bus 0002:00: root bus resource [mem 0x3fe200000000-0x3fe27ff=
effff] (bus address [0x80000000-0xfffeffff])
[    0.266081] pci_bus 0002:00: root bus resource [mem 0x240000000000-0x24f=
effffffff 64bit pref]
[    0.266243] pci_bus 0002:00: root bus resource [bus 00-ff]
[    0.266557] pci 0002:00:00.0: PCI bridge to [bus 01-ff]
[    0.266685] PCI: I/O resource not set for host bridge /
pciex@3fffe40500000 (domain 3)
[    0.266843] PCI host bridge to bus 0003:00
[    0.266916] pci_bus 0003:00: root bus resource [mem 0x3fe280000000-0x3fe=
2fffeffff] (bus address [0x80000000-0xfffeffff
])
[    0.267104] pci_bus 0003:00: root bus resource [mem 0x250000000000-0x25f=
effffffff 64bit pref]
[    0.267267] pci_bus 0003:00: root bus resource [bus 00-ff]
[    0.267856] pci 0003:00:00.0: PCI bridge to [bus 01-0f]
[    0.269365] pci 0003:01:00.0: PCI bridge to [bus 02-0f]
[    0.270163] pci 0003:02:01.0: PCI bridge to [bus 03]
[    0.270589] pci 0003:02:08.0: PCI bridge to [bus 04]
[
    0.272122] pci 0003:02:09.0: PCI bridge to [bus 05]
[    0.272288] pci 0003:02:10.0: PCI bridge to [bus 06-0a]
[    0.272426] pci 0003:02:11.0: PCI bridge to [bus 0b-0f]
[    0.272562] PCI: I/O=20
resource not set for host bridge /pciex@3fffe42000000 (domain 4)
[    0.272655] PCI host bridge to bus 0004:00
[    0.272695] pci_bus 0004:00: root bus resource [mem 0x3ff000000000-0x3ff=
07ffeffff] (
bus address [0x80000000-0xfffeffff])
[    0.272794] pci_bus 0004:00: root bus resource [mem 0x280000000000-0x28f=
effffffff 64bit pref]
[    0.272881] pci_bus 0004:00: root bus resource [bus 00-ff]
[
    0.273186] pci 0004:00:00.0: PCI bridge to [bus 01-ff]
[    0.273277] PCI: I/O resource not set for host bridge /pciex@3fffe424000=
00 (domain 5)
[    0.273371] PCI host bridge to bus 0005:00
[  =20
 0.273411] pci_bus 0005:00: root bus resource [mem 0x3ff200000000-0x3ff27ff=
effff] (bus address [0x80000000-0xfffeffff])
[    0.273510] pci_bus 0005:00: root bus resource [mem 0x2c0000000000-0x2cf=
efff
fffff 64bit pref]
[    0.273597] pci_bus 0005:00: root bus resource [bus 00-ff]
[    0.273886] pci 0005:00:00.0: PCI bridge to [bus 01-ff]
[    0.273974] PCI: I/O resource not set for host bridge /
pciex@3fffe42500000 (domain 6)
[    0.274068] PCI host bridge to bus 0006:00
[    0.274109] pci_bus 0006:00: root bus resource [mem 0x3ff280000000-0x3ff=
2fffeffff] (bus address [0x80000000-0xfffeffff])
[    0.274208] pci_bus 0006:00: root bus resource [mem 0x2d0000000000-0x2df=
effffffff 64bit pref]
[    0.274296] pci_bus 0006:00: root bus resource [bus 00-ff]
[    0.274584] pci 0006:00:00.0: PC
I bridge to [bus 01-ff]
[    0.274828] pci 0000:00:00.0: PCI bridge to [bus 01-ff]
[    0.275083] pci 0001:00:00.0: BAR 9: assigned [mem 0x210000000000-0x2102=
ffffffff 64bit pref]
[    0.275171] pci
 0001:00:00.0: BAR 8: assigned [mem 0x3fe080000000-0x3fe081ffffff]
[    0.275247] pci 0001:00:00.0: BAR 7: no space for [io  size 0x3000]
[    0.275310] pci 0001:00:00.0: BAR 7: failed to assign [io
  size 0x3000]
[    0.275374] pci 0001:00:00.0: BAR 7: no space for [io  size 0x3000]
[    0.275436] pci 0001:00:00.0: BAR 7: failed to assign [io  size 0x3000]
[    0.275518] pci 0001:01:00.0: BAR 9: assigned [mem 0x210000000000-0x2102=
ffffffff 64bit pref]
[    0.275605] pci 0001:01:00.0: BAR 8: assigned [mem 0x3fe080000000-0x3fe0=
817fffff]
[    0.275682] pci 0001:01:00.0: BAR 0: assigned [mem
 0x3fe081800000-0x3fe08183ffff]
[    0.275762] pci 0001:01:00.0: BAR 7: no space for [io  size 0x3000]
[    0.275824] pci 0001:01:00.0: BAR 7: failed to assign [io  size 0x3000]
[    0.275888] pci=20
0001:01:00.0: BAR 7: no space for [io  size 0x3000]
[    0.275950] pci 0001:01:00.0: BAR 7: failed to assign [io  size 0x3000]
[    0.276063] pci 0001:02:01.0: BAR 9: assigned [mem 0x210000000000-0x
2100ffffffff 64bit pref]
[    0.276152] pci 0001:02:08.0: BAR 9: assigned [mem 0x210100000000-0x2101=
ffffffff 64bit pref]
[    0.276239] pci 0001:02:09.0: BAR 9: assigned [mem 0x210200000000-0x2102=
ffffffff 64bit pref]
[    0.276361] pci 0001:02:01.0: BAR 8: assigned [mem 0x3fe080000000-0x3fe0=
807fffff]
[    0.276502] pci 0001:02:08.0: BAR 8: assigned [mem 0x3fe080800000-0x3fe0=
80ffffff]
[    0.2
76643] pci 0001:02:09.0: BAR 8: assigned [mem 0x3fe081000000-0x3fe0817fffff]
[    0.276785] pci 0001:02:01.0: BAR 7: no space for [io  size 0x1000]
[    0.276903] pci 0001:02:01.0: BAR 7: failed to=20
assign [io  size 0x1000]
[    0.277022] pci 0001:02:08.0: BAR 7: no space for [io  size 0x1000]
[    0.277141] pci 0001:02:08.0: BAR 7: failed to assign [io  size 0x1000]
[    0.277260] pci 0001:02
:09.0: BAR 7: no space for [io  size 0x1000]
[    0.277379] pci 0001:02:09.0: BAR 7: failed to assign [io  size 0x1000]
[    0.277500] pci 0001:02:09.0: BAR 7: no space for [io  size 0x1000]
[    0
=2E277617] pci 0001:02:09.0: BAR 7: failed to assign [io  size 0x1000]
[    0.277737] pci 0001:02:08.0: BAR 7: no space for [io  size 0x1000]
[    0.277856] pci 0001:02:08.0: BAR 7: failed to assign [
io  size 0x1000]
[    0.277975] pci 0001:02:01.0: BAR 7: no space for [io  size 0x1000]
[    0.278094] pci 0001:02:01.0: BAR 7: failed to assign [io  size 0x1000]
[    0.278213] pci 0001:02:01.0: P
CI bridge to [bus 03-07]
[    0.278315] pci 0001:02:01.0:   bridge window [mem 0x3fe080000000-0x3fe0=
807fffff]
[    0.278462] pci 0001:02:01.0:   bridge window [mem 0x210000000000-0x2100=
ffffffff 64bi
t pref]
[    0.278634] pci 0001:08:00.0: BAR 6: assigned [mem 0x3fe080800000-0x3fe0=
8081ffff pref]
[    0.278777] pci 0001:08:00.0: BAR 0: assigned [mem 0x3fe080820000-0x3fe0=
8082ffff 64bit]
[    0.2
78933] pci 0001:08:00.0: BAR 2: assigned [mem 0x3fe080830000-0x3fe08083ffff=
 64bit]
[    0.279090] pci 0001:02:08.0: PCI bridge to [bus 08]
[    0.279189] pci 0001:02:08.0:   bridge window [mem 0x3fe
080800000-0x3fe080ffffff]
[    0.279335] pci 0001:02:08.0:   bridge window [mem 0x210100000000-0x2101=
ffffffff 64bit pref]
[    0.279506] pci 0001:02:09.0: PCI bridge to [bus 09-0d]
[    0.279608] p
ci 0001:02:09.0:   bridge window [mem 0x3fe081000000-0x3fe0817fffff]
[    0.279754] pci 0001:02:09.0:   bridge window [mem 0x210200000000-0x2102=
ffffffff 64bit pref]
[    0.279925] pci 0001:01:00.0:=20
PCI bridge to [bus 02-0d]
[    0.280026] pci 0001:01:00.0:   bridge window [mem 0x3fe080000000-0x3fe0=
817fffff]
[    0.280172] pci 0001:01:00.0:   bridge window [mem 0x210000000000-0x2102=
ffffffff 64b
it pref]
[    0.280343] pci 0001:00:00.0: PCI bridge to [bus 01-0d]
[    0.280445] pci 0001:00:00.0:   bridge window [mem 0x3fe080000000-0x3fe0=
81ffffff]
[    0.280591] pci 0001:00:00.0:   bridge window [mem 0x210000000000-0x2102=
ffffffff 64bit pref]
[    0.280802] pci 0002:00:00.0: PCI bridge to [bus 01-ff]
[    0.281080] pci 0003:00:00.0: BAR 9: assigned [mem 0x250000000000-0x2503=
ffffffff 64b
it pref]
[    0.281168] pci 0003:00:00.0: BAR 8: assigned [mem 0x3fe280000000-0x3fe2=
82ffffff]
[    0.281244] pci 0003:00:00.0: BAR 7: no space for [io  size 0x4000]
[    0.281306] pci 0003:00:00.0:
 BAR 7: failed to assign [io  size 0x4000]
[    0.281369] pci 0003:00:00.0: BAR 7: no space for [io  size 0x4000]
[    0.281431] pci 0003:00:00.0: BAR 7: failed to assign [io  size 0x4000]
[    0.2
81513] pci 0003:01:00.0: BAR 9: assigned [mem 0x250000000000-0x2503ffffffff=
 64bit pref]
[    0.281600] pci 0003:01:00.0: BAR 8: assigned [mem 0x3fe280000000-0x3fe2=
827fffff]
[    0.281678] pci 0003:0
1:00.0: BAR 0: assigned [mem 0x3fe282800000-0x3fe28283ffff]
[    0.281758] pci 0003:01:00.0: BAR 7: no space for [io  size 0x4000]
[    0.281820] pci 0003:01:00.0: BAR 7: failed to assign [io  size=20
0x4000]
[    0.281883] pci 0003:01:00.0: BAR 7: no space for [io  size 0x4000]
[    0.281945] pci 0003:01:00.0: BAR 7: failed to assign [io  size 0x4000]
[    0.282064] pci 0003:02:08.0: BAR 9: ass
igned [mem 0x250000000000-0x2500ffffffff 64bit pref]
[    0.282151] pci 0003:02:09.0: BAR 9: assigned [mem 0x250100000000-0x2501=
ffffffff 64bit pref]
[    0.282238] pci 0003:02:10.0: BAR 9: assigned [mem 0x250200000000-0x2502=
ffffffff 64bit pref]
[    0.282326] pci 0003:02:11.0: BAR 9: assigned [mem 0x250300000000-0x2503=
ffffffff 64bit pref]
[    0.282413] pci 0003:02:01.0: BAR 8: assigned [mem 0
x3fe280000000-0x3fe2807fffff]
[    0.282489] pci 0003:02:08.0: BAR 8: assigned [mem 0x3fe280800000-0x3fe2=
80ffffff]
[    0.282624] pci 0003:02:09.0: BAR 8: assigned [mem 0x3fe281000000-0x3fe2=
817fffff
]
[    0.282766] pci 0003:02:10.0: BAR 8: assigned [mem 0x3fe281800000-0x3fe2=
81ffffff]
[    0.282907] pci 0003:02:11.0: BAR 8: assigned [mem 0x3fe282000000-0x3fe2=
827fffff]
[    0.283048] pci 0003:0
2:08.0: BAR 7: no space for [io  size 0x1000]
[    0.283165] pci 0003:02:08.0: BAR 7: failed to assign [io  size 0x1000]
[    0.283285] pci 0003:02:09.0: BAR 7: no space for [io  size 0x1000]
[   =20
0.283404] pci 0003:02:09.0: BAR 7: failed to assign [io  size 0x1000]
[    0.283520] pci 0003:02:10.0: BAR 7: no space for [io  size 0x1000]
[    0.283640] pci 0003:02:10.0: BAR 7: failed to assign [io  size 0x1000]
[    0.283758] pci 0003:02:11.0: BAR 7: no space for [io  size 0x1000]
[    0.283877] pci 0003:02:11.0: BAR 7: failed to assign [io  size 0x1000]
[    0.283994] pci 0003:02:11.0:=20
BAR 7: no space for [io  size 0x1000]
[    0.284112] pci 0003:02:11.0: BAR 7: failed to assign [io  size 0x1000]
[    0.284228] pci 0003:02:10.0: BAR 7: no space for [io  size 0x1000]
[    0.284347
] pci 0003:02:10.0: BAR 7: failed to assign [io  size 0x1000]
[    0.284464] pci 0003:02:09.0: BAR 7: no space for [io  size 0x1000]
[    0.284581] pci 0003:02:09.0: BAR 7: failed to assign [io  siz
e 0x1000]
[    0.284700] pci 0003:02:08.0: BAR 7: no space for [io  size 0x1000]
[    0.284819] pci 0003:02:08.0: BAR 7: failed to assign [io  size 0x1000]
[    0.284936] pci 0003:03:00.0: BAR 0: a
ssigned [mem 0x3fe280000000-0x3fe28000ffff 64bit]
[    0.285094] pci 0003:03:00.0: BAR 2: assigned [mem 0x3fe280010000-0x3fe2=
80011fff 64bit]
[    0.285251] pci 0003:02:01.0: PCI bridge to [bus 03]
[    0.285350] pci 0003:02:01.0:   bridge window [mem 0x3fe280000000-0x3fe2=
807fffff]
[    0.285503] pci 0003:04:00.0: BAR 6: assigned [mem 0x3fe280800000-0x3fe2=
8081ffff pref]
[    0.285643] pci 0003
:04:00.0: BAR 0: assigned [mem 0x3fe280820000-0x3fe28082ffff 64bit]
[    0.285799] pci 0003:04:00.0: BAR 2: assigned [mem 0x3fe280830000-0x3fe2=
8083ffff 64bit]
[    0.285953] pci 0003:02:08.0: PCI br
idge to [bus 04]
[    0.286052] pci 0003:02:08.0:   bridge window [mem 0x3fe280800000-0x3fe2=
80ffffff]
[    0.286198] pci 0003:02:08.0:   bridge window [mem 0x250000000000-0x2500=
ffffffff 64bit pref]

[    0.286371] pci 0003:05:00.0: BAR 6: assigned [mem 0x3fe281000000-0x3fe2=
8107ffff pref]
[    0.286513] pci 0003:05:00.1: BAR 6: assigned [mem 0x3fe281080000-0x3fe2=
810fffff pref]
[    0.286654] pci 0003:05:00.2: BAR 6: assigned [mem 0x3fe281100000-0x3fe2=
8117ffff pref]
[    0.286796] pci 0003:05:00.3: BAR 6: assigned [mem 0x3fe281180000-0x3fe2=
811fffff pref]
[    0.286937] pci 0003:05:00.0: BA
R 0: assigned [mem 0x250100000000-0x25010000ffff 64bit pref]
[    0.287083] pci 0003:05:00.0: BAR 2: assigned [mem 0x250100010000-0x2501=
0001ffff 64bit pref]
[    0.287186] pci 0003:05:00.0: BAR 4: a
ssigned [mem 0x250100020000-0x25010002ffff 64bit pref]
[    0.287288] pci 0003:05:00.1: BAR 0: assigned [mem 0x250100030000-0x2501=
0003ffff 64bit pref]
[    0.287391] pci 0003:05:00.1: BAR 2: assigne
d [mem 0x250100040000-0x25010004ffff 64bit pref]
[    0.287495] pci 0003:05:00.1: BAR 4: assigned [mem 0x250100050000-0x2501=
0005ffff 64bit pref]
[    0.287599] pci 0003:05:00.2: BAR 0: assigned [mem
 0x250100060000-0x25010006ffff 64bit pref]
[    0.287702] pci 0003:05:00.2: BAR 2: assigned [mem 0x250100070000-0x2501=
0007ffff 64bit pref]
[    0.287810] pci 0003:05:00.2: BAR 4: assigned [mem 0x250
100080000-0x25010008ffff 64bit pref]
[    0.287912] pci 0003:05:00.3: BAR 0: assigned [mem 0x250100090000-0x2501=
0009ffff 64bit pref]
[    0.288015] pci 0003:05:00.3: BAR 2: assigned [mem 0x2501000a0000-0x2501=
000affff 64bit pref]
[    0.288120] pci 0003:05:00.3: BAR 4: assigned [mem 0x2501000b0000-0x2501=
000bffff 64bit pref]
[    0.288223] pci 0003:02:09.0: PCI bridge to [bus 05]
[    0.288279]
 pci 0003:02:09.0:   bridge window [mem 0x3fe281000000-0x3fe2817fffff]
[    0.288359] pci 0003:02:09.0:   bridge window [mem 0x250100000000-0x2501=
ffffffff 64bit pref]
[    0.288452] pci 0003:02:10.0
: PCI bridge to [bus 06-0a]
[    0.288508] pci 0003:02:10.0:   bridge window [mem 0x3fe281800000-0x3fe2=
81ffffff]
[    0.288589] pci 0003:02:10.0:   bridge window [mem 0x250200000000-0x2502=
ffffffff 6
4bit pref]
[    0.288683] pci 0003:02:11.0: PCI bridge to [bus 0b-0f]
[    0.288739] pci 0003:02:11.0:   bridge window [mem 0x3fe282000000-0x3fe2=
827fffff]
[    0.288819] pci 0003:02:11.0:   bridge=20
window [mem 0x250300000000-0x2503ffffffff 64bit pref]
[    0.288913] pci 0003:01:00.0: PCI bridge to [bus 02-0f]
[    0.288968] pci 0003:01:00.0:   bridge window [mem 0x3fe280000000-0x3fe2=
827fffff]
[    0.289047] pci 0003:01:00.0:   bridge window [mem 0x250000000000-0x2503=
ffffffff 64bit pref]
[    0.289141] pci 0003:00:00.0: PCI bridge to [bus 01-0f]
[    0.289196] pci 0003:00:00.0:   bridge=20
window [mem 0x3fe280000000-0x3fe282ffffff]
[    0.289274] pci 0003:00:00.0:   bridge window [mem 0x250000000000-0x2503=
ffffffff 64bit pref]
[    0.289417] pci 0004:00:00.0: PCI bridge to [bus 01-ff]

[    0.289500] pci 0005:00:00.0: PCI bridge to [bus 01-ff]
[    0.289581] pci 0006:00:00.0: PCI bridge to [bus 01-ff]
[    0.289677] pci 0000:00     : [PE# 000] Secondary bus 0 associated with =
PE#0

[    0.289937] pci 0000:01     : [PE# 001] Secondary bus 1 associated with =
PE#1
[    0.290195] pci 0001:00     : [PE# 000] Secondary bus 0 associated with =
PE#0
[    0.290455] pci 0001:01     : [PE# 001] Secondary bus 1 associated with =
PE#1
[    0.290715] pci 0001:02     : [PE# 002] Secondary bus 2 associated with =
PE#2
[    0.290971] pci 0001:03     : [PE# 003] Secondary bus 3 associated with
 PE#3
[    0.291230] pci 0001:08     : [PE# 004] Secondary bus 8 associated with =
PE#4
[    0.291490] pci 0001:09     : [PE# 005] Secondary bus 9 associated with =
PE#5
[    0.291746] pci 0002:00    =20
: [PE# 000] Secondary bus 0 associated with PE#0
[    0.292006] pci 0002:01     : [PE# 001] Secondary bus 1 associated with =
PE#1
[    0.292262] pci 0003:00     : [PE# 000] Secondary bus 0 associated
 with PE#0
[    0.292521] pci 0003:01     : [PE# 002] Secondary bus 1 associated with =
PE#2
[    0.292777] pci 0003:02     : [PE# 003] Secondary bus 2 associated with =
PE#3
[    0.293033] pci 0003:03
     : [PE# 004] Secondary bus 3 associated with PE#4
[    0.293289] pci 0003:04     : [PE# 005] Secondary bus 4 associated with =
PE#5
[    0.293545] pci 0003:05     : [PE# 001] Secondary bus 5 assoc
iated with PE#1
[    0.293805] pci 0003:06     : [PE# 006] Secondary bus 6 associated with =
PE#6
[    0.294061] pci 0003:0b     : [PE# 007] Secondary bus 11 associated with=
 PE#7
[    0.294254] pci 0004:00     : [PE# 000] Secondary bus 0 associated with =
PE#0
[    0.294447] pci 0004:01     : [PE# 001] Secondary bus 1 associated with =
PE#1
[    0.294641] pci 0005:00     : [PE# 000] Secondary bus 0
 associated with PE#0
[    0.294834] pci 0005:01     : [PE# 001] Secondary bus 1 associated with =
PE#1
[    0.295026] pci 0006:00     : [PE# 000] Secondary bus 0 associated with =
PE#0
[    0.295219]=20
pci 0006:01     : [PE# 001] Secondary bus 1 associated with PE#1
[    0.296000] PCI: Domain 0000 has 8 available 32-bit DMA segments
[    0.296118] PCI: 0 PE# for a total weight of 0
[    0.296215]
 PCI: Domain 0001 has 8 available 32-bit DMA segments
[    0.296333] PCI: 1 PE# for a total weight of 15
[    0.296428] pci 0001:08     : [PE# 004] Assign DMA32 space
[    0.296524] pci 0001:08   =20
 : [PE# 004] Setting up 32-bit TCE table at 0..80000000
[    0.299465] IOMMU table initialized, virtual merging enabled
[    0.299585] pci 0001:08     : [PE# 004] Setting up window#0 0..7fffffff =
pg=3D
1000
[    0.299731] pci 0001:08     : [PE# 004] Enabling 64-bit DMA bypass
[    0.299850] PCI: Domain 0002 has 8 available 32-bit DMA segments
[    0.299970] PCI: 0 PE# for a total weight of 0
[    0.300066] PCI: Domain 0003 has 8 available 32-bit DMA segments
[    0.300163] PCI: 3 PE# for a total weight of 65
[    0.300214] pci 0003:05     : [PE# 001] Assign DMA32 space
[    0.300265] pci=20
0003:05     : [PE# 001] Setting up 32-bit TCE table at 0..80000000
[    0.303130] pci 0003:05     : [PE# 001] Setting up window#0 0..7fffffff =
pg=3D1000
[    0.303272] pci 0003:05     : [PE# 001] Enabling 64-bit DMA bypass
[    0.303389] pci 0003:04     : [PE# 005] Assign DMA32 space
[    0.303484] pci 0003:04     : [PE# 005] Setting up 32-bit TCE table at 0=
=2E.80000000
[    0.306449] pci 0003:04=20
    : [PE# 005] Setting up window#0 0..7fffffff pg=3D1000
[    0.306527] pci 0003:04     : [PE# 005] Enabling 64-bit DMA bypass
[    0.306590] pci 0003:03     : [PE# 004] Assign DMA32 space
[    0.306641] pci 0003:03     : [PE# 004] Setting up 32-bit TCE table at 0=
=2E.80000000
[    0.309528] pci 0003:03     : [PE# 004] Setting up window#0 0..7fffffff =
pg=3D1000
[    0.309669] pci 0003:03     : [PE#=20
004] Enabling 64-bit DMA bypass
[    0.309787] PCI: Domain 0004 has 8 available 32-bit DMA segments
[    0.309904] PCI: 0 PE# for a total weight of 0
[    0.310004] PCI: Domain 0005 has 8 available 32-bit DMA segments
[    0.310120] PCI: 0 PE# for a total weight of 0
[    0.310215] PCI: Domain 0006 has 8 available 32-bit DMA segments
[    0.310332] PCI: 0 PE# for a total weight of 0
[    0.311519] EEH: PCI Enhanced I/O Error Handling Enabled
[    0.312269] create_dump_obj: New platform dump. ID =3D 0x41000000 Size 8=
04576
[    0.312582] powernv-rng: Registering arch random hook.
[    0.
316994] opal-power: OPAL EPOW, DPO support detected.
[    0.346289] vgaarb: loaded
[    0.346419] SCSI subsystem initialized
[    0.346576] usbcore: registered new interface driver usbfs
[    0.346682] usbcore: registered new interface driver hub
[    0.347343] usbcore: registered new device driver usb
[    0.347476] pps_core: LinuxPPS API ver. 1 registered
[    0.347571] pps_core: Software
 ver. 5.3.6 - Copyright 2005-2007 Rodolfo Giometti <giometti@linux.it>
[    0.347739] PTP clock support registered
[    0.348640] clocksource: Switched to clocksource timebase
[    0.351459] NET: Registered protocol family 2
[    0.351780] TCP established hash table entries: 524288 (order: 6, 419430=
4 bytes)
[    0.352736] TCP bind hash table entries: 65536 (order: 4, 1048576 bytes)
[    0.352904] TCP: Hash tables configured (established 524288 bind 65536)
[    0.353016] UDP hash table entries: 65536 (order: 5, 2097152 bytes)
[    0.353298] UDP-Lite hash table entries: 65536 (order: 5,=20
2097152 bytes)
[    0.354019] NET: Registered protocol family 1
[    0.354192] pci 0003:03:00.0: enabling device (0140 -> 0142)
[    0.354493] Trying to unpack rootfs image as initramfs...
[    2.085628] Freeing initrd memory: 10368K
[    2.123910] Block layer SCSI generic (bsg) driver version 0.4 loaded (ma=
jor 250)
[    2.123994] io scheduler noop registered
[    2.124070] io scheduler cfq registered (default)
[    2.124293] i
pmi message handler version 39.2
[    2.124345] ipmi device interface
[    2.124406] ipmi-powernv ibm,opal:ipmi: Unable to map irq from device tr=
ee
[    2.152512] ipmi-powernv ibm,opal:ipmi: Found new BMC (man_id: 0x000000,=
 prod_id: 0x0000, dev_id: 0x00)
[    2.163497] hvc0: raw protocol on /ibm,opal/consoles/serial@0 (boot cons=
ole)
[    2.163936] hvc1: hvsi protocol on /ibm,opal/consoles/serial@1
[    2.164047] Serial: 8250/16550 driver, 4 ports, IRQ sharing disabled
[    2.164419] powernv_rng: Registered powernv hwrng.
[    2.164521] [drm] Initialized drm 1.1.0 20060810
[    2.164583] [drm] radeon kernel modesetting enabled.
[    2.172801] brd: module loaded
[    2.181368] loop: module loaded
[    2.181509] Adaptec aacraid driver 1.2-1[41010]-ms
[    2.181704] tg3.c:v3.137 (May 11, 2014)
[    2.181804] tg3 0003:05:00.0: enabling device (0140 -> 0142)
[    2.206455] tg3 0003:05:00.0: Using 64-bit DMA iommu bypass
[    2.206832] tg3 0003:05:00.0 eth0: Tigon3 [partno(00RX892) rev 5719001] =
(PCI Express) MAC address 98:be:94:02:8f:64
[    2.206935] t
g3 0003:05:00.0 eth0: attached PHY is 5719C (10/100/1000Base-T Ethernet) (W=
ireSpeed[1], EEE[1])
[    2.207036] tg3 0003:05:00.0 eth0: RXcsums[1] LinkChgREG[0] MIirq[0] ASF=
[0] TSOcap[1]
[    2.207113] tg3 0003:05:00.0 eth0: dma_rwctrl[00000000] dma_mask[64-bit]
[    2.207267] tg3 0003:05:00.1: enabling device (0140 -> 0142)
[    2.227492] tg3 0003:05:00.1: Using 64-bit DMA iommu bypass
[    2.227809] tg3 0003:05:00.1 eth1: Tigon3 [partno(00RX892) rev 5719001] =
(PCI Express) MAC address 98:be:94:02:8f:65
[    2.227911] tg3 0003:05:00.1 eth1: attached PHY is 5719C (10/100/1000Bas=
e-T Ethernet
) (WireSpeed[1], EEE[1])
[    2.228012] tg3 0003:05:00.1 eth1: RXcsums[1] LinkChgREG[0] MIirq[0] ASF=
[0] TSOcap[1]
[    2.228088] tg3 0003:05:00.1 eth1: dma_rwctrl[00000000] dma_mask[64-bit]
[    2.228239] tg3 0003:05:00.2: enabling device (0140 -> 0142)
[    2.257477] tg3 0003:05:00.2: Using 64-bit DMA iommu bypass
[    2.257814] tg3 0003:05:00.2 eth2: Tigon3 [partno(00RX892) rev 5719001] =
(PCI Express) MAC address 98:be:94:02:8f:66
[    2.257917] t
g3 0003:05:00.2 eth2: attached PHY is 5719C (10/100/1000Base-T Ethernet) (W=
ireSpeed[1], EEE[1])
[    2.258018] tg3 0003:05:00.2 eth2: RXcsums[1] LinkChgREG[0] MIirq[0] ASF=
[0] TSOcap[1]
[    2.258095] tg3 0003:05:00.2 eth2: dma_rwctrl[00000000] dma_mask[64-bit]
[    2.258246] tg3 0003:05:00.3: enabling device (0140 -> 0142)
[    2.287490] tg3 0003:05:00.3: Using 64-bit DMA iommu bypass
[    2.
287799] tg3 0003:05:00.3 eth3: Tigon3 [partno(00RX892) rev 5719001] (PCI Ex=
press) MAC address 98:be:94:02:8f:67
[    2.287902] tg3 0003:05:00.3 eth3: attached PHY is 5719C (10/100/1000Bas=
e-T Ethernet) (WireSpeed[1], EEE[1])
[    2.288002] tg3 0003:05:00.3 eth3: RXcsums[1] LinkChgREG[0] MIirq[0] ASF=
[0] TSOcap[1]
[    2.288079] tg3 0003:05:00.3 eth3: dma_rwctrl[00000000] dma_mask[64-bit]
[    2.
288294] ehci_hcd: USB 2.0 'Enhanced' Host Controller (EHCI) Driver
[    2.288358] ehci-pci: EHCI PCI platform driver
[    2.288423] ohci_hcd: USB 1.1 'Open' Host Controller (OHCI) Driver
[    2.288
492] ohci-pci: OHCI PCI platform driver
[    2.288590] xhci_hcd 0003:03:00.0: xHCI Host Controller
[    2.288678] xhci_hcd 0003:03:00.0: new USB bus registered, assigned bus =
number 1
[    2.288839]
 xhci_hcd 0003:03:00.0: Using 64-bit DMA iommu bypass
[    2.288978] xhci_hcd 0003:03:00.0: hcc params 0x0270f06d hci version 0x9=
6 quirks 0x00000000
[    2.289808] hub 1-0:1.0: USB hub found
[    2
=2E289863] hub 1-0:1.0: 4 ports detected
[    2.290127] xhci_hcd 0003:03:00.0: xHCI Host Controller
[    2.290229] xhci_hcd 0003:03:00.0: new USB bus registered, assigned bus =
number 2
[    2.290343]=20
usb usb2: We don't know the algorithms for LPM for this host, disabling LPM.
[    2.290670] hub 2-0:1.0: USB hub found
[    2.290756] hub 2-0:1.0: 4 ports detected
[    2.290975] usbcore: registered new interface driver usb-storage
[    2.291283] mousedev: PS/2 mouse device common for all mice
[    2.368447] rtc rtc0: invalid alarm value: -1-1--1041528870 2005511117:7=
1582844:32
[    2.368607] rtc-opal opal-rtc: rtc core: registered rtc-opal as rtc0
[    2.368684] i2c /dev entries driver
[    2.369111] powernv-cpufreq: cpufreq pstate min -49 nominal -8 max 0
[    2.372144] usbcore: registered new interface driver usbhid
[    2.372194] usbhid: USB HID core driver
[    2.372609] ipip: IPv4 over IPv4 tunneling driver
[    2.372820] NET: Registered protocol family 17
[    2.372883] Key type dns_resolver registered
[    2.373186] registered taskstats version 1
[    2.379171] Key type encrypted registered
[    2.379236] ima: No TPM chip found, activating TPM-bypass!
[    2.379324] evm: HMAC attrs: 0x1
[    2.418625] rtc-opal opal-rtc: setting system clock to 2018-11-29 04:58:=
07 UTC (1543467487)
[    2.420072] Freeing unused kernel memory: 448K
[    2.437028] udevd[2442]: starting version 3.1.5
[    2.477740] ipr: IBM Power RAID SCSI Device Driver version: 2.6.3 (Octob=
er 17, 2015)
[    2.477990] ipr 0001:08:00.0: Found IOA with IRQ: 0
[    2.478107] tg3 0003:05:00.0 enP3p5s0f0: renamed fro
m eth0
[    2.478284] ipr 0001:08:00.0: enabling device (0140 -> 0142)
[    2.478401] ipr 0001:08:00.0: Using 64-bit DMA iommu bypass
[    2.479071] ipr 0001:08:00.0: Received IRQ : 505
[    2.479159] ipr 0001:08:00.0: Request for 2 MSIXs succeeded.
[    2.479984] ipr 0001:08:00.0: Initializing IOA.
[    2.480046] scsi host0: IBM 0 Storage Adapter
[    2.480359] ipr 0003:04:00.0: Found IOA with IRQ: 0
[    2.480645] ipr 0003:04:00.0: enabling device (0140 -> 0142)
[    2.480787] ipr 0003:04:00.0: Using 64-bit DMA iommu bypass
[    2.481136] ipr 0003:04:00.0: Received IRQ : 499
[   =20
2.481264] ipr 0003:04:00.0: Request for 2 MSIXs succeeded.
[    2.482043] ipr 0003:04:00.0: Initializing IOA.
[    2.482149] scsi host1: IBM 0 Storage Adapter

=1B(B=1B)0=1B[1;24r=1B[m=0F=1B[?7h=1B[?1h=1B=3D=1B[H=1B[J=1B[H=1B[J Petitbo=
ot (v1.4.4-e1658ec)
=1B[1B =1B[0m=0Eqqqqqqqqqqqqqqqqqqqqqqqqqqqqqqqqqqqqqqqqqqqqqqqqqqqqqqqqqqq=
qqqqqqqqqqqqqqqqqqq=0F
=1B[2B  =1B[0m=0E=0FSystem information
=1B[1B  Sy
ipmitool -H X.X.X.X -I lanplus -P passwd sel elist
OpTestSystem TRANSITIONED TO: 3
OpTestSystem TRANSITIONED TO: 5
stem configuration
=1B[1B  System status log
=1B[1B  Language
=1B[1B  Rescan devices
=1B[1B  Retrieve config from URL
=1B[1B *=1B[0;7m=0FExit to shell           =1B[12B=1B[25D=1B[0m=0Eqqqqqqqqq=
qqqqqqqqqqqqqqqqqqqqqqqqqqqqqqqqqqqqqqqqqqqqqqqqqqqqqqqqqqqqqqqqqqqqq=0F
=1B[1B =1B[0m=0E=0FEnter=3Daccept, e=3Dedit, n=3Dnew, x=3Dexit, l=3Dlanguag=
e, g=3Dlog, h=3Dhelp
=1B[1B Welcome to Petitboot
 Info: Waiting for device discovery
=1B[J=1B[1;64H8247-22L 2139F6A
=1B[23B [enP3p5s0f0] Configuring with static address (ip: 9.40.192.88/24)

 *** WaitForIt CURRENT STATE "05" TARGET STATE "06"
 *** WaitForIt working on transition
 *** Current loop iteration "02"             - Reconnect attempts "00" - lo=
op_max "100"
 *** WaitForIt timeout interval "05" seconds - Stale buffer check every "12=
" times

 *** WaitForIt Refresh=3D"0" Buffer Kicker=3D"1" - Kill Cord=3D"150"


 *** WaitForIt CURRENT STATE "05" TARGET STATE "06"
 *** WaitForIt working on transition
 *** Current loop iteration "03"             - Reconnect attempts "00" - lo=
op_max "100"
 *** WaitForIt timeout interval "05" seconds - Stale buffer check every "12=
" times

 *** WaitForIt Refresh=3D"0" Buffer Kicker=3D"1" - Kill Cord=3D"150"


 [sdc6] Processing new Disk device=1B[K
=1B[29D5=1B[24;35H
=1B[29D2=1B[24;35H
=1B[24;10Harsed GRUB configuration from /grub2/grub.cfg=1B[3;21r=1B[3;1H=1B=
M=1BM=1B[1;24r=1B[3;3H[Disk: sdc2 / 410f86ac-2e27-479b-a4ea-137c120f380a]=
=1B[1B=1B[49DFedora (4.19.0-0.rc5.git3.1.fc30.ppc64le) 30 (Server Edit
ion)=1B[12;27H=1B[0;7m=0F                                       =1B[24;55H=
=1B[m=0F=1B[4;21r=1B[4;1H=1BM=1B[1;24r=1B[4;5HFedora (0-rescue-ee34a2f03c71=
412a9e456d1d75624320) 30 (Server Edition)=1B[13;66H=1B[0;7m=0F         =1B[=
24;55H
=1B[m=0F=1B[50Db2] Processing new Disk device=1B[K
=1B[24;10Harsed GRUB configuration from /grub2/grub.cfg
 Booting in 10 sec: Fedora (4.20.0-rc4-gd35c78239) 30 (Rawhide)=1B[6;21r=1B=
[6;1H=1BM=1BM=1B[1;24r=1B[6;3H[Disk: sdb2 / 8ba09aad-722c-412a-8f79-d65aabc=
6127d]=1B[
1B=1B[49DFedora (4.20.0-rc4-gd35c78239) 30 (Rawhide)=1B[24;64H=1B[7;21r=1B[=
7;1H=1BM=1B[1;24r=1B[7;5HFedora (4.20.0-rc4-ga932cbc34) 30 (Rawhide)=1B[24;=
64H=1B[7;21r=1B[7;1H=1BM=1B[1;24r=1B[7;5HFedora (0-rescue-c52acf7c8cd840f88=
608f77cc09506b5) 30 (Rawhide)=1B[24;64H
=1B[24;13H9 sec: Fedora (4.20.0-rc4-gd35c78239) 30 (Rawhide) =08

 *** WaitForIt CURRENT STATE "05" TARGET STATE "06"
 *** WaitForIt working on transition
 *** Current loop iteration "04"             - Reconnect attempts "00" - lo=
op_max "100"
 *** WaitForIt timeout interval "05" seconds - Stale buffer check every "12=
" times

 *** WaitForIt Refresh=3D"0" Buffer Kicker=3D"1" - Kill Cord=3D"150"

=1B[24;13H8=1B[24;63H
=1B[24;13H7=1B[24;63H
=1B[24;13H6=1B[24;63H
=1B[24;13H5=1B[24;63H
=1B[24;13H4=1B[24;63H

 *** WaitForIt CURRENT STATE "05" TARGET STATE "06"
 *** WaitForIt working on transition
 *** Current loop iteration "05"             - Reconnect attempts "00" - lo=
op_max "100"
 *** WaitForIt timeout interval "05" seconds - Stale buffer check every "12=
" times

 *** WaitForIt Refresh=3D"0" Buffer Kicker=3D"1" - Kill Cord=3D"150"

=1B[24;13H3=1B[24;63H
=1B[24;13H2=1B[24;63H
=1B[24;13H1=1B[24;63H
=1B[24;10HFedora (4.20.0-rc4-gd35c78239) 30 (Rawhide)          =1B[24;53H
