Return-Path: <linux-kernel-owner@vger.kernel.org>
Delivered-To: unknown
Received: from pop3.zju.edu.cn (61.164.42.155:110) by
  likexu-MOBL1.ccr.corp.intel.com with POP3; 11 Nov 2018 15:04:36 -0000
Received: from icoremail.net (unknown [209.85.215.169])
	by mail-app2 (Coremail) with SMTP id by_KCgA3cI4ts+dbEQhzAQ--.38102S3;
	Sun, 11 Nov 2018 12:42:22 +0800 (CST)
Received: from mail-pg1-f169.google.com (unknown [209.85.215.169])
	by mx2.icoremail.net (Coremail) with SMTP id AQAAfwBX0Ewps+db5g0qAA--.3336S3;
	Sun, 11 Nov 2018 12:42:17 +0800 (CST)
Received: by mail-pg1-f169.google.com with SMTP id 70so2554989pgh.8
        for <xuliker@zju.edu.cn>; Sat, 10 Nov 2018 20:42:17 -0800 (PST)
X-Google-DKIM-Signature: v=1; a=rsa-sha256; c=relaxed/relaxed;
        d=1e100.net; s=20161025;
        h=x-original-authentication-results:x-gm-message-state:delivered-to
         :from:content-transfer-encoding:mime-version:subject:message-id:date
         :cc:to:sender:precedence:list-id;
        bh=RcN9SJ1tX4dlpvDyRGhsKGFLJgltlnPkmqVccWug7Bg=;
        b=IyjQ0VxG6HcHmmYoETvvOV4fQ+3zNs5SvSWT646pW/4iQPhqT1kEG5wYt9IQ2KpBpL
         J+ZKT5eBevp3bL/m5yX3fNvH9j30g/dLY0QhS0va6dYUBPvEEbTeTRhfSLgSCW/GO9Rn
         vkQFdlfAOgrTuQ2unpKCQdSoH/P9LRs5YlL59C9vt41dL4Hzb19T+IOyKezOxcl1P/4r
         96IsKbVtzcZjk/rtLdD+ih68tg8x+MWYe+dxewN3/pZwY3lFm7M9rl1qtJxyOZbno7M5
         VNWzgvkkDJWKNnrzvgSvYcqpgpdIIaW5sNjTUGpqcokV+KgZgNWhdASlOkE+tVNG0nWb
         inTg==
X-Original-Authentication-Results: mx.google.com;       spf=pass (google.com: best guess record for domain of linux-kernel-owner@vger.kernel.org designates 209.132.180.67 as permitted sender) smtp.mailfrom=linux-kernel-owner@vger.kernel.org
X-Gm-Message-State: AGRZ1gKC/Sqqh1brNkEx8rLU4E8DQ308PfDDGl7KG3fqpL8NMO9oZ6y1
	0bJgJWc/Y43wDZ7DcUdJ12ndr8vFU8F1D5M6FC7IuYlfpxFiaCM=
X-Received: by 2002:a62:c20b:: with SMTP id l11-v6mr15631634pfg.251.1541911337275;
        Sat, 10 Nov 2018 20:42:17 -0800 (PST)
X-Forwarded-To: xuliker@zju.edu.cn
X-Forwarded-For: liker.xu@gmail.com xuliker@zju.edu.cn
Delivered-To: liker.xu@gmail.com
Received: by 2002:a17:90a:c304:0:0:0:0 with SMTP id g4-v6csp1758232pjt;
        Sat, 10 Nov 2018 20:42:15 -0800 (PST)
X-Google-Smtp-Source: AJdET5cGtIbt+LlnMsYPHwFPN0Zq0TLxiETo7rVBq1BU6GxfJhRpdUJa5Vx4xISMjTVdbC0Pl3hI
X-Received: by 2002:a62:204a:: with SMTP id g71-v6mr14998311pfg.28.1541911335717;
        Sat, 10 Nov 2018 20:42:15 -0800 (PST)
ARC-Seal: i=1; a=rsa-sha256; t=1541911335; cv=none;
        d=google.com; s=arc-20160816;
        b=q7MkBqn1VbrBgkxIbmYqNlIWkeKi/0JVM9QBUt4NoYQrkuth4+ThSqWg9jGhFaIG4q
         rmBQ7I2o6ZA+fRO5GT1tNqjWOS9kRUaBac0QWXgjcnEwfkjwghcitciKjpJW5z6qTMS3
         aS+JRR668kH3I4vgeqa/O4ZNj3l9571WxNgCAwT7yJGx0G0qzcZDy2nL3yVkMgu3+aS9
         i8YCOjMEUXBHJJOGFPPZGkMPmd/UC1Ri4+0sFbSO/vtfLDcjLWAE1JGuYVtEWNW3iayO
         GydLvieD7m9p5vEjT17wVpKjcg1GTBz8XzkneRvb6HZIhCZG781AD/pw6b0+b426VQpJ
         II4Q==
ARC-Message-Signature: i=1; a=rsa-sha256; c=relaxed/relaxed; d=google.com; s=arc-20160816;
        h=list-id:precedence:sender:to:cc:date:message-id:subject
         :mime-version:content-transfer-encoding:from;
        bh=RcN9SJ1tX4dlpvDyRGhsKGFLJgltlnPkmqVccWug7Bg=;
        b=0NfsNJuLaGobgp6p1FxQ4xT18zSMUho88bEL4nv7cxKmQEs+I/5bTs0raTcZNhATY4
         XwKPOZpzv+rqJRCCAjKfyAixvYp7MV6oMvfxgxG8c2Z1f5aKDfOTqOBZQ+Ts8idyeZtn
         ZKuiYYBwmXK3M23ZMdDb3WnSbTbUbgC6XQoOXZ2y9NDOTf/pvKUhWJ/s+jVJ6lfHEbpG
         mZSekK5e5FLhX4caVttkXrbg+s9BIw6W1LMAYZ2wCo3doipgNHxvM0JcGFsfJEN5WjNi
         zp7celVTgtXwBKhSzMJ+PV81ZYkS1bj9wqT9IVc7niW08SKM8RHEdS1SOPddp7g1ZHqU
         c2hQ==
ARC-Authentication-Results: i=1; mx.google.com;
       spf=pass (google.com: best guess record for domain of linux-kernel-owner@vger.kernel.org designates 209.132.180.67 as permitted sender) smtp.mailfrom=linux-kernel-owner@vger.kernel.org
Received: from vger.kernel.org (vger.kernel.org. [209.132.180.67])
        by mx.google.com with ESMTP id r39-v6si13859373pld.297.2018.11.10.20.41.49;
        Sat, 10 Nov 2018 20:42:15 -0800 (PST)
Received-SPF: pass (google.com: best guess record for domain of linux-kernel-owner@vger.kernel.org designates 209.132.180.67 as permitted sender) client-ip=209.132.180.67;
Received: (majordomo@vger.kernel.org) by vger.kernel.org via listexpand
        id S1727448AbeKKO3L convert rfc822-to-8bit (ORCPT
        <rfc822;berg.ding@gmail.com> + 99 others);
        Sun, 11 Nov 2018 09:29:11 -0500
Received: from mout.gmx.net ([212.227.17.21]:42401 "EHLO mout.gmx.net"
        rhost-flags-OK-OK-OK-OK) by vger.kernel.org with ESMTP
        id S1727344AbeKKO3K (ORCPT <rfc822;linux-kernel@vger.kernel.org>);
        Sun, 11 Nov 2018 09:29:10 -0500
Received: from [192.168.1.153] ([74.104.183.64]) by mail.gmx.com (mrgmx102
 [212.227.17.174]) with ESMTPSA (Nemesis) id 0LnlmV-1fr2Bb47At-00hzmj; Sun, 11
 Nov 2018 05:41:37 +0100
From: Qian Cai <cai@gmx.us>
Content-Type: text/plain;
        charset=us-ascii
Content-Transfer-Encoding: 8BIT
Mime-Version: 1.0 (Mac OS X Mail 12.0 \(3445.100.39\))
Subject: crashkernel=512M is no longer working on this aarch64 server
Message-Id: <1A7E2E89-34DB-41A0-BBA2-323073A7E298@gmx.us>
Date: Sat, 10 Nov 2018 23:41:34 -0500
Cc: linux-mm@kvack.org,
        "Kirill A. Shutemov" <kirill.shutemov@linux.intel.com>,
        Martin Schwidefsky <schwidefsky@de.ibm.com>
To: linux-kernel@vger.kernel.org
X-Mailer: Apple Mail (2.3445.100.39)
X-Provags-ID: V03:K1:XtDa7QJ6K0jE3PIxeDoHWzJQZIiQxEpx5w1p9Lso7Y3ZQGNv8li
 3Lp1V5H9KNvlT8NVhg/XuAZVXYGfpoZD0pGxGJ/wN/1/YsB22hOHXoemoo1VpK6o1gLHD/w
 vCepLtLb/XLcl2VPsURvH5CrVBAAWVm84/p5oD0RNPp6drdWdR9V6t35tS/THZanPrJUmAy
 TdrYi86rgCKvCBkxKiXIQ==
X-Spam-Flag: NO
X-UI-Out-Filterresults: notjunk:1;V01:K0:mt+vNIJAjvY=:k+eOiqbSviZsSJQV5TJVRT
 Dq+yuPwOsAUmPnpEJM16y80lQlQHm9tegHufURSApcdnreOI+H0g0d2jmxyyN1RIYP22RXgf6
 Z25OwNneGUODftxPGb7k2AoL7vgrfrDvvDHWZMXDcFNzlPVLQ0O+u1CaLQ5YqvuyJEvhWJR53
 DbuiPeQK4TwEkxlzwfLgocKgRVMr6xxCjJFnDnSVlWtdj9lS6G47g9AQr6jlyh4CJsj76h9+z
 XyXmTCuXC0QCQXQnFxhXKvVW8kBozU0x1g64Ps6elZ0RyPkR5Kxa++1/MtA/GQhMrMNExe1tm
 BPZx3SbzgLUXZaMuo2t1wLSQN6qW3Gxrlaq+qtQa22UYVRF0hD/si2MyovL6N5sLKD1cDD4zE
 Q7oxK1+w8Rw2HZ0ExuCZ6Ta6xN6OxP132LlsqrASmbKUPST5pHgEb7Mv/P18ONkVSBfqsJ3kA
 yDeJHI/iUO29ld+LzSj2Z14538n9zi0iGVhOqnE5ufrWfthIBuEr5aT5hNKInwk07OTAcQemg
 5iYu3mBZbK/1dNS1faB+gi38EFwEuGTS1iaIvxF6+DIdoOGj8mNM1Tl83f2B5GomrFBSez61P
 cK4NbHVCZpk5Wp0b++CmO4m4LRYsbRp80lnAsh8Y+KX5/8r8pxD/XRbcWZQ41z+YUMa6uJSSb
 aKbZhxZEQUsg5ngxTjLUNDpwlo83fasTDuQJc+r/8pt0ryQ2xYqEmry+HbzEldkj6p71vMS1J
 iVOxMlmWmZr7W+kuZe/mOuheFzfglbQZeEIOMY8ztp7GOYNU7v02V9eD85Yp/Gqwr3vELgiL3
 ZgsklpkBra55zoA1kl8gbG/Hs29lylvxMaU6EgSF8bcHexzlg5pldVUmQU1nyDE2BpHhoAmMb
 4LOnn8+HQEVf+pXgF3H6N5rqQpfnfF8IiVIVSHYsA4FB4oGOQK4yUDA9wwkczp
Sender: liker.xu+caf_=xuliker=zju.edu.cn@gmail.com
Precedence: bulk
List-ID: <linux-kernel.vger.kernel.org>
X-Mailing-List: linux-kernel@vger.kernel.org
X-CM-TRANSID: AQAAfwBX0Ewps+db5g0qAA--.3336S3
Authentication-Results: mail-app2; spf=pass smtp.mail=liker.xu+caf_=xu
	liker=zju.edu.cn@gmail.com;
X-Coremail-Antispam: 1UD129KBjvJXoWxXFyDXr4rGr1xJF13Wr15urg_yoWrZr43pr
	W5Xr1UWFWkJF17Ar4xJF13Jr1DtF4I9an8Gr17Jr129w1DGr15uryDJrWIgF9rAr45Jr17
	tF4kJr4Utr10yw7anT9S1TB71UUUUUUqnTZGkaVYY2UrUUUUjbIjqfuFe4nvWSU8nxnvy2
	9KBjDU0xBIdaVrnRJUUUPvb7Iv0xC_KF4lb4IE77IF4wAFF20E14v26r1j6r4UM7CIcVAF
	z4kK6r1j6r18M28lY4IEw2IIxxk0rwA2F7IY1VAKz4vEj48ve4kI8wA2z4x0Y4vE2Ix0cI
	8IcVAFwI0_Xr0_Ar1l84ACjcxK6xIIjxv20xvEc7CjxVAFwI0_Gr0_Cr1l84ACjcxK6I8E
	87Iv67AKxVW0oVCq3wA2z4x0Y4vEx4A2jsIEc7CjxVAFwI0_GcCE3s1le2I262IYc4CY6c
	8Ij28IcVAaY2xG8wAqx4xG64xvF2IEw4CE5I8CrVC2j2WlYx0E2Ix0cI8IcVAFwI0_Jr0_
	Jr4lYx0Ex4A2jsIE14v26r1j6r4UMcvjeVCFs4IE7xkEbVWUJVW8JwACjcxG0xvY0x0EwI
	xGrwCjxxvEa2IrMxkF7I0Ew4C26cxK6c8Ij28IcwCY1Ik26cxK6xAEc7vF6xCjj44lc2xS
	Y4AK6IIF6r45MxkI7II2jI8vz4vEwIxGrwCYIxAIcVC0I7IYx2IY67AKxVWUJVWUCwCYIx
	AIcVC0I7IYx2IY6xkF7I0E14v26r1j6r4UMxvI42IY6I8E87Iv67AKxVW8Jr0_Cr1UMxvI
	42IY6I8E87Iv6xkF7I0E14v26r4UJVWxJr1l42xK82IYc2Ij64vIr41l42xK82IY64kExV
	AvwVAq07x20xyl4x8a6x804xWl4I8I3I0E4IkC6x0Yz7v_Jr0_Gr1lx2IqxVAqx4xG67AK
	xVWUJVWUGwC20s026x8GjcxK67AKxVWUGVWUWwC2zVAF1VAY17CE14v26r126r1DMIIYrx
	kI7VAKI48JMIIF0xvE42xK8VAvwI8IcIk0rVWrJr0_WFyUJbIYCTnIWIevJa73UjIFyTuY
	vjxUqubyDUUUU

It was broken somewhere between b00d209241ff and 3541833fd1f2.

[    0.000000] cannot allocate crashkernel (size:0x20000000)

Where a good one looks like this,

[    0.000000] crashkernel reserved: 0x0000000008600000 - 0x0000000028600000 (512 MB)

Some commits look more suspicious than others.

      mm: add mm_pxd_folded checks to pgtable_bytes accounting functions
      mm: introduce mm_[p4d|pud|pmd]_folded
      mm: make the __PAGETABLE_PxD_FOLDED defines non-empty

# diff -u ../iomem.good.txt ../iomem.bad.txt 
--- ../iomem.good.txt	2018-11-10 22:28:20.092614398 -0500
+++ ../iomem.bad.txt	2018-11-10 20:39:54.930294479 -0500
@@ -1,9 +1,8 @@
 00000000-3965ffff : System RAM
   00080000-018cffff : Kernel code
-  018d0000-020affff : reserved
-  020b0000-045affff : Kernel data
-  08600000-285fffff : Crash kernel
-  28730000-2d5affff : reserved
+  018d0000-0762ffff : reserved
+  07630000-09b2ffff : Kernel data
+  231b0000-2802ffff : reserved
   30ec0000-30ecffff : reserved
   35660000-3965ffff : reserved
 39660000-396fffff : reserved
@@ -127,7 +126,7 @@
   7c5200000-7c520ffff : 0004:48:00.0
 1040000000-17fbffffff : System RAM
   13fbfd0000-13fdfdffff : reserved
-  16fba80000-17fbfdffff : reserved
+  16fafd0000-17fbfdffff : reserved
   17fbfe0000-17fbffffff : reserved
 1800000000-1ffbffffff : System RAM
   1bfbff0000-1bfdfeffff : reserved

The memory map looks like this,

[    0.000000] ACPI: Early table checksum verification disabled
[    0.000000] ACPI: RSDP 0x00000000398D0014 000024 (v02 HISI  )
[    0.000000] ACPI: XSDT 0x00000000398C00E8 000064 (v01 HISI   HIP07    00000000      01000013)
[    0.000000] ACPI: FACP 0x0000000039770000 000114 (v06 HISI   HIP07    00000000 INTL 20151124)
[    0.000000] ACPI: DSDT 0x0000000039730000 00691A (v02 HISI   HIP07    00000000 INTL 20170728)
[    0.000000] ACPI: MCFG 0x00000000397C0000 0000AC (v01 HISI   HIP07    00000000 INTL 20151124)
[    0.000000] ACPI: SLIT 0x00000000397B0000 00003C (v01 HISI   HIP07    00000000 INTL 20151124)
[    0.000000] ACPI: SRAT 0x00000000397A0000 000578 (v03 HISI   HIP07    00000000 INTL 20151124)
[    0.000000] ACPI: DBG2 0x0000000039790000 00005A (v00 HISI   HIP07    00000000 INTL 20151124)
[    0.000000] ACPI: GTDT 0x0000000039760000 00007C (v02 HISI   HIP07    00000000 INTL 20151124)
[    0.000000] ACPI: APIC 0x0000000039750000 0014E4 (v04 HISI   HIP07    00000000 INTL 20151124)
[    0.000000] ACPI: IORT 0x0000000039740000 000554 (v00 HISI   HIP07    00000000 INTL 20170728)
[    0.000000] ACPI: SRAT: Node 0 PXM 0 [mem 0x00000000-0x3fffffff]
[    0.000000] ACPI: SRAT: Node 1 PXM 1 [mem 0x1800000000-0x1fffffffff]
[    0.000000] ACPI: SRAT: Node 0 PXM 0 [mem 0x1000000000-0x17ffffffff]
[    0.000000] ACPI: SRAT: Node 3 PXM 3 [mem 0x9000000000-0x97ffffffff]
[    0.000000] ACPI: SRAT: Node 2 PXM 2 [mem 0x8800000000-0x8fffffffff]
[    0.000000] NUMA: NODE_DATA [mem 0x17fbffe5c0-0x17fbffffff]
[    0.000000] NUMA: NODE_DATA [mem 0x1ffbffe5c0-0x1ffbffffff]
[    0.000000] NUMA: NODE_DATA [mem 0x8ffbffe5c0-0x8ffbffffff]
[    0.000000] NUMA: NODE_DATA [mem 0x97fadce5c0-0x97fadcffff]
[    0.000000] Zone ranges:
[    0.000000]   DMA32    [mem 0x0000000000000000-0x00000000ffffffff]
[    0.000000]   Normal   [mem 0x0000000100000000-0x00000097fbffffff]
[    0.000000] Movable zone start for each node
[    0.000000] Early memory node ranges
[    0.000000]   node   0: [mem 0x0000000000000000-0x000000003965ffff]
[    0.000000]   node   0: [mem 0x0000000039660000-0x00000000396fffff]
[    0.000000]   node   0: [mem 0x0000000039700000-0x000000003977ffff]
[    0.000000]   node   0: [mem 0x0000000039780000-0x000000003978ffff]
[    0.000000]   node   0: [mem 0x0000000039790000-0x00000000397cffff]
[    0.000000]   node   0: [mem 0x00000000397d0000-0x00000000398bffff]
[    0.000000]   node   0: [mem 0x00000000398c0000-0x00000000398dffff]
[    0.000000]   node   0: [mem 0x00000000398e0000-0x0000000039d5ffff]
[    0.000000]   node   0: [mem 0x0000000039d60000-0x000000003ed4ffff]
[    0.000000]   node   0: [mem 0x000000003ed50000-0x000000003ed7ffff]
[    0.000000]   node   0: [mem 0x000000003ed80000-0x000000003fbfffff]
[    0.000000]   node   0: [mem 0x0000001040000000-0x00000017fbffffff]
[    0.000000]   node   1: [mem 0x0000001800000000-0x0000001ffbffffff]
[    0.000000]   node   2: [mem 0x0000008800000000-0x0000008ffbffffff]
[    0.000000]   node   3: [mem 0x0000009000000000-0x00000097fbffffff]
