Return-Path: <linux-kernel-owner@vger.kernel.org>
Delivered-To: unknown
Received: from linux.intel.com (10.54.29.200:995) by i7-8700 with POP3-SSL;
  18 Dec 2018 08:43:46 -0000
X-Original-To: like.xu@linux.intel.com
Delivered-To: like.xu@linux.intel.com
Received: from orsmga007.jf.intel.com (orsmga007.jf.intel.com [10.7.209.58])
	(using TLSv1.2 with cipher ECDHE-RSA-AES256-GCM-SHA384 (256/256 bits))
	(No client certificate requested)
	by linux.intel.com (Postfix) with ESMTPS id 5A6625805AD;
	Mon, 17 Dec 2018 04:58:16 -0800 (PST)
Received: from orsmga101.jf.intel.com ([10.7.208.22])
  by orsmga007-1.jf.intel.com with ESMTP/TLS/DHE-RSA-AES256-GCM-SHA384; 17 Dec 2018 04:58:16 -0800
X-SG-BADATTACHMENTNOREPLY: True
IronPort-PHdr: =?us-ascii?q?9a23=3AsLomfBGVrL0TK6tFNCOzjJ1GYnF86YWxBRYc798d?=
 =?us-ascii?q?s5kLTJ75o8m4bnLW6fgltlLVR4KTs6sC17KG9fi4EUU7or+5+EgYd5JNUxJXwe?=
 =?us-ascii?q?43pCcHRPC/NEvgMfTxZDY7FskRHHVs/nW8LFQHUJ2mPw6arXK99yMdFQviPgRp?=
 =?us-ascii?q?OOv1BpTSj8Oq3Oyu5pHfeQpFiCa+bL9oMBm6sRjau9ULj4dlNqs/0AbCrGFSe+?=
 =?us-ascii?q?RRy2NoJFaTkAj568yt4pNt8Dletuw4+cJYXqr0Y6o3TbpDDDQ7KG81/9HktQPC?=
 =?us-ascii?q?TQSU+HQRVHgdnwdSDAjE6BH6WYrxsjf/u+Fg1iSWIdH6QLYpUjm58axlVAHnhz?=
 =?us-ascii?q?sGNz4h8WHYlMpwjL5AoBm8oxBz2pPYbJ2JOPZ7eK7WYNEUSndbXstJWSJPAp2y?=
 =?us-ascii?q?YZYMAeoPMulXs5TyqFkAohulHQmhBvjiyiNUinLswaE2z/4sHR/A0Qc9H9wOqn?=
 =?us-ascii?q?PUrNDtOakVUOC60KnIwi/Hb/hL2zn975THchMmofqRWr9wdMrRyU4zGAPGiVWd?=
 =?us-ascii?q?so/lMC2P1uQLrWeb6/BsVeW1i24osgx8pCWkyMQ0ioTRmI4Z1lTJ+T9kzIs7O9?=
 =?us-ascii?q?G0UlN3bN24HJdKtiyXNZN6Tt4mTmxooio217MLtJ6hcCQU1pgr2wTTZ+KHfoWH?=
 =?us-ascii?q?5B/oSfyfLi1ihH1/fbKynxay/lakyu37TsS0zllKoTRfktXWtXACyQbT6s6ZRf?=
 =?us-ascii?q?t55Euh3iyP1w/L5uFFJ0A7i7bbJoY/zrIskpcfq1nPEyHolEnskaObdVko9vKp?=
 =?us-ascii?q?5unlernmo4WTN45wigHwKKQuncm/DPw8MggPWWib5Ou92KTg/ULnWrVKiOM5kq?=
 =?us-ascii?q?3AvJDdK8UboLC2AxVO34Y95BawES2m3M4bnXYZNlJFfgyIj4zzN1HJOvD4Au+z?=
 =?us-ascii?q?g06wnzdz2/DGIrrhD43JLnjCk7fuY6xx6kFByAcoydBf5pRUCqwOIf7pW0/xss?=
 =?us-ascii?q?DYAQE9MwCu3+nnD9B93JsEWW2TGq+ZLL/SsViQ6+IvOeaMZZMVtyz6K/Q/5/7u?=
 =?us-ascii?q?kGU2mVkSfaSy2ZsXaXa4HulpIkmDYHrshMsBHnkOvgYkUOPqj1iCWyZJZ3muR6?=
 =?us-ascii?q?I8+i07CIW+AIfBQYCinqaN3CS8Hp1QYGBGDUuBEXPpd4WCRvcNZzieIs5nkjwY?=
 =?us-ascii?q?S7ehT5Ut2g2ptA//07BnNPbb+jUEtZL/09h4//fclQoy9TxzDMSRyXuNQHt2nm?=
 =?us-ascii?q?4TQz823aZ/oVFyy1uZ0Kh4heBYGsJX5/9TTgg6MpvcxfRgC9/uQgLBYsuJSFG+?=
 =?us-ascii?q?T9WlGz4xSMg9w9sPY0lnHdWigQvO3y6rA78TiryKC4Y48qPa33jtOcl9z2zK27?=
 =?us-ascii?q?Umj1kjWsFPL3GphrZj9wjPAI7Ei1iWmLy0dasCxiLN9H2MzWyVvE5GVg58VqHF?=
 =?us-ascii?q?XXMaZkvSttn54kLCT7mzCbUoKAdByMiCKrdUZd3tl1lJWPDjONHGaWKrh2iwHQ?=
 =?us-ascii?q?qIxq+LbIfyZmoSxjvdB1YenwAT53mGMxM+CTmno2/FCDxuFFTvY17j8OVkqXO7?=
 =?us-ascii?q?SFM0wB+Ob0F7y7W1/RsVj+SGS/wPxrIEpDshqzJsEVah3tLWDt2ApxZhfKRce9?=
 =?us-ascii?q?89/E1L1WXDtwx5P5ygKa9ii0UacwR2uUPuyhp2Bp9BkcgssHMl0g5yJbiE31NG?=
 =?us-ascii?q?cjOSxYrwNaHPKmnu4BCvbLbb1Uva0NmI9aYA9vQ5p0/4swG0C0Ut6XNn09pS03?=
 =?us-ascii?q?uC/ZjKCAsSUZTsUkc47RR6prfaYjUj6IPQz3FjLa60sjra0dIzGOQl0gqgf8tY?=
 =?us-ascii?q?MK6cFA7yDtcWCNS0JO0rm1imdBQEPO9J+a4wPsOmceaG2aGxMOZhmjKmkXpI4I?=
 =?us-ascii?q?Rn3k2Q8Cp8T/bC34wZzPGAwguHSzD8gU+7ssD2hY9LfysSEXe4yST+Ao5eeLdy?=
 =?us-ascii?q?fYcSBWiyOcK3wshxiID3W35f8l6uHFcG2M6veRqPYF3xxwxQ1UILoXO5nSu01S?=
 =?us-ascii?q?B7kzYsrqCHxizB3/zidAYbOm5MXGRjjVbsLZK0jtwAR0iocg4pmQCh5Ub7wahb?=
 =?us-ascii?q?uat+I3PSQUdOYyj5MWViXrGsubqFZs5F8IkovjlPUOSgfVCaTabwoxkA3CP5HG?=
 =?us-ascii?q?texzc7eyuxuprjnBx6i2OdLHBto3rfYsxwwRbf5NrBRf9exDYGRS94iSXJCVi4?=
 =?us-ascii?q?JdWm4dKUl5LbuOCkS22hToFTcTXszY6YtCq0/2pqDQe9n/CynN3qCgw60S7919?=
 =?us-ascii?q?l3WiTEthf8Yo/316ukNeJrZFVnBFj568BiAIFxjpMwhI0M2XgdnpiV/mAIkWbp?=
 =?us-ascii?q?PdVbxKLxdnwNRTEQzt7R4Qjl3lBjL32Ty4L4UHWd3tVuZ92gbmwK3SI96thACL?=
 =?us-ascii?q?2I47xcgSt1vl24oBrUYfh8nTcS0+Ei6XAEjOESpAoi0D+dDasMEklCMizhjBCI?=
 =?us-ascii?q?79G4rKVKa2eja7mw1Exind+/CLGOuB1TWHH8ep06By9/8t1/ME7Q0H308ozkZN?=
 =?us-ascii?q?7QbdcJuhyViRjAifVVKIkqlvoLnidnPWP9vXs4y+80lxBu3Je6vJSZJGVp5q62?=
 =?us-ascii?q?HhlYNjjtbcMJ5j7tlbpentqR3423BZpuADILXJ/1Tf6yFDISqO/qNwKPED06t3?=
 =?us-ascii?q?eaFqDTHQ6Z6Ed6sX3PF4qnOG2QJHkc1d9iXgWSJFRDgAAIWzU3hpw5GRqvxMP/?=
 =?us-ascii?q?a0d1/CwR6kT7qhtRyeJoKh//XX3EpAqzbjc0SZ6fLAdZ7w1Y5kfVN9Ce4fx3Hy?=
 =?us-ascii?q?1C4pKhqwmNIHSBZwtUFWEJRlCEB1f7M7iu4tnA7vGYBvekIPvIe7mOsuteV/GH?=
 =?us-ascii?q?xZ+01otm/jCMNtiAP3V4Dv073FZDUm59G8jDhzoPTCkXnTrXb8GHvBe85jF3rs?=
 =?us-ascii?q?en/fTrRg3v5IiPC7hTMdl1+BC2m6CDN+GOiyZjNDZYzYgBxXvJyLgZwV4ThDti?=
 =?us-ascii?q?dzirEbQcqyHNSLjclbNQDx4ecylzLtdH77og3glRPs7Wksn61qNjgf4vFVhEVU?=
 =?us-ascii?q?btmsWoZcERJ2G9NVXHBFuENbicJD3Lxd33br24SbFKkOpUsBiwsy6BE0D/JjSD?=
 =?us-ascii?q?iyXpVxe3POFQjSGbOQZSt52nfhlxCWjsUtTmZwa/MN92iz023LI1imnLNW4aLT?=
 =?us-ascii?q?hzbUdNoqeM4iNfh/V1A3ZB4WZ9LemYhyaZ6PHVK5YMvvttByR0luRa72w7yrtV?=
 =?us-ascii?q?9i5EQvN1lTDWrt5vpVGmj+aOxiBmUBpItjZEmoaLsV9+NqXe85kTEUrDqSoM62?=
 =?us-ascii?q?qeAhJCg9p4QonstrpWx9zBnaToADhH+tPQu8AbAp6HBtiANS8EMBHpETqcLAwO?=
 =?us-ascii?q?TjnjYWTfgEdel9mR+2eTo5x8rYLjzsldAoRHXUA4Q6tJQn9uG8YPddIuBmsp?=
X-IronPort-Anti-Spam-Filtered: true
X-IronPort-Anti-Spam-Result: =?us-ascii?q?A0ABAAA/nBdch0O0hNFkGgEBAQEBAgEBA?=
 =?us-ascii?q?QEHAgEBAQGBUQUBAQEBCwGDa4w8i3aCIWiWXIIyAYdVIjQJDQEDAQEBAQEBAgE?=
 =?us-ascii?q?TAQEBCgsJCCkvgjYkAYJiAwMBAiQTPwYJAQEKDhMTEgMMBUkYgx2CAQQBqQYzi?=
 =?us-ascii?q?h6MPheBQD+BEYJdNYpgAos2lWMJkU8LGIl/h1ObKoIOMxoIKAiDKJBbP4E3AQG?=
 =?us-ascii?q?NbAMBAQ?=
X-IPAS-Result: =?us-ascii?q?A0ABAAA/nBdch0O0hNFkGgEBAQEBAgEBAQEHAgEBAQGBUQU?=
 =?us-ascii?q?BAQEBCwGDa4w8i3aCIWiWXIIyAYdVIjQJDQEDAQEBAQEBAgETAQEBCgsJCCkvg?=
 =?us-ascii?q?jYkAYJiAwMBAiQTPwYJAQEKDhMTEgMMBUkYgx2CAQQBqQYzih6MPheBQD+BEYJ?=
 =?us-ascii?q?dNYpgAos2lWMJkU8LGIl/h1ObKoIOMxoIKAiDKJBbP4E3AQGNbAMBAQ?=
X-IronPort-AV: E=Sophos;i="5.56,365,1539673200"; 
   d="scan'208";a="45268372"
X-Amp-Result: UNSCANNABLE
X-Amp-File-Uploaded: False
Unscannable: 2
Received: from vger.kernel.org ([209.132.180.67])
  by mtab.intel.com with ESMTP; 17 Dec 2018 04:57:54 -0800
Received: (majordomo@vger.kernel.org) by vger.kernel.org via listexpand
        id S1732006AbeLQM5w (ORCPT <rfc822;like.xu@linux.intel.com>
        + 23 others); Mon, 17 Dec 2018 07:57:52 -0500
Received: from mx2.suse.de ([195.135.220.15]:37806 "EHLO mx1.suse.de"
        rhost-flags-OK-OK-OK-FAIL) by vger.kernel.org with ESMTP
        id S1727478AbeLQM5v (ORCPT <rfc822;linux-kernel@vger.kernel.org>);
        Mon, 17 Dec 2018 07:57:51 -0500
X-Virus-Scanned: by amavisd-new at test-mx.suse.de
Received: from relay2.suse.de (unknown [195.135.220.254])
        by mx1.suse.de (Postfix) with ESMTP id 48DE9AEE4;
        Mon, 17 Dec 2018 12:57:49 +0000 (UTC)
Date: Mon, 17 Dec 2018 13:57:48 +0100
From: Michal Hocko <mhocko@kernel.org>
To: Pingfan Liu <kernelfans@gmail.com>
Cc: Vlastimil Babka <vbabka@suse.cz>, linux-mm@kvack.org,
        linux-kernel@vger.kernel.org,
        Andrew Morton <akpm@linux-foundation.org>,
        Mike Rapoport <rppt@linux.vnet.ibm.com>,
        Bjorn Helgaas <bhelgaas@google.com>,
        Jonathan Cameron <Jonathan.Cameron@huawei.com>
Subject: Re: [PATCH] mm/alloc: fallback to first node if the wanted node
 offline
Message-ID: <20181217125748.GK30879@dhcp22.suse.cz>
References: <CAFgQCTsFBUcOE9UKQ2vz=hg2FWp_QurZMQmJZ2wYLBqXkFHKHQ@mail.gmail.com>
 <20181207113044.GB1286@dhcp22.suse.cz>
 <CAFgQCTuf95pJSWDc1BNQ=gN76aJ_dtxMRbAV9a28X6w8vapdMQ@mail.gmail.com>
 <20181207142240.GC1286@dhcp22.suse.cz>
 <CAFgQCTuu54oZWKq_ppEvZFb4Mz31gVmsa37gTap+e9KbE=T0aQ@mail.gmail.com>
 <20181207155627.GG1286@dhcp22.suse.cz>
 <20181210123738.GN1286@dhcp22.suse.cz>
 <CAFgQCTupPc1rKv2SrmWD+eJ0H6PRaizPBw3+AG67_PuLA2SKFw@mail.gmail.com>
 <20181212115340.GQ1286@dhcp22.suse.cz>
 <CAFgQCTuhW6sPtCNFmnz13p30v3owE3Rty5WJNgtqgz8XaZT-aQ@mail.gmail.com>
MIME-Version: 1.0
Content-Type: text/plain; charset=us-ascii
Content-Disposition: inline
In-Reply-To: <CAFgQCTuhW6sPtCNFmnz13p30v3owE3Rty5WJNgtqgz8XaZT-aQ@mail.gmail.com>
User-Agent: Mutt/1.10.1 (2018-07-13)
Sender: linux-kernel-owner@vger.kernel.org
Precedence: bulk
List-ID: <linux-kernel.vger.kernel.org>
X-Mailing-List: linux-kernel@vger.kernel.org

On Thu 13-12-18 16:37:35, Pingfan Liu wrote:
[...]
> [    0.409667] NUMA: Node 1 [mem 0x00000000-0x0009ffff] + [mem 0x00100000-0x7fffffff] -> [mem 0x00000000-0x7fffffff]
> [    0.419885] NUMA: Node 1 [mem 0x00000000-0x7fffffff] + [mem 0x100000000-0x47fffffff] -> [mem 0x00000000-0x47fffffff]
> [    0.430386] NODE_DATA(0) allocated [mem 0x87efd4000-0x87effefff]
> [    0.436352]     NODE_DATA(0) on node 5
> [    0.440124] Initmem setup node 0 [mem 0x0000000000000000-0x0000000000000000]
> [    0.447104] NODE_DATA(1) allocated [mem 0x47ffd5000-0x47fffffff]
> [    0.453110] NODE_DATA(2) allocated [mem 0x87efa9000-0x87efd3fff]
> [    0.459060]     NODE_DATA(2) on node 5
> [    0.462855] Initmem setup node 2 [mem 0x0000000000000000-0x0000000000000000]
> [    0.469809] NODE_DATA(3) allocated [mem 0x87ef7e000-0x87efa8fff]
> [    0.475788]     NODE_DATA(3) on node 5
> [    0.479554] Initmem setup node 3 [mem 0x0000000000000000-0x0000000000000000]
> [    0.486536] NODE_DATA(4) allocated [mem 0x87ef53000-0x87ef7dfff]
> [    0.492518]     NODE_DATA(4) on node 5
> [    0.496280] Initmem setup node 4 [mem 0x0000000000000000-0x0000000000000000]
> [    0.503266] NODE_DATA(5) allocated [mem 0x87ef28000-0x87ef52fff]
> [    0.509281] NODE_DATA(6) allocated [mem 0x87eefd000-0x87ef27fff]
> [    0.515224]     NODE_DATA(6) on node 5
> [    0.518987] Initmem setup node 6 [mem 0x0000000000000000-0x0000000000000000]
> [    0.525974] NODE_DATA(7) allocated [mem 0x87eed2000-0x87eefcfff]
> [    0.531953]     NODE_DATA(7) on node 5
> [    0.535716] Initmem setup node 7 [mem 0x0000000000000000-0x0000000000000000]

OK, so we have allocated node_data for all NUMA nodes. Good!

> [    0.542839] Reserving 500MB of memory at 384MB for crashkernel (System RAM: 32314MB)
> [    0.550465] Zone ranges:
> [    0.552927]   DMA      [mem 0x0000000000001000-0x0000000000ffffff]
> [    0.559081]   DMA32    [mem 0x0000000001000000-0x00000000ffffffff]
> [    0.565235]   Normal   [mem 0x0000000100000000-0x000000087effffff]
> [    0.571388]   Device   empty
> [    0.574249] Movable zone start for each node
> [    0.578498] Early memory node ranges
> [    0.582049]   node   1: [mem 0x0000000000001000-0x000000000008efff]
> [    0.588291]   node   1: [mem 0x0000000000090000-0x000000000009ffff]
> [    0.594530]   node   1: [mem 0x0000000000100000-0x000000005c3d6fff]
> [    0.600772]   node   1: [mem 0x00000000643df000-0x0000000068ff7fff]
> [    0.607011]   node   1: [mem 0x000000006c528000-0x000000006fffffff]
> [    0.613251]   node   1: [mem 0x0000000100000000-0x000000047fffffff]
> [    0.619493]   node   5: [mem 0x0000000480000000-0x000000087effffff]
> [    0.626479] Zeroed struct page in unavailable ranges: 46490 pages
> [    0.626480] Initmem setup node 1 [mem 0x0000000000001000-0x000000047fffffff]
> [    0.655261] Initmem setup node 5 [mem 0x0000000480000000-0x000000087effffff]
[...]
> [    1.066324] Built 2 zonelists, mobility grouping off.  Total pages: 0

There are 2 zonelists built, but for some reason vm_total_pages is 0 and
that is clearly wrong.

Because the allocation failure (which later leads to NULL ptr) tells
there is quite a lot of memory.  One reason might be that the zonelist
for memory less nodes is initialized incorrectly. nr_free_zone_pages
relies on the local Node zonelist so if the code happened to run on a
cpu associated with Node2 then we could indeed got vm_total_pages=0.

> [    1.439440] Node 1 DMA: 2*4kB (U) 2*8kB (U) 2*16kB (U) 3*32kB (U) 2*64kB (U) 2*128kB (U) 2*256kB (U) 1*512kB (U) 0*1024kB 1*2048kB (M) 3*4096kB (M) = 15896kB
> [    1.453482] Node 1 DMA32: 2*4kB (M) 1*8kB (M) 1*16kB (M) 2*32kB (M) 3*64kB (M) 2*128kB (M) 3*256kB (M) 3*512kB (M) 2*1024kB (M) 3*2048kB (M) 255*4096kB (M) = 1055520kB
> [    1.468388] Node 1 Normal: 1*4kB (U) 1*8kB (U) 1*16kB (U) 1*32kB (U) 1*64kB (U) 1*128kB (U) 1*256kB (U) 1*512kB (U) 1*1024kB (U) 1*2048kB (U) 31*4096kB (M) = 131068kB
> [    1.483211] Node 5 Normal: 1*4kB (U) 1*8kB (U) 1*16kB (U) 1*32kB (U) 1*64kB (U) 1*128kB (U) 1*256kB (U) 1*512kB (U) 1*1024kB (U) 1*2048kB (U) 31*4096kB (M) = 131068kB

I am investigating what the hell is going on here. Maybe the former hack
to re-initialize memory-less nodes is working around some ordering
issues.
-- 
Michal Hocko
SUSE Labs
