Return-Path: <linux-kernel-owner@vger.kernel.org>
Delivered-To: unknown
Received: from linux.intel.com (10.54.29.200:995) by likexu-workstation with
  POP3-SSL; 23 Nov 2018 15:31:47 -0000
X-Original-To: like.xu@linux.intel.com
Delivered-To: like.xu@linux.intel.com
Received: from orsmga008.jf.intel.com (orsmga008.jf.intel.com [10.7.209.65])
	(using TLSv1.2 with cipher ECDHE-RSA-AES256-GCM-SHA384 (256/256 bits))
	(No client certificate requested)
	by linux.intel.com (Postfix) with ESMTPS id 27C5658037D;
	Thu, 22 Nov 2018 23:15:08 -0800 (PST)
Received: from orsmga102-1.jf.intel.com (HELO mga09.intel.com) ([10.7.208.27])
  by orsmga008-1.jf.intel.com with ESMTP; 22 Nov 2018 23:15:08 -0800
X-SG-BADATTACHMENTNOREPLY: True
IronPort-PHdr: =?us-ascii?q?9a23=3AHzHg6h/aSBgi2P9uRHKM819IXTAuvvDOBiVQ1KB9?=
 =?us-ascii?q?1+4QIJqq85mqBkHD//Il1AaPAd2Lraocw8Pt8InYEVQa5piAtH1QOLdtbDQizf?=
 =?us-ascii?q?ssogo7HcSeAlf6JvO5JwYzHcBFSUM3tyrjaRsdF8nxfUDdrWOv5jAOBBr/KRB1?=
 =?us-ascii?q?JuPoEYLOksi7ze+/94HQbglSmDaxfa55IQmrownWqsQYm5ZpJLwryhvOrHtIeu?=
 =?us-ascii?q?BWyn1tKFmOgRvy5dq+8YB6/ShItP0v68BPUaPhf6QlVrNYFygpM3o05MLwqxbO?=
 =?us-ascii?q?SxaE62YGXWUXlhpIBBXF7A3/U5zsvCb2qvZx1S+HNsDtU7s6RSqt4LtqSB/wiS?=
 =?us-ascii?q?cIKTg58H3MisdtiK5XuQ+tqwBjz4LRZoyeKfhwcb7Hfd4CS2RPXthfWTFPAoyz?=
 =?us-ascii?q?c4QAEugOMuhboYnmv1sDrwCzBRWwCO711jNEmmX70bM83u88EQ/GxgsgH9cWvX?=
 =?us-ascii?q?rTrdX1N7kdWv2pwqbS1TXDaOtW2TDn6IjUbxsspuuMXapoccrN0kQvEwLFjlON?=
 =?us-ascii?q?qY3qJT+V1/8Cs22B4+V8UuKvjncqpgdsqTas3schkpfFip4Rx1ze6Cl0zpg5Kc?=
 =?us-ascii?q?elREN4fdKoCppduiOCO4ZyWM8uXm5ltSUgxrEYpZK2fjIGxZUkyhPZdveJaZKH?=
 =?us-ascii?q?4gj5W+aUOTp4hGxqeLa4hxuq70igxfPzVtOu3FZJsCVFiN/MuW4J1xDJ7ciHUP?=
 =?us-ascii?q?R98l+g2TaJyQ/T9vlJLV4omaffMZIt37A9moQJvUjeHSL6hF/6ga6Ue0k8/+in?=
 =?us-ascii?q?8eXnYrHopp+GMI90jxnzMqAvmsy5HOQ5PRECX2uF9uSm0r3s40n5TKxNjvw4lK?=
 =?us-ascii?q?nWroraKN8Fpq62HQBVyJwv6xWhADe81tQXg30HIEhCeBKdgIjlI0vOL+zgDfej?=
 =?us-ascii?q?n1Ssly9mx/THPr3iHJrBNHfCkKr6cLZ56k5czhczzN9F65JVDLEBPOz8WkvruN?=
 =?us-ascii?q?PECR85NhS+w/z7B9VlyoMeRWWPD7eZMKzIsF+I+vggI+6WaI8VpTbyMf4l5/H1?=
 =?us-ascii?q?gH89mF8de7Sp3JQNZHC5GPRmP1uWYX72jtgdFmcKuxI0TPb2h12aTT5Te3GyUr?=
 =?us-ascii?q?o+5jE8Fo2qF4TDRoergLyH2ye2BZlWZmFAClCRHnbkbYSEW/EQaC2MJs9tiCAL?=
 =?us-ascii?q?Vb+kS4U5zxGhqBf6y6Z7LurT4iAXr4nj1Nhy5+3Qjx0y7yZ7D8aG3mGJTmF0mH?=
 =?us-ascii?q?4IRjAs0KB+p0x91kmM0axij/NEEtxT4utDUh0mOp7E0+x6F9fyVxrCftiTTlaq?=
 =?us-ascii?q?WNGmATArQdI3zN8DeEJ9G9SkjhDe0CumGb4Vl7qXBJMq9qLQxWT+J8F4y3zezq?=
 =?us-ascii?q?kuk0EmQtdTNW2hnqNw6hLcB5DXnEmDl6alb6Ic3DXT+2eFymaOuEJYUAt0Uaje?=
 =?us-ascii?q?WXAfZ03Wrcn250/YTr+uD6gnPRVFycKYNqRKbdjph01cRPj/INTef36xm2CoCB?=
 =?us-ascii?q?mV3LyMcpTld38d3CrHDkgEiB4c/XCdOAg6ByehpX/eDTN0GVLuZUPs7fdxqHeh?=
 =?us-ascii?q?QkAoyAGKalVr16Cp9R4NmfycV/QT06oYuCcgrjV0G0q939LWCtaauwptZqJcYc?=
 =?us-ascii?q?k54FdG02LZuBdwPpihL6Bkm14ffB57v0Lo1xVrFIpAldImo28tzAp3MaiYyk9O?=
 =?us-ascii?q?dyuE3ZDsPb3aMnP9/BSxZK/ZxF7f0Mya9bwS6PslsVrjugKpFk0883h819lV0n?=
 =?us-ascii?q?2c5ojFDQYIUJLxVFo3+AZ+p73AfiY94IbU32V2Maaoqj/Cx84pBOw9xxegYtdT?=
 =?us-ascii?q?Kr+LGBXzEs0aHceuLuMqlkOtbhIFOuBS6aE1M9mnd/uAxK6kIuJgkCi6gmRA5Y?=
 =?us-ascii?q?B3yliM+DZkSu7Uw5YFxOmV3hGGVzjgllihqN34mYdeaTEUAGW/0ynkCJdNaaJo?=
 =?us-ascii?q?eYYEFHmhI9ewxtV4nJPtX39Y9Fi+B1IJwsOpeBySb0Dj0g1Uz0gYvXunmS6gxT?=
 =?us-ascii?q?xujz4ptraf3DDJw+n6dBsHO3RHRWl4gVf3PIi0icsXXEypbwgviRuk6lz2x6ld?=
 =?us-ascii?q?pKRjMWbTRV1EcDTxL2FnSqGwrKaNY9ZT6JM0tiVaSOa8bkqASr7+oBsa1DnvH3?=
 =?us-ascii?q?BEyzA4dDGqu5P5kAJ8iG+GKHZzrXzZedx/xBvF5dzcQ+JR0SQCRCVilTbXAV28?=
 =?us-ascii?q?NcGz/dqIj5fDrvy+V2W5W5xTaybrypmMtCm65W1sGhC/m/Gzmtv6EQk1yyP71t?=
 =?us-ascii?q?9qVTnWoxb4eIXky6O6Med/dElyGFD889Z6Gp15koYoh5Efw3kaio+V/Xoai2jz?=
 =?us-ascii?q?N9pb1Ln6bHoMQz4L3tHU7BLk2E1lMnKG2Yb5Wm+BzctmYtmwenkW1T4l78BWFK?=
 =?us-ascii?q?eU66RJnS50olq7tw3de/Z8kSkGyfsy9nEamfoGtxQ3ziWSGb0SGUhYPSrxlxWH?=
 =?us-ascii?q?9dy+raNXZHqxfri0zkZxgdehDLSaqAFGRHn5YosiHTN37shnLFLM13jz5pvled?=
 =?us-ascii?q?bKa9ITqwaUkwzBj+VOLJIxl/wKhTdoOG7nvH0lzfI7ggJq3Z2goIeHLGBt9rqj?=
 =?us-ascii?q?AhFELj31e98T+jb1gKlFhMmW2ISvHoh7FjUPQZvlVvaoEDMUtfT6OAeCCjw8qn?=
 =?us-ascii?q?GHGbXBGQ+T8ltpr3XKE5qzLXGYOGEZzcl+RBmaPEFfghobXDAkkZ4iDAyq2Nbt?=
 =?us-ascii?q?cERk5jAS+174rAFDyvlzOhn7U2ffohqoazguRJieKhpW8h9N50PPPcOC6eJzGj?=
 =?us-ascii?q?lS/oe9owyVNmybewNIAHkJW0yDGlDjJ6Su6sPG8+SCHeq+KP3OYbqVpOxaVveI?=
 =?us-ascii?q?w4+v04R88zaNMMWPImdtD/kh1kVfWnB5HtzTmy8TRCwPiyLNc8mbqQ+8+iJpr8?=
 =?us-ascii?q?C/8/frWAP16YuMEbtSNtpv9A6sgaeeLO6dnyJ5KTde1pMRyn7E0rkf3FgOiy5w?=
 =?us-ascii?q?czmhC6gPtSnITKjIgK9YEwYbaz9vNMtP968zxBRNNtXBitzr1r90lPo1C1ZeWF?=
 =?us-ascii?q?zlm8GpY9EKIm6nOFPGAkaLKKqJJTnRz87rZqO8TKVajP9IuB2opTabD0jjMyyf?=
 =?us-ascii?q?lznoUhCjK/1DgDuHMxxepo69dA1gCWziTNLgdx26P8V7jTwwwb0omHzKMXQQPi?=
 =?us-ascii?q?R7c0NItreQ9z9Xgu1jG2xd6XpoNemFlDyf7+ndK5YWt+NkAyV0l+1A5nQ6xKBY?=
 =?us-ascii?q?7CVFRPxzhSvTocRio1CgkumT1DVnVABCpSpMhIKO7g1ePvD8+5REWG2MxhUK9i?=
 =?us-ascii?q?3EDg4NoMBNDtzpprAWx9WZx4zpLzIX1tPX8IMmDtDTMMWdLDJ1KwLxBBbQDQ0Y?=
 =?us-ascii?q?XXiqP2SZjEtYxqLBvkaJp4Q3/8C/0KEFTaVWARlsTqsX?=
X-IronPort-Anti-Spam-Filtered: true
X-IronPort-Anti-Spam-Result: =?us-ascii?q?A0AJAACYp/dbh0O0hNFiHAEBAQQBAQcEA?=
 =?us-ascii?q?QGBUQcBAQsBg2sUE4wRX4sfgg0UiQWOIhSBWBkBARgTAYhSIjQJDQEDAQEBAQE?=
 =?us-ascii?q?BAgETAQEBCA0JCCkvgjYkAYJhAQEBAQIBAQIPKDkGBQEJAQEKDgQGCSUDDAU1F?=
 =?us-ascii?q?BMFHYJ/gXUFCAMBAZxdiVgBAQGCHYoYjAkXgX+BEYMShGIFg0yCJgKJGYdFjyQ?=
 =?us-ascii?q?JiimGeyMKAoFNhQuDI4cBLIlBixSDCAIEBgUCEwGBRl+BLk0jFYMngiQCGI4ec?=
 =?us-ascii?q?IEFAQEhiTYrgiABAQ?=
X-IPAS-Result: =?us-ascii?q?A0AJAACYp/dbh0O0hNFiHAEBAQQBAQcEAQGBUQcBAQsBg2s?=
 =?us-ascii?q?UE4wRX4sfgg0UiQWOIhSBWBkBARgTAYhSIjQJDQEDAQEBAQEBAgETAQEBCA0JC?=
 =?us-ascii?q?CkvgjYkAYJhAQEBAQIBAQIPKDkGBQEJAQEKDgQGCSUDDAU1FBMFHYJ/gXUFCAM?=
 =?us-ascii?q?BAZxdiVgBAQGCHYoYjAkXgX+BEYMShGIFg0yCJgKJGYdFjyQJiimGeyMKAoFNh?=
 =?us-ascii?q?QuDI4cBLIlBixSDCAIEBgUCEwGBRl+BLk0jFYMngiQCGI4ecIEFAQEhiTYrgiA?=
 =?us-ascii?q?BAQ?=
X-IronPort-AV: E=Sophos;i="5.56,268,1539673200"; 
   d="scan'208";a="54501428"
X-Amp-Result: UNSCANNABLE
X-Amp-File-Uploaded: False
Unscannable: 2
Received: from vger.kernel.org ([209.132.180.67])
  by mtab.intel.com with ESMTP; 22 Nov 2018 23:15:06 -0800
Received: (majordomo@vger.kernel.org) by vger.kernel.org via listexpand
        id S2408298AbeKWR6B (ORCPT <rfc822;like.xu@linux.intel.com>
        + 23 others); Fri, 23 Nov 2018 12:58:01 -0500
Received: from mx0a-001b2d01.pphosted.com ([148.163.156.1]:43234 "EHLO
        mx0a-001b2d01.pphosted.com" rhost-flags-OK-OK-OK-OK)
        by vger.kernel.org with ESMTP id S1731989AbeKWR6A (ORCPT
        <rfc822;linux-kernel@vger.kernel.org>);
        Fri, 23 Nov 2018 12:58:00 -0500
Received: from pps.filterd (m0098409.ppops.net [127.0.0.1])
        by mx0a-001b2d01.pphosted.com (8.16.0.22/8.16.0.22) with SMTP id wAN79PSv088109
        for <linux-kernel@vger.kernel.org>; Fri, 23 Nov 2018 02:15:00 -0500
Received: from e06smtp05.uk.ibm.com (e06smtp05.uk.ibm.com [195.75.94.101])
        by mx0a-001b2d01.pphosted.com with ESMTP id 2nx9dbe2gf-1
        (version=TLSv1.2 cipher=AES256-GCM-SHA384 bits=256 verify=NOT)
        for <linux-kernel@vger.kernel.org>; Fri, 23 Nov 2018 02:14:58 -0500
Received: from localhost
        by e06smtp05.uk.ibm.com with IBM ESMTP SMTP Gateway: Authorized Use Only! Violators will be prosecuted
        for <linux-kernel@vger.kernel.org> from <rppt@linux.ibm.com>;
        Fri, 23 Nov 2018 07:14:55 -0000
Received: from b06cxnps4075.portsmouth.uk.ibm.com (9.149.109.197)
        by e06smtp05.uk.ibm.com (192.168.101.135) with IBM ESMTP SMTP Gateway: Authorized Use Only! Violators will be prosecuted;
        (version=TLSv1/SSLv3 cipher=AES256-GCM-SHA384 bits=256/256)
        Fri, 23 Nov 2018 07:14:53 -0000
Received: from d06av24.portsmouth.uk.ibm.com (mk.ibm.com [9.149.105.60])
        by b06cxnps4075.portsmouth.uk.ibm.com (8.14.9/8.14.9/NCO v10.0) with ESMTP id wAN7EqAt7799134
        (version=TLSv1/SSLv3 cipher=DHE-RSA-AES256-GCM-SHA384 bits=256 verify=FAIL);
        Fri, 23 Nov 2018 07:14:52 GMT
Received: from d06av24.portsmouth.uk.ibm.com (unknown [127.0.0.1])
        by IMSVA (Postfix) with ESMTP id 211214203F;
        Fri, 23 Nov 2018 07:14:52 +0000 (GMT)
Received: from d06av24.portsmouth.uk.ibm.com (unknown [127.0.0.1])
        by IMSVA (Postfix) with ESMTP id 8EF3C42042;
        Fri, 23 Nov 2018 07:14:51 +0000 (GMT)
Received: from rapoport-lnx (unknown [9.148.207.68])
        by d06av24.portsmouth.uk.ibm.com (Postfix) with ESMTPS;
        Fri, 23 Nov 2018 07:14:51 +0000 (GMT)
Date: Fri, 23 Nov 2018 09:14:49 +0200
From: Mike Rapoport <rppt@linux.ibm.com>
To: Meelis Roos <mroos@linux.ee>
Cc: LKML <linux-kernel@vger.kernel.org>, linux-alpha@vger.kernel.org,
        Mike Rapoport <rppt@linux.ibm.com>
Subject: Re: NO_BOOTMEM breaks alpha pc164
References: <8c8e3dba-7adf-96c6-195c-311050256743@linux.ee>
MIME-Version: 1.0
Content-Type: text/plain; charset=us-ascii
Content-Disposition: inline
In-Reply-To: <8c8e3dba-7adf-96c6-195c-311050256743@linux.ee>
User-Agent: Mutt/1.5.24 (2015-08-30)
X-TM-AS-GCONF: 00
x-cbid: 18112307-0020-0000-0000-000002EC8155
X-IBM-AV-DETECTION: SAVI=unused REMOTE=unused XFE=unused
x-cbparentid: 18112307-0021-0000-0000-0000213BC2AA
Message-Id: <20181123071448.GE5704@rapoport-lnx>
X-Proofpoint-Virus-Version: vendor=fsecure engine=2.50.10434:,, definitions=2018-11-23_06:,,
 signatures=0
X-Proofpoint-Spam-Details: rule=outbound_notspam policy=outbound score=0 priorityscore=1501
 malwarescore=0 suspectscore=0 phishscore=0 bulkscore=0 spamscore=0
 clxscore=1015 lowpriorityscore=0 mlxscore=0 impostorscore=0
 mlxlogscore=999 adultscore=0 classifier=spam adjust=0 reason=mlx
 scancount=1 engine=8.0.1-1810050000 definitions=main-1811230057
Sender: linux-kernel-owner@vger.kernel.org
Precedence: bulk
List-ID: <linux-kernel.vger.kernel.org>
X-Mailing-List: linux-kernel@vger.kernel.org

Hi,

On Thu, Nov 22, 2018 at 03:27:44PM +0200, Meelis Roos wrote:
> I have bisected 4.20-rc2 boot hang on a PC164 subarch alpha.
> Other alphas in my collection are working fine.
> 
> When it hangs, it hangs right after starting init. "random: crng init done" is printed
> after starting init and nothing more appears on serial console.

Can you please send the kernel log for the broken boot case?
What happens if you try to boot with "init=/bin/sh" added to the kernel
command line? Is the system able to start shell?
 
> The bad commit is swith to NO_BOOTMEM.

[ ... ] 
 
> How do I debug it?

Apparently, some of the early memory registration is not properly converted
from bootmem to memblock + nobootmem for your system.

You can try applying the below patch to enable debug printouts from
memblock, maybe it'll shed some more light.

diff --git a/mm/memblock.c b/mm/memblock.c
index 7df468c..a2c289e 100644
--- a/mm/memblock.c
+++ b/mm/memblock.c
@@ -119,7 +119,7 @@ struct memblock memblock __initdata_memblock = {
 	.current_limit		= MEMBLOCK_ALLOC_ANYWHERE,
 };
 
-int memblock_debug __initdata_memblock;
+int memblock_debug __initdata_memblock = 1;
 static bool system_has_some_mirror __initdata_memblock = false;
 static int memblock_can_resize __initdata_memblock;
 static int memblock_memory_in_slab __initdata_memblock = 0;
 
> dmesg from working boot before the commit:
> 
> [    0.000000] Linux version 4.19.0-06941-ge92d39cdb120 (mroos@pc164) (gcc version 7.3.0 (Gentoo 7.3.0-r3 p1.4)) #113 Wed Nov 21 23:11:58 EET 2018
> [    0.000000] Booting on EB164 variation PC164 using machine vector PC164 from SRM
> [    0.000000] Major Options: EV56 LEGACY_START VERBOSE_MCHECK DISCONTIGMEM MAGIC_SYSRQ
> [    0.000000] Command line: root=/dev/sda2 console=ttyS0
> [    0.000000] Raw memory layout:
> [    0.000000]  memcluster  0, usage 1, start        0, end      192
> [    0.000000]  memcluster  1, usage 0, start      192, end    32651
> [    0.000000]  memcluster  2, usage 1, start    32651, end    32768
> [    0.000000] Initializing bootmem allocator on Node ID 0
> [    0.000000]  memcluster  1, usage 0, start      192, end    32651
> [    0.000000]  Detected node memory:   start      194, end    32651
> [    0.000000]  freeing pages 192:384
> [    0.000000]  freeing pages 1540:32651
> [    0.000000]  reserving pages 1540:1541
> [    0.000000] 1024K Bcache detected; load hit latency 30 cycles, load miss latency 212 cycles
> [    0.000000] pci: cia revision 2
> [    0.000000] On node 0 totalpages: 32651
> [    0.000000]   DMA zone: 224 pages used for memmap
> [    0.000000]   DMA zone: 0 pages reserved
> [    0.000000]   DMA zone: 32651 pages, LIFO batch:7
> [    0.000000] pcpu-alloc: s0 r0 d32768 u32768 alloc=1*32768
> [    0.000000] pcpu-alloc: [0] 0
> [    0.000000] Built 1 zonelists, mobility grouping on.  Total pages: 32427
> [    0.000000] Kernel command line: root=/dev/sda2 console=ttyS0
> [    0.000000] Dentry cache hash table entries: 32768 (order: 5, 262144 bytes)
> [    0.000000] Inode-cache hash table entries: 16384 (order: 4, 131072 bytes)
> [    0.000000] Sorting __ex_table...
> [    0.000000] Memory: 248176K/261208K available (5425K kernel code, 372K rwdata, 1732K rodata, 208K init, 1416K bss, 13032K reserved, 0K cma-reserved)
> [    0.000000] SLUB: HWalign=32, Order=0-3, MinObjects=0, CPUs=1, Nodes=128
> [    0.000000] NR_IRQS: 35
> [    0.000000] clocksource: rpcc: mask: 0xffffffff max_cycles: 0xffffffff, max_idle_ns: 3822520893 ns
> [    0.001953] Console: colour VGA+ 80x25
> [    0.028320] printk: console [ttyS0] enabled
> [    0.029296] Calibrating delay loop... 979.52 BogoMIPS (lpj=478208)
> [    0.038085] pid_max: default: 32768 minimum: 301
> [    0.040039] Mount-cache hash table entries: 1024 (order: 0, 8192 bytes)
> [    0.041015] Mountpoint-cache hash table entries: 1024 (order: 0, 8192 bytes)
> [    0.051757] devtmpfs: initialized
> [    0.054687] random: get_random_u32 called from bucket_table_alloc.isra.18+0xbc/0x270 with crng_init=0
> [    0.056640] clocksource: jiffies: mask: 0xffffffff max_cycles: 0xffffffff, max_idle_ns: 1866466235866741 ns
> [    0.057617] futex hash table entries: 256 (order: -1, 6144 bytes)
> [    0.059570] NET: Registered protocol family 16
> [    0.062499] pci: passed tb register update test
> [    0.063476] pci: passed sg loopback i/o read test
> [    0.064453] pci: passed tbia test
> [    0.065429] pci: passed pte write cache snoop test
> [    0.066406] pci: failed valid tag invalid pte reload test (mcheck; workaround available)
> [    0.067382] pci: passed pci machine check test
> [    0.068359] PCI host bridge to bus 0000:00
> [    0.069335] pci_bus 0000:00: root bus resource [io  0x0000-0xffff]
> [    0.070312] pci_bus 0000:00: root bus resource [mem 0x00000000-0x1fffffff]
> [    0.071289] pci_bus 0000:00: No busn resource found for root bus, will use [bus 00-ff]
> [    0.072265] pci 0000:00:05.0: [1000:000f] type 00 class 0x010000
> [    0.072265] pci 0000:00:05.0: reg 0x10: [io  0x10000-0x100ff]
> [    0.072265] pci 0000:00:05.0: reg 0x14: [mem 0x82875000-0x828750ff]
> [    0.072265] pci 0000:00:05.0: reg 0x18: [mem 0x82874000-0x82874fff]
> [    0.072265] pci 0000:00:05.0: reg 0x30: [mem 0x82840000-0x8285ffff pref]
> [    0.073242] pci 0000:00:06.0: [102b:051b] type 00 class 0x030000
> [    0.073242] pci 0000:00:06.0: reg 0x10: [mem 0x88000000-0x88ffffff pref]
> [    0.073242] pci 0000:00:06.0: reg 0x14: [mem 0x82870000-0x82873fff]
> [    0.073242] pci 0000:00:06.0: reg 0x18: [mem 0x82000000-0x827fffff]
> [    0.073242] pci 0000:00:06.0: reg 0x30: [mem 0x82860000-0x8286ffff pref]
> [    0.074218] pci 0000:00:08.0: [8086:0484] type 00 class 0x000000
> [    0.074218] pci 0000:00:09.0: [1011:0009] type 00 class 0x020000
> [    0.074218] pci 0000:00:09.0: reg 0x10: [io  0x10100-0x1017f]
> [    0.074218] pci 0000:00:09.0: reg 0x14: [mem 0x82875100-0x8287517f]
> [    0.074218] pci 0000:00:09.0: reg 0x30: [mem 0x82800000-0x8283ffff pref]
> [    0.075195] pci 0000:00:0b.0: [1095:0646] type 00 class 0x010180
> [    0.075195] pci 0000:00:0b.0: reg 0x20: [io  0x10180-0x1018f]
> [    0.075195] pci 0000:00:0b.0: legacy IDE quirk: reg 0x10: [io  0x01f0-0x01f7]
> [    0.076171] pci 0000:00:0b.0: legacy IDE quirk: reg 0x14: [io  0x03f6]
> [    0.077148] pci 0000:00:0b.0: legacy IDE quirk: reg 0x18: [io  0x0170-0x0177]
> [    0.078124] pci 0000:00:0b.0: legacy IDE quirk: reg 0x1c: [io  0x0376]
> [    0.080078] pci: enabling save/restore of SRM state
> [    0.081054] pci_bus 0000:00: busn_res: [bus 00-ff] end is updated to 00
> [    0.081054] pci 0000:00:06.0: BAR 0: assigned [mem 0x03000000-0x03ffffff pref]
> [    0.082031] pci 0000:00:06.0: BAR 2: assigned [mem 0x02800000-0x02ffffff]
> [    0.083007] pci 0000:00:09.0: BAR 6: assigned [mem 0x02200000-0x0223ffff pref]
> [    0.083984] pci 0000:00:05.0: BAR 6: assigned [mem 0x02240000-0x0225ffff pref]
> [    0.084960] pci 0000:00:06.0: BAR 6: assigned [mem 0x02260000-0x0226ffff pref]
> [    0.085937] pci 0000:00:06.0: BAR 1: assigned [mem 0x02270000-0x02273fff]
> [    0.086914] pci 0000:00:05.0: BAR 2: assigned [mem 0x02274000-0x02274fff]
> [    0.088867] pci 0000:00:05.0: BAR 0: assigned [io  0x8000-0x80ff]
> [    0.089843] pci 0000:00:05.0: BAR 1: assigned [mem 0x02275000-0x022750ff]
> [    0.090820] pci 0000:00:09.0: BAR 0: assigned [io  0x8400-0x847f]
> [    0.091796] pci 0000:00:09.0: BAR 1: assigned [mem 0x02276000-0x0227607f]
> [    0.092773] pci 0000:00:0b.0: BAR 4: assigned [io  0x8480-0x848f]
> [    0.093749] pci_bus 0000:00: resource 4 [io  0x0000-0xffff]
> [    0.093749] pci_bus 0000:00: resource 5 [mem 0x00000000-0x1fffffff]
> [    0.094726] SMC FDC37C93X Ultra I/O Controller found @ 0x370
> [    0.105468] pci 0000:00:06.0: vgaarb: setting as boot VGA device
> [    0.105468] pci 0000:00:06.0: vgaarb: VGA device added: decodes=io+mem,owns=io+mem,locks=none
> [    0.106445] pci 0000:00:06.0: vgaarb: bridge control possible
> [    0.107421] vgaarb: loaded
> [    0.109374] SCSI subsystem initialized
> [    0.113281] clocksource: Switched to clocksource rpcc
> [    0.138671] NET: Registered protocol family 2
> [    0.141601] tcp_listen_portaddr_hash hash table entries: 512 (order: 0, 8192 bytes)
> [    0.142578] TCP established hash table entries: 2048 (order: 1, 16384 bytes)
> [    0.143554] TCP bind hash table entries: 2048 (order: 1, 16384 bytes)
> [    0.144531] TCP: Hash tables configured (established 2048 bind 2048)
> [    0.146484] UDP hash table entries: 256 (order: 0, 8192 bytes)
> [    0.147460] UDP-Lite hash table entries: 256 (order: 0, 8192 bytes)
> [    0.149413] NET: Registered protocol family 1
> [    0.150390] PCI: CLS 0 bytes, default 32
> [    0.153320] srm_env: version 0.0.6 loaded successfully
> [    0.154296] Using epoch 2000 for rtc year 18
> [    0.157226] platform rtc-alpha: rtc core: registered rtc-alpha as rtc0
> [    0.159179] workingset: timestamp_bits=55 max_order=15 bucket_order=0
> [    0.196288] Block layer SCSI generic (bsg) driver version 0.4 loaded (major 252)
> [    0.198242] io scheduler noop registered
> [    0.199218] io scheduler cfq registered (default)
> [    0.201171] Serial: 8250/16550 driver, 4 ports, IRQ sharing disabled
> [    0.203124] serial8250: ttyS0 at I/O 0x3f8 (irq = 4, base_baud = 115200) is a 16550A
> [    0.205078] serial8250: ttyS1 at I/O 0x2f8 (irq = 3, base_baud = 115200) is a 16550A
> [    0.249999] random: fast init done
> [    0.358398] sym0: <875> rev 0x3 at pci 0000:00:05.0 irq 18
> [    0.362304] Floppy drive(s): fd0 is 2.88M
> [    0.452148] sym0: Symbios NVRAM, ID 7, Fast-20, SE, parity checking
> [    0.453124] sym0: open drain IRQ line driver, using on-chip SRAM
> [    0.454101] sym0: using LOAD/STORE-based firmware.
> [    0.455077] sym0: SCSI BUS has been reset.
> [    0.456054] scsi host0: sym-2.2.3
> [    0.458984] Linux Tulip driver version 1.1.15-NAPI (Feb 27, 2007)
> [    0.463866] tulip0: Old format EEPROM on 'Accton EN1207' board.  Using substitute media control info
> [    0.464843] tulip0: EEPROM default media type Autosense
> [    0.465820] tulip0: Index #0 - Media 10base2 (#1) described by a 21140 non-MII (0) block
> [    0.466796] tulip0: Index #1 - Media 10baseT (#0) described by a 21140 non-MII (0) block
> [    0.467773] tulip0: Index #2 - Media 10baseT-FDX (#4) described by a 21140 non-MII (0) block
> [    0.468749] tulip0: Index #3 - Media 100baseTx (#3) described by a 21140 non-MII (0) block
> [    0.469726] tulip0: Index #4 - Media 100baseTx-FDX (#5) described by a 21140 non-MII (0) block
> [    0.472656] net eth0: Digital DS21140 Tulip rev 34 at MMIO 0x2276000, 00:00:e8:3c:4e:c2, IRQ 19
> [    0.480468] serio: i8042 KBD port at 0x60,0x64 irq 1
> [    0.482421] serio: i8042 AUX port at 0x60,0x64 irq 12
> [    0.487304] NET: Registered protocol family 10
> [    0.491210] FDC 0 is a post-1991 82077
> [    0.502929] atkbd serio0: keyboard reset failed on isa0060/serio0
> [    0.503905] Segment Routing with IPv6
> [    0.504882] NET: Registered protocol family 17
> [    0.508788] platform rtc-alpha: setting system clock to 2018-11-22 14:26:16 UTC (1542896776)
> [    0.552734] atkbd serio1: keyboard reset failed on isa0060/serio1
> [    0.628905] atkbd serio0: keyboard reset failed on isa0060/serio0
> [    0.693359] atkbd serio1: keyboard reset failed on isa0060/serio1
> [    3.828123] scsi 0:0:0:0: Direct-Access     COMPAQ   BF0369A4BC       HPB7 PQ: 0 ANSI: 3
> [    3.829099] scsi target0:0:0: tagged command queuing enabled, command queue depth 16.
> [    3.830076] scsi target0:0:0: Beginning Domain Validation
> [    3.836912] scsi target0:0:0: FAST-20 WIDE SCSI 40.0 MB/s ST (50 ns, offset 15)
> [    3.840818] scsi target0:0:0: Domain Validation skipping write tests
> [    3.841794] scsi target0:0:0: Ending Domain Validation
> [    3.843748] scsi 0:0:0:0: Power-on or device reset occurred
> [    7.989253] sd 0:0:0:0: Attached scsi generic sg0 type 0
> [    7.991206] sd 0:0:0:0: [sda] 71132000 512-byte logical blocks: (36.4 GB/33.9 GiB)
> [    7.993159] sd 0:0:0:0: [sda] Write Protect is off
> [    7.994136] sd 0:0:0:0: [sda] Mode Sense: cf 00 10 08
> [    7.995113] sd 0:0:0:0: [sda] Write cache: disabled, read cache: enabled, supports DPO and FUA
> [    8.009761]  sda: sda1 sda2 sda4
> [    8.017574] sd 0:0:0:0: [sda] Attached SCSI disk
> [    8.041988] EXT4-fs (sda2): mounted filesystem with ordered data mode. Opts: (null)
> [    8.042964] VFS: Mounted root (ext4 filesystem) readonly on device 8:2.
> [    8.059566] devtmpfs: mounted
> [    8.061519] Freeing unused kernel memory: 208K
> [    8.062495] This architecture does not have kernel memory protection.
> [    8.063472] Run /sbin/init as init process
> [    8.319331] random: crng init done
> [   21.777332] udevd[477]: starting version 3.2.5
> [   21.949207] udevd[478]: starting eudev-3.2.5
> [   23.199206] tulip 0000:00:09.0 enp0s9: renamed from eth0
> [   23.864245] libata version 3.00 loaded.
> [   24.037097] scsi host1: pata_cmd64x
> [   24.055651] scsi host2: pata_cmd64x
> [   24.055651] ata1: PATA max MWDMA2 cmd 0x1f0 ctl 0x3f6 bmdma 0x8480 irq 14
> [   24.055651] ata2: PATA max MWDMA2 cmd 0x170 ctl 0x376 bmdma 0x8488 irq 15
> [   24.056628] pata_cmd64x: active 10 recovery 10 setup 3.
> [   24.056628] pata_cmd64x: active 10 recovery 10 setup 3.
> [   24.232409] ata1.00: ATAPI: SONY    CD-RW  CRX140E, 1.2a, max UDMA/33
> [   24.232409] pata_cmd64x: active 3 recovery 1 setup 1.
> [   24.232409] pata_cmd64x: active 3 recovery 1 setup 1.
> [   24.262682] scsi 1:0:0:0: CD-ROM            SONY     CD-RW  CRX140E   1.2a PQ: 0 ANSI: 5
> [   24.281237] sr 1:0:0:0: [sr0] scsi3-mmc drive: 32x/32x writer cd/rw xa/form2 cdda tray
> [   24.281237] cdrom: Uniform CD-ROM driver Revision: 3.20
> [   24.282214] sr 1:0:0:0: Attached scsi CD-ROM sr0
> [   24.284167] sr 1:0:0:0: Attached scsi generic sg1 type 5
> [   24.285143] pata_cmd64x: active 10 recovery 10 setup 3.
> [   24.285143] pata_cmd64x: active 10 recovery 10 setup 3.
> [   29.485336] EXT4-fs (sda2): re-mounted. Opts: errors=remount-ro
> [   31.106429] Adding 1697208k swap on /dev/sda4.  Priority:-2 extents:1 across:1697208k
> [   31.825179] EXT4-fs (sda1): mounting ext2 file system using the ext4 subsystem
> [   31.846663] EXT4-fs (sda1): mounted filesystem without journal. Opts: (null)
> 
> -- 
> Meelis Roos <mroos@linux.ee>
> 

-- 
Sincerely yours,
Mike.

