Return-Path: <linux-kernel-owner@vger.kernel.org>
Delivered-To: unknown
Received: from linux.intel.com (10.54.29.200:995) by likexu-workstation with
  POP3-SSL; 24 Nov 2018 12:35:49 -0000
X-Original-To: like.xu@linux.intel.com
Delivered-To: like.xu@linux.intel.com
Received: from orsmga001.jf.intel.com (orsmga001.jf.intel.com [10.7.209.18])
	(using TLSv1.2 with cipher ECDHE-RSA-AES256-GCM-SHA384 (256/256 bits))
	(No client certificate requested)
	by linux.intel.com (Postfix) with ESMTPS id 3DCB25803EB;
	Fri, 23 Nov 2018 08:11:23 -0800 (PST)
Received: from orsmga103.jf.intel.com ([10.7.208.35])
  by orsmga001-1.jf.intel.com with ESMTP/TLS/DHE-RSA-AES256-GCM-SHA384; 23 Nov 2018 08:11:23 -0800
X-SG-BADATTACHMENTNOREPLY: True
IronPort-PHdr: =?us-ascii?q?9a23=3AOdeb4RQfJ8Ggn9Yu3xwQtRQCiNpsv+yvbD5Q0YIu?=
 =?us-ascii?q?jvd0So/mwa64YBeHt8tkgFKBZ4jH8fUM07OQ7/iwHzRYqb+681k6OKRWUBEEjc?=
 =?us-ascii?q?hE1ycBO+WiTXPBEfjxciYhF95DXlI2t1uyMExSBdqsLwaK+i764jEdAAjwOhRo?=
 =?us-ascii?q?LerpBIHSk9631+ev8JHPfglEnjWwba9xIRmssQndqtQdjJd/JKo21hbHuGZDdf?=
 =?us-ascii?q?5MxWNvK1KTnhL86dm18ZV+7SleuO8v+tBZX6nicKs2UbJXDDI9M2Ao/8LrrgXM?=
 =?us-ascii?q?TRGO5nQHTGoblAdDDhXf4xH7WpfxtTb6tvZ41SKHM8D6Uaw4VDK/5KhsVBHmiD?=
 =?us-ascii?q?kKOycg/GzKkMN/kb5Vrw6/pxNizIPffYWZOfpicq/Ye94RWGhPUdtLVyFZH42y?=
 =?us-ascii?q?cYUPAeoCM+hWoYbyqFkBogexCwm3HOPiyCRFhmP00KAgz+gtDQ/L0Q4mEtkTsH?=
 =?us-ascii?q?rUttL1NKIKXO6y0qbH0zHDb/JN2Tzg9IbIdRchoeqRVr93dMrR004vFwTejliL?=
 =?us-ascii?q?rYzlPjWV1vkCsmSB8eVvS/uihmg6oA9yujii3tkghpXNi44P11zJ+zt1zJwoKd?=
 =?us-ascii?q?C7VEJ3e9+pHZlIuy2HM4Z7TNkuTm50tCogy7AKo5y2cDYMxZ863RDQceaHfJKN?=
 =?us-ascii?q?4h/7VOaePzN4hHV9dbKhiBa971Kgxvf/VsaqylZKqDRKkt3WunAKzRzT5dCLSv?=
 =?us-ascii?q?p7/ki/xTaCzx7f5v1ALEwuiKbWJYAtzqQtmpcQrUjPBC77lUfugK+TbEok++yo?=
 =?us-ascii?q?6+r9YrXho5+RL4t0igD4MqQzlc2zGOc4PRYUX2id5+u80KTv/Ur3QbVMkPI2iL?=
 =?us-ascii?q?LUsI7VJcsFvK61GQxV3Zg56xa5ETim1M4UnX4dLFJKYB6HlZTmO0nSIPDkCvey?=
 =?us-ascii?q?m1CskDZox//YJLHgDYjNI2PHkLfge7Z99kFdxBAyzdBZ+5JbFLUBLOjvVU/2sd?=
 =?us-ascii?q?zSFgU5PBCsw+b7FNV90ZsTWWKVDa+YLKPdq1iI6vgvI+mRfoAVvjn9JuMh5/7v?=
 =?us-ascii?q?i385hFAccbOo3ZsRdHC3APBmL1+Fbnrrh9cLCX0KsRYmTOz2lF2CViZeZ3S1X6?=
 =?us-ascii?q?0i/D07C4WmDYHFRoCqm7GB2Ca7HptLZmFJEFyMEHHod5maVPcIci6dPshhkjkc?=
 =?us-ascii?q?X7i7V4AhzQ2utBP9y7d/NOXU4S0YtZXg1NRv/e3cjxMy+CdwD8Sc1WGNUm51kn?=
 =?us-ascii?q?kJRz8wwKBwv0h9xk2f3qh/hvxSDcZT6O9RUgcmKZ7cyPR3C9PoVQLHZNuJTFem?=
 =?us-ascii?q?Tc+gATE+Vd8xx94OY0BgG9StlBzD3iyqA6MLmLyPHpA77qXc333pLcZn13nGzL?=
 =?us-ascii?q?Uhj0UhQsZXKGKpnLB/+BbJC47JiUqZkb2qeroa3CLK8GeDzm+OvEVDXQ50UKXF?=
 =?us-ascii?q?W20fZ0TModT44EPCU6GhCbA9PgRdzs6CL7NAasf1glVeWPfjJNPebnqslGiqGx?=
 =?us-ascii?q?aH2KmAbIrwdGUbxyXSFk4EnhsX/XaHMwg+Gyigr3jfDDxoCVLgfUfs/fNip3O8?=
 =?us-ascii?q?S08+1xuKYFF517qp5h4VguSRS+8S3rIBvychtzV0HVan09LKEdaAoBBhfKFdYd?=
 =?us-ascii?q?M771dKzmbZtw17Ppy9IKFunF8ecwJrv0zw0xV7EJlPkc8vrHky1gp9NbqY0E9d?=
 =?us-ascii?q?dzOfxZ3/ILnXJXf9/R+xa6/awErR0MuL9agV7vQ4qFLjvB+yG0om8nVn1cRV0n?=
 =?us-ascii?q?SG6pXLCgoSTYz+UkIt+xdmoLHaZzE355nI2n10Lam0rjjC1sopBes40BqvY81T?=
 =?us-ascii?q?MaKEFADoFc0aCNOjKOgrm1ivcxIFM/pe9K8yP8O6afSG3LSnM/pnnDKjlW5H+p?=
 =?us-ascii?q?xy0lqQ9ypgTe7Fx4wFw/CE0QSdTTfzkVChvtrxmY9afzESH3OzxjT+C45Ve6J9?=
 =?us-ascii?q?Y5wLCWCoI8CswtV+hpjtW2NX9VK5BlMG3tOpdgSWb1DnwQJQ0kEXq2S9mSSk1z?=
 =?us-ascii?q?x0jy0prq2H0S3OwuTubhoGNnRQRGl/i1fhOoy0j9EcXEi1YAkljhql5UDmx6dF?=
 =?us-ascii?q?oKRzNXXcQUBNfyLuNWFtTrOwtqaeY85I8J4osz9YUP6/YVCZTb7xuQAa3DngH2?=
 =?us-ascii?q?tdxTA7cS+lupPikhx+iWKdKmtzrXXDdcFxwxff+MLTRfpL0jUaQyl4jCHdBkKg?=
 =?us-ascii?q?MNmx4dWUi5DDv/i+Vm27UZ1fayvrzYKGtCag4W1qABu/n+28m9H9EAg61zP72M?=
 =?us-ascii?q?duVSnSsBn8ZYzr3bygMe17ZkloGEP8681iF4F9iIQwhYsc2XgHhpqP+3oHnnz+?=
 =?us-ascii?q?MdFa2aL4cXoMSiQHw9/T4Aj5xkJjKmiFyJ7+VnWY2sFhfcW1YnsK2iIh6MBHEK?=
 =?us-ascii?q?KU7L1HnSRvuFa5oxzeYeNhnjgD0/sh82AVg/sGuAc2yiWdA7YSHVRXPCD2lhSI?=
 =?us-ascii?q?6cy+o7tTZGq1bbew009+l8i7DL6eugFcRGr5epA6EC9s6cV/NUjA0Xzp5YHiZd?=
 =?us-ascii?q?nQdskTthyPnhfEjuhVLo8xl/UQiSpmP2L9oWMqy+ohgRNy2pG6uZCNK39x86Kh?=
 =?us-ascii?q?Hh5YKjr1atsI9T73iqZemtuW05qrHpV8ATgLWJroTfS1EDMdr/jnNgCOECEipX?=
 =?us-ascii?q?efA7bQAQif6EJ+pXLVD5+rL22XJGUezdh6RhmSPklfjx4PXDkggp41DAOqxNHi?=
 =?us-ascii?q?cEdk4DAe/EX4pwBIyuJpMRn/T2jeqB2pajcyVJiQMh5W4hte6EfSNMyU9vhzED?=
 =?us-ascii?q?1A/p29sAyNLXSWZgRPDWEUQ0yEGkrsPr+06dnb9OiYAOW+IuDKYbWPr+xeSviJ?=
 =?us-ascii?q?yYiu0otg4zaDKMGPMmN+AP0830pJRWp5FNjBmzUTVywXkDrAb86Fqxe9+S13rc?=
 =?us-ascii?q?G//O7oWAL14ouPBKVdMc9y+xCtmqqDM++QhCBkKTdXzJ8MxHnIyKQB014WkS1h?=
 =?us-ascii?q?az6tEbEYvy7XUK3QgrNXDwIcay5rLsRI8rkz3hNTNs/bkN/10r94g+UxC1dEU1?=
 =?us-ascii?q?zhh86oadYLI2G7KFPIGkKLOK6aKj3MxsH9ebm8RqFIjOVIqx2wvi6WE1PiPjSG?=
 =?us-ascii?q?jTXmSwqjPv1MjC6FOhxTo4W9chdrCWj+Q9PqcBy7MNlrjTIoxb04nG/FNWkZMT?=
 =?us-ascii?q?JkaUNCsqWQ7T9EgvV4A2FA7mBqLe+BmyaY6enXMpcXsftxDSRymOJX+3A6y7pT?=
 =?us-ascii?q?7CFZS/15girSrthyo164lumD0CZoUB1LqmUDuIXemERhNO3j/4FHQXHe4FpZ93?=
 =?us-ascii?q?2IFzwOpt14GpvusaUWwd/KwvHdMjBHpvfZ8M8dHIDuL8WceC4kKx3uAxbQDQ0Y?=
 =?us-ascii?q?XXimODeM1ARmjPiO+yjN/dABoZ/2lc9TErI=3D?=
X-IronPort-Anti-Spam-Filtered: true
X-IronPort-Anti-Spam-Result: =?us-ascii?q?A0AaAABYJvhbh0O0hNFjHAEBAQQBAQcEA?=
 =?us-ascii?q?QGBUgYBAQsBg2sUE4N5lBiBYC0UlyeBdikTAYhaIjUIDQEDAQEBAQEBAgETAQE?=
 =?us-ascii?q?BCA0JCCkvgjYMDIJvAQICAQECIBVBBgkBAQoODAIYDgICA1QGDQYCAQEBgxyBe?=
 =?us-ascii?q?ggEAacHgS+FQIRagQuKfheBQD+BESeCa4gCglcCj1yQJgmKKYcABhiBWYguhwE?=
 =?us-ascii?q?siUGLFIR3AoIJMxoIMIMngiQCAReOHj0zgQUBAYwhAQE?=
X-IPAS-Result: =?us-ascii?q?A0AaAABYJvhbh0O0hNFjHAEBAQQBAQcEAQGBUgYBAQsBg2s?=
 =?us-ascii?q?UE4N5lBiBYC0UlyeBdikTAYhaIjUIDQEDAQEBAQEBAgETAQEBCA0JCCkvgjYMD?=
 =?us-ascii?q?IJvAQICAQECIBVBBgkBAQoODAIYDgICA1QGDQYCAQEBgxyBeggEAacHgS+FQIR?=
 =?us-ascii?q?agQuKfheBQD+BESeCa4gCglcCj1yQJgmKKYcABhiBWYguhwEsiUGLFIR3AoIJM?=
 =?us-ascii?q?xoIMIMngiQCAReOHj0zgQUBAYwhAQE?=
X-IronPort-AV: E=Sophos;i="5.56,270,1539673200"; 
   d="scan'208";a="53473205"
X-Amp-Result: SKIPPED(no attachment in message)
X-Amp-File-Uploaded: False
Received: from vger.kernel.org ([209.132.180.67])
  by mtab.intel.com with ESMTP; 23 Nov 2018 08:11:16 -0800
Received: (majordomo@vger.kernel.org) by vger.kernel.org via listexpand
        id S2632882AbeKXC4C (ORCPT <rfc822;like.xu@linux.intel.com>
        + 23 others); Fri, 23 Nov 2018 21:56:02 -0500
Received: from mx2.cyber.ee ([193.40.6.72]:57003 "EHLO mx2.cyber.ee"
        rhost-flags-OK-OK-OK-OK) by vger.kernel.org with ESMTP
        id S2632870AbeKXC4B (ORCPT <rfc822;linux-kernel@vger.kernel.org>);
        Fri, 23 Nov 2018 21:56:01 -0500
Subject: Re: NO_BOOTMEM breaks alpha pc164
To: Mike Rapoport <rppt@linux.ibm.com>
Cc: LKML <linux-kernel@vger.kernel.org>, linux-alpha@vger.kernel.org
References: <8c8e3dba-7adf-96c6-195c-311050256743@linux.ee>
 <20181123071448.GE5704@rapoport-lnx>
From: Meelis Roos <mroos@linux.ee>
Message-ID: <78de90df-d88b-d82f-baf1-f0218af7a341@linux.ee>
Date: Fri, 23 Nov 2018 18:11:09 +0200
User-Agent: Mozilla/5.0 (X11; Linux x86_64; rv:60.0) Gecko/20100101
 Thunderbird/60.3.0
MIME-Version: 1.0
In-Reply-To: <20181123071448.GE5704@rapoport-lnx>
Content-Type: text/plain; charset=utf-8; format=flowed
Content-Language: et-EE
Content-Transfer-Encoding: 7bit
Sender: linux-kernel-owner@vger.kernel.org
Precedence: bulk
List-ID: <linux-kernel.vger.kernel.org>
X-Mailing-List: linux-kernel@vger.kernel.org

>> The bad commit is swith to NO_BOOTMEM.
> 
> [ ... ]
>   
>> How do I debug it?
> 
> Apparently, some of the early memory registration is not properly converted
> from bootmem to memblock + nobootmem for your system.
> 
> You can try applying the below patch to enable debug printouts from
> memblock, maybe it'll shed some more light.

Here is the serial console output from a boot with the debug patch applied:

(boot dka0.0.0.5.0 -flags 0)
block 0 of dka0.0.0.5.0 is a valid boot block
reading 161 blocks from dka0.0.0.5.0
bootstrap code read in
base = 180000, image_start = 0, image_bytes = 14200
initializing HWRPB at 2000
initializing page table at 172000
initializing machine state
setting affinity to the primary CPU
jumping to bootstrap code
aboot: Linux/Alpha SRM bootloader version 1.0_pre20040408
aboot: switching to OSF/1 PALcode version 1.23
aboot: booting from device 'SCSI 0 5 0 0 0 0 0'
aboot: valid disklabel found: 4 partitions.
aboot: loading uncompressed test...
aboot: loading compressed test...
aboot: PHDR 0 vaddr 0xfffffc0000310000 offset 0x2000 size 0x79925c
aboot: bss at 0xfffffc0000aa925c, size 0x16469c
aboot: zero-filling 1459868 bytes at 0xfffffc0000aa925c
aboot: starting kernel test with arguments root=/dev/sda2 console=ttyS0
[    0.000000] Linux version 4.20.0-rc2-00068-gda5322e65940-dirty (mroos@pc164) (gcc version 7.3.0 (Gentoo 7.3.0-r3 p1.4)) #115 Fri Nov 23 17:38:17 EET 2018
[    0.000000] Booting on EB164 variation PC164 using machine vector PC164 from SRM
[    0.000000] Major Options: EV56 LEGACY_START VERBOSE_MCHECK DISCONTIGMEM MAGIC_SYSRQ
[    0.000000] Command line: root=/dev/sda2 console=ttyS0
[    0.000000] Raw memory layout:
[    0.000000]  memcluster  0, usage 1, start        0, end      192
[    0.000000]  memcluster  1, usage 0, start      192, end    32651
[    0.000000]  memcluster  2, usage 1, start    32651, end    32768
[    0.000000] Initializing bootmem allocator on Node ID 0
[    0.000000]  memcluster  1, usage 0, start      192, end    32651
[    0.000000]  Detected node memory:   start      192, end    32651
[    0.000000] memblock_add: [0x0000000000000000-0x000000000ff15fff] setup_memory+0x39c/0x478
[    0.000000] memblock_reserve: [0x0000000000300000-0x0000000000c11fff] setup_memory+0x444/0x478
[    0.000000] 1024K Bcache detected; load hit latency 30 cycles, load miss latency 212 cycles
[    0.000000] pci: cia revision 2
[    0.000000] memblock_alloc_try_nid: 104 bytes align=0x20 nid=-1 from=0x0000000000000000 max_addr=0x0000000000000000 alloc_pci_controller+0x2c/0x50
[    0.000000] memblock_reserve: [0x000000000ff15f80-0x000000000ff15fe7] memblock_alloc_internal+0x170/0x278
[    0.000000] memblock_alloc_try_nid: 64 bytes align=0x20 nid=-1 from=0x0000000000000000 max_addr=0x0000000000000000 alloc_resource+0x2c/0x40
[    0.000000] memblock_reserve: [0x000000000ff15f40-0x000000000ff15f7f] memblock_alloc_internal+0x170/0x278
[    0.000000] memblock_alloc_try_nid: 40 bytes align=0x8000 nid=0 from=0x0000000000000000 max_addr=0x0000000000000000 iommu_arena_new_node+0x74/0x1b0
[    0.000000] memblock_reserve: [0x000000000ff10000-0x000000000ff10027] memblock_alloc_internal+0x170/0x278
[    0.000000] memblock_alloc_try_nid: 40 bytes align=0x8000 nid=0 from=0x0000000000000000 max_addr=0x0000000000000000 iommu_arena_new_node+0x104/0x1b0
[    0.000000] memblock_reserve: [0x000000000ff08000-0x000000000ff08027] memblock_alloc_internal+0x170/0x278
[    0.000000] memblock_alloc_try_nid: 1024 bytes align=0x8000 nid=-1 from=0x0000000000000000 max_addr=0x0000000000000000 do_init_arch+0x37c/0x448
[    0.000000] memblock_reserve: [0x000000000ff00000-0x000000000ff003ff] memblock_alloc_internal+0x170/0x278
[    0.000000] memblock_alloc_try_nid_nopanic: 1835008 bytes align=0x20 nid=0 from=0x0000000000000000 max_addr=0x0000000000000000 alloc_node_mem_map+0x7c/0xa8
[    0.000000] memblock_reserve: [0x000000000fd40000-0x000000000fefffff] memblock_alloc_internal+0x170/0x278
[    0.000000] memblock_alloc_try_nid_nopanic: 16 bytes align=0x20 nid=0 from=0x0000000000000000 max_addr=0x0000000000000000 setup_usemap.isra.111+0x5c/0x78
[    0.000000] memblock_reserve: [0x000000000ff15f20-0x000000000ff15f2f] memblock_alloc_internal+0x170/0x278
[    0.000000] memblock_alloc_try_nid: 29 bytes align=0x20 nid=-1 from=0x0000000000000000 max_addr=0x0000000000000000 memblock_alloc.constprop.14+0x28/0x40
[    0.000000] memblock_reserve: [0x000000000ff15f00-0x000000000ff15f1c] memblock_alloc_internal+0x170/0x278
[    0.000000] memblock_alloc_try_nid: 29 bytes align=0x20 nid=-1 from=0x0000000000000000 max_addr=0x0000000000000000 memblock_alloc.constprop.14+0x28/0x40
[    0.000000] memblock_reserve: [0x000000000ff15ee0-0x000000000ff15efc] memblock_alloc_internal+0x170/0x278
[    0.000000] memblock_alloc_try_nid: 29 bytes align=0x20 nid=-1 from=0x0000000000000000 max_addr=0x0000000000000000 memblock_alloc.constprop.14+0x28/0x40
[    0.000000] memblock_reserve: [0x000000000ff15ec0-0x000000000ff15edc] memblock_alloc_internal+0x170/0x278
[    0.000000] memblock_alloc_try_nid_nopanic: 8192 bytes align=0x2000 nid=-1 from=0x0000000000000000 max_addr=0x0000000000000000 pcpu_alloc_alloc_info+0x5c/0xc8
[    0.000000] memblock_reserve: [0x000000000ff12000-0x000000000ff13fff] memblock_alloc_internal+0x170/0x278
[    0.000000] memblock_alloc_try_nid_nopanic: 32768 bytes align=0x2000 nid=-1 from=0x000003ffffffffff max_addr=0x0000000000000000 setup_per_cpu_areas+0x70/0x118
[    0.000000] memblock_reserve: [0x000000000fd38000-0x000000000fd3ffff] memblock_alloc_internal+0x170/0x278
[    0.000000] memblock_alloc_try_nid: 8 bytes align=0x20 nid=-1 from=0x0000000000000000 max_addr=0x0000000000000000 memblock_alloc.constprop.29+0x28/0x40
[    0.000000] memblock_reserve: [0x000000000ff15ea0-0x000000000ff15ea7] memblock_alloc_internal+0x170/0x278
[    0.000000] memblock_alloc_try_nid: 8 bytes align=0x20 nid=-1 from=0x0000000000000000 max_addr=0x0000000000000000 memblock_alloc.constprop.29+0x28/0x40
[    0.000000] memblock_reserve: [0x000000000ff15e80-0x000000000ff15e87] memblock_alloc_internal+0x170/0x278
[    0.000000] memblock_alloc_try_nid: 4 bytes align=0x20 nid=-1 from=0x0000000000000000 max_addr=0x0000000000000000 memblock_alloc.constprop.29+0x28/0x40
[    0.000000] memblock_reserve: [0x000000000ff15e60-0x000000000ff15e63] memblock_alloc_internal+0x170/0x278
[    0.000000] memblock_alloc_try_nid: 8 bytes align=0x20 nid=-1 from=0x0000000000000000 max_addr=0x0000000000000000 memblock_alloc.constprop.29+0x28/0x40
[    0.000000] memblock_reserve: [0x000000000ff15e40-0x000000000ff15e47] memblock_alloc_internal+0x170/0x278
[    0.000000] memblock_alloc_try_nid: 240 bytes align=0x20 nid=-1 from=0x0000000000000000 max_addr=0x0000000000000000 memblock_alloc.constprop.29+0x28/0x40
[    0.000000] memblock_reserve: [0x000000000ff15d40-0x000000000ff15e2f] memblock_alloc_internal+0x170/0x278
[    0.000000] memblock_alloc_try_nid: 105 bytes align=0x20 nid=-1 from=0x0000000000000000 max_addr=0x0000000000000000 memblock_alloc.constprop.29+0x28/0x40
[    0.000000] memblock_reserve: [0x000000000ff15cc0-0x000000000ff15d28] memblock_alloc_internal+0x170/0x278
[    0.000000] memblock_alloc_try_nid: 1024 bytes align=0x20 nid=-1 from=0x0000000000000000 max_addr=0x0000000000000000 memblock_alloc.constprop.29+0x28/0x40
[    0.000000] memblock_reserve: [0x000000000ff158c0-0x000000000ff15cbf] memblock_alloc_internal+0x170/0x278
[    0.000000] memblock_alloc_try_nid: 1032 bytes align=0x20 nid=-1 from=0x0000000000000000 max_addr=0x0000000000000000 memblock_alloc.constprop.29+0x28/0x40
[    0.000000] memblock_reserve: [0x000000000ff154a0-0x000000000ff158a7] memblock_alloc_internal+0x170/0x278
[    0.000000] memblock_alloc_try_nid: 80 bytes align=0x20 nid=-1 from=0x0000000000000000 max_addr=0x0000000000000000 memblock_alloc.constprop.29+0x28/0x40
[    0.000000] memblock_reserve: [0x000000000ff15440-0x000000000ff1548f] memblock_alloc_internal+0x170/0x278
[    0.000000] __memblock_free_early: [0x000000000ff12000-0x000000000ff13fff] pcpu_free_alloc_info+0x2c/0x40
[    0.000000] Built 1 zonelists, mobility grouping on.  Total pages: 32427
[    0.000000] Kernel command line: root=/dev/sda2 console=ttyS0
[    0.000000] memblock_alloc_try_nid_nopanic: 262144 bytes align=0x20 nid=-1 from=0x0000000000000000 max_addr=0x0000000000000000 alloc_large_system_hash+0x258/0x3dc
[    0.000000] memblock_reserve: [0x000000000fcf8000-0x000000000fd37fff] memblock_alloc_internal+0x170/0x278
[    0.000000] Dentry cache hash table entries: 32768 (order: 5, 262144 bytes)
[    0.000000] memblock_alloc_try_nid_nopanic: 131072 bytes align=0x20 nid=-1 from=0x0000000000000000 max_addr=0x0000000000000000 alloc_large_system_hash+0x258/0x3dc
[    0.000000] memblock_reserve: [0x000000000fcd8000-0x000000000fcf7fff] memblock_alloc_internal+0x170/0x278
[    0.000000] Inode-cache hash table entries: 16384 (order: 4, 131072 bytes)
[    0.000000] Sorting __ex_table...
[    0.000000] Memory: 249680K/261208K available (5455K kernel code, 372K rwdata, 1740K rodata, 200K init, 1425K bss, 11528K reserved, 0K cma-reserved)
[    0.000000] SLUB: HWalign=32, Order=0-3, MinObjects=0, CPUs=1, Nodes=128
[    0.000000] NR_IRQS: 35
[    0.000000] clocksource: rpcc: mask: 0xffffffff max_cycles: 0xffffffff, max_idle_ns: 3822520893 ns
[    0.001953] Console: colour VGA+ 80x25
[    0.074218] printk: console [ttyS0] enabled
[    0.076171] Calibrating delay loop... 985.92 BogoMIPS (lpj=480768)
[    0.084960] pid_max: default: 32768 minimum: 301
[    0.086914] Mount-cache hash table entries: 1024 (order: 0, 8192 bytes)
[    0.087890] Mountpoint-cache hash table entries: 1024 (order: 0, 8192 bytes)
[    0.098632] devtmpfs: initialized
[    0.101562] random: get_random_u32 called from bucket_table_alloc.isra.19+0xbc/0x280 with crng_init=0
[    0.102539] clocksource: jiffies: mask: 0xffffffff max_cycles: 0xffffffff, max_idle_ns: 1866466235866741 ns
[    0.103515] futex hash table entries: 256 (order: -1, 6144 bytes)
[    0.106445] NET: Registered protocol family 16
[    0.108398] pci: passed tb register update test
[    0.109374] pci: passed sg loopback i/o read test
[    0.110351] pci: passed tbia test
[    0.111328] pci: passed pte write cache snoop test

halted CPU 0

halt code = 7
machine check while in PAL mode
PC = 1814c
boot failure
>>>

-- 
Meelis Roos <mroos@linux.ee>
